loading ESMFold...
Some weights of EsmForProteinFolding were not initialized from the model checkpoint at /mnt/quarkfs/share_model/esmfold_v1 and are newly initialized: ['esm.contact_head.regression.bias', 'esm.contact_head.regression.weight']
You should probably TRAIN this model on a down-stream task to be able to use it for predictions and inference.
counts: {0.0: 12, 0.5: 12, 1.0: 12, 2.0: 12, 4.0: 12, 8.0: 12, 16.0: 12}
/data/wanghaoxiong/Mechanist-DNA-experiment/simple_20260819_v4/experiments/run_esmfold_struct_by_dose.py:89: RuntimeWarning: Mean of empty slice
  m=lambda x:float(np.nanmean(x)) if x else float("nan")
/data/wanghaoxiong/miniconda3/envs/scientist/lib/python3.11/site-packages/numpy/lib/_nanfunctions_impl.py:1997: RuntimeWarning: Degrees of freedom <= 0 for slice.
  var = nanvar(a, axis=axis, dtype=dtype, out=out, ddof=ddof,
a=  0.0 n=12 pLDDT= 55.2 struct%H=  nan± nan struct%E=  nan len= 70.2
/data/wanghaoxiong/Mechanist-DNA-experiment/simple_20260819_v4/experiments/run_esmfold_struct_by_dose.py:89: RuntimeWarning: Mean of empty slice
  m=lambda x:float(np.nanmean(x)) if x else float("nan")
/data/wanghaoxiong/miniconda3/envs/scientist/lib/python3.11/site-packages/numpy/lib/_nanfunctions_impl.py:1997: RuntimeWarning: Degrees of freedom <= 0 for slice.
  var = nanvar(a, axis=axis, dtype=dtype, out=out, ddof=ddof,
a=  0.5 n=12 pLDDT= 63.9 struct%H=  nan± nan struct%E=  nan len= 60.0
/data/wanghaoxiong/Mechanist-DNA-experiment/simple_20260819_v4/experiments/run_esmfold_struct_by_dose.py:89: RuntimeWarning: Mean of empty slice
  m=lambda x:float(np.nanmean(x)) if x else float("nan")
/data/wanghaoxiong/miniconda3/envs/scientist/lib/python3.11/site-packages/numpy/lib/_nanfunctions_impl.py:1997: RuntimeWarning: Degrees of freedom <= 0 for slice.
  var = nanvar(a, axis=axis, dtype=dtype, out=out, ddof=ddof,
a=  1.0 n=12 pLDDT= 61.5 struct%H=  nan± nan struct%E=  nan len= 70.5
/data/wanghaoxiong/Mechanist-DNA-experiment/simple_20260819_v4/experiments/run_esmfold_struct_by_dose.py:89: RuntimeWarning: Mean of empty slice
  m=lambda x:float(np.nanmean(x)) if x else float("nan")
/data/wanghaoxiong/miniconda3/envs/scientist/lib/python3.11/site-packages/numpy/lib/_nanfunctions_impl.py:1997: RuntimeWarning: Degrees of freedom <= 0 for slice.
  var = nanvar(a, axis=axis, dtype=dtype, out=out, ddof=ddof,
a=  2.0 n=12 pLDDT= 58.0 struct%H=  nan± nan struct%E=  nan len= 73.8
/data/wanghaoxiong/Mechanist-DNA-experiment/simple_20260819_v4/experiments/run_esmfold_struct_by_dose.py:89: RuntimeWarning: Mean of empty slice
  m=lambda x:float(np.nanmean(x)) if x else float("nan")
/data/wanghaoxiong/miniconda3/envs/scientist/lib/python3.11/site-packages/numpy/lib/_nanfunctions_impl.py:1997: RuntimeWarning: Degrees of freedom <= 0 for slice.
  var = nanvar(a, axis=axis, dtype=dtype, out=out, ddof=ddof,
a=  4.0 n=12 pLDDT= 56.0 struct%H=  nan± nan struct%E=  nan len= 61.5
