[M4a] min_headset_layer=5
[M4a] pre_head_layers=[0, 1, 2, 3, 4]
[M4a] loading data …
[M4a] belief_core: 1589 items
[M4a] belief_holdout: 2569 items
[M4a] loading model …
`torch_dtype` is deprecated! Use `dtype` instead!
[M4a] extracting belief_core residuals …
[M4a] extracting belief_holdout residuals …
/mnt/quarkfs/xuweihong/miniconda3/envs/scientist/lib/python3.11/site-packages/sklearn/linear_model/_logistic.py:1457: FutureWarning: 'n_jobs' has no effect since 1.8 and will be removed in 1.10. You provided 'n_jobs=1', please leave it unspecified.
  warnings.warn(msg, category=FutureWarning)
[M4a] layer L=0  val_acc=0.3975  val_mf1=0.2263
/mnt/quarkfs/xuweihong/miniconda3/envs/scientist/lib/python3.11/site-packages/sklearn/linear_model/_logistic.py:1457: FutureWarning: 'n_jobs' has no effect since 1.8 and will be removed in 1.10. You provided 'n_jobs=1', please leave it unspecified.
  warnings.warn(msg, category=FutureWarning)
[M4a] layer L=1  val_acc=1.0000  val_mf1=1.0000
/mnt/quarkfs/xuweihong/miniconda3/envs/scientist/lib/python3.11/site-packages/sklearn/linear_model/_logistic.py:1457: FutureWarning: 'n_jobs' has no effect since 1.8 and will be removed in 1.10. You provided 'n_jobs=1', please leave it unspecified.
  warnings.warn(msg, category=FutureWarning)
[M4a] layer L=2  val_acc=1.0000  val_mf1=1.0000
/mnt/quarkfs/xuweihong/miniconda3/envs/scientist/lib/python3.11/site-packages/sklearn/linear_model/_logistic.py:1457: FutureWarning: 'n_jobs' has no effect since 1.8 and will be removed in 1.10. You provided 'n_jobs=1', please leave it unspecified.
  warnings.warn(msg, category=FutureWarning)
[M4a] layer L=3  val_acc=1.0000  val_mf1=1.0000
/mnt/quarkfs/xuweihong/miniconda3/envs/scientist/lib/python3.11/site-packages/sklearn/linear_model/_logistic.py:1457: FutureWarning: 'n_jobs' has no effect since 1.8 and will be removed in 1.10. You provided 'n_jobs=1', please leave it unspecified.
  warnings.warn(msg, category=FutureWarning)
[M4a] layer L=4  val_acc=1.0000  val_mf1=1.0000
[M4a] best L* = 1  val_mf1=1.0000
/mnt/quarkfs/xuweihong/miniconda3/envs/scientist/lib/python3.11/site-packages/sklearn/linear_model/_logistic.py:1457: FutureWarning: 'n_jobs' has no effect since 1.8 and will be removed in 1.10. You provided 'n_jobs=1', please leave it unspecified.
  warnings.warn(msg, category=FutureWarning)
[M4a] DONE  L*=1  ood_mf1=0.9930
