[M4c] model=pythia-1b alpha=2.0 seed=201
[M4c] L*=1
[M4c] |HS_personal|=3 |HS_attributed|=1
[M4c] belief_holdout: 2569 items
`torch_dtype` is deprecated! Use `dtype` instead!
[M4c] baseline eval …
    eval 100/2569  acc=0.870
    eval 200/2569  acc=0.865
    eval 300/2569  acc=0.867
    eval 400/2569  acc=0.830
    eval 500/2569  acc=0.782
    eval 600/2569  acc=0.818
    eval 700/2569  acc=0.836
    eval 800/2569  acc=0.760
    eval 900/2569  acc=0.738
    eval 1000/2569  acc=0.728
    eval 1100/2569  acc=0.721
    eval 1200/2569  acc=0.736
    eval 1300/2569  acc=0.716
    eval 1400/2569  acc=0.720
    eval 1500/2569  acc=0.723
    eval 1600/2569  acc=0.734
    eval 1700/2569  acc=0.741
    eval 1800/2569  acc=0.738
    eval 1900/2569  acc=0.745
    eval 2000/2569  acc=0.750
    eval 2100/2569  acc=0.757
    eval 2200/2569  acc=0.756
    eval 2300/2569  acc=0.750
    eval 2400/2569  acc=0.755
    eval 2500/2569  acc=0.750
[M4c] baseline acc=0.7474
[M4c] amplifier eval …
    eval 100/2569  acc=0.870
    eval 200/2569  acc=0.865
    eval 300/2569  acc=0.867
    eval 400/2569  acc=0.863
    eval 500/2569  acc=0.872
    eval 600/2569  acc=0.893
    eval 700/2569  acc=0.909
    eval 800/2569  acc=0.828
    eval 900/2569  acc=0.804
    eval 1000/2569  acc=0.799
    eval 1100/2569  acc=0.807
    eval 1200/2569  acc=0.818
    eval 1300/2569  acc=0.805
    eval 1400/2569  acc=0.809
    eval 1500/2569  acc=0.815
    eval 1600/2569  acc=0.826
    eval 1700/2569  acc=0.834
    eval 1800/2569  acc=0.838
    eval 1900/2569  acc=0.844
    eval 2000/2569  acc=0.851
    eval 2100/2569  acc=0.855
    eval 2200/2569  acc=0.860
    eval 2300/2569  acc=0.857
    eval 2400/2569  acc=0.861
    eval 2500/2569  acc=0.864
[M4c] amplifier acc=0.8653
[M4c] DONE net_imp(PB)=138 net_imp(AB)=165 wk_delta=0.0
