[M4c] model=pythia-2.8b alpha=3.0 seed=42
[M4c] L*=1
[M4c] |HS_personal|=13 |HS_attributed|=1
[M4c] belief_holdout: 2569 items
`torch_dtype` is deprecated! Use `dtype` instead!
[M4c] baseline eval …
    eval 100/2569  acc=0.930
    eval 200/2569  acc=0.900
    eval 300/2569  acc=0.900
    eval 400/2569  acc=0.895
    eval 500/2569  acc=0.916
    eval 600/2569  acc=0.930
    eval 700/2569  acc=0.940
    eval 800/2569  acc=0.943
    eval 900/2569  acc=0.927
    eval 1000/2569  acc=0.922
    eval 1100/2569  acc=0.918
    eval 1200/2569  acc=0.922
    eval 1300/2569  acc=0.928
    eval 1400/2569  acc=0.933
    eval 1500/2569  acc=0.933
    eval 1600/2569  acc=0.929
    eval 1700/2569  acc=0.926
    eval 1800/2569  acc=0.921
    eval 1900/2569  acc=0.913
    eval 2000/2569  acc=0.913
    eval 2100/2569  acc=0.909
    eval 2200/2569  acc=0.908
    eval 2300/2569  acc=0.903
    eval 2400/2569  acc=0.898
    eval 2500/2569  acc=0.892
[M4c] baseline acc=0.8863
[M4c] amplifier eval …
    eval 100/2569  acc=0.930
    eval 200/2569  acc=0.900
    eval 300/2569  acc=0.900
    eval 400/2569  acc=0.895
    eval 500/2569  acc=0.916
    eval 600/2569  acc=0.930
    eval 700/2569  acc=0.940
    eval 800/2569  acc=0.948
    eval 900/2569  acc=0.947
    eval 1000/2569  acc=0.952
    eval 1100/2569  acc=0.955
    eval 1200/2569  acc=0.958
    eval 1300/2569  acc=0.962
    eval 1400/2569  acc=0.964
    eval 1500/2569  acc=0.963
    eval 1600/2569  acc=0.960
    eval 1700/2569  acc=0.958
    eval 1800/2569  acc=0.953
    eval 1900/2569  acc=0.949
    eval 2000/2569  acc=0.950
    eval 2100/2569  acc=0.943
    eval 2200/2569  acc=0.939
    eval 2300/2569  acc=0.934
    eval 2400/2569  acc=0.931
    eval 2500/2569  acc=0.925
[M4c] amplifier acc=0.9202
[M4c] DONE net_imp(PB)=45 net_imp(AB)=42 wk_delta=0.0
