[M4d] model=pythia-2.8b
`torch_dtype` is deprecated! Use `dtype` instead!
[M4d] belief_holdout: 2569 items
[M4d] 100/2569
[M4d] 200/2569
[M4d] 300/2569
[M4d] 400/2569
[M4d] 500/2569
[M4d] 600/2569
[M4d] 700/2569
[M4d] 800/2569
[M4d] 900/2569
[M4d] 1000/2569
[M4d] 1100/2569
[M4d] 1200/2569
[M4d] 1300/2569
[M4d] 1400/2569
[M4d] 1500/2569
[M4d] 1600/2569
[M4d] 1700/2569
[M4d] 1800/2569
[M4d] 1900/2569
[M4d] 2000/2569
[M4d] 2100/2569
[M4d] 2200/2569
[M4d] 2300/2569
[M4d] 2400/2569
[M4d] 2500/2569
[M4d] DONE personal_belief_net=-25 attributed_belief_net=49
