[M4e] model=pythia-1b alpha=2.0
`torch_dtype` is deprecated! Use `dtype` instead!
[M4e] pile: 5000 windows × 2048 tokens
[M4e] clean PPL …
  pile 100/5000  running_ppl=8.455
  pile 200/5000  running_ppl=8.271
  pile 300/5000  running_ppl=8.349
  pile 400/5000  running_ppl=8.315
  pile 500/5000  running_ppl=8.207
  pile 600/5000  running_ppl=8.310
  pile 700/5000  running_ppl=8.310
  pile 800/5000  running_ppl=8.272
  pile 900/5000  running_ppl=8.360
  pile 1000/5000  running_ppl=8.390
  pile 1100/5000  running_ppl=8.447
  pile 1200/5000  running_ppl=8.478
  pile 1300/5000  running_ppl=8.436
  pile 1400/5000  running_ppl=8.456
  pile 1500/5000  running_ppl=8.472
  pile 1600/5000  running_ppl=8.463
  pile 1700/5000  running_ppl=8.497
  pile 1800/5000  running_ppl=8.487
  pile 1900/5000  running_ppl=8.456
  pile 2000/5000  running_ppl=8.483
  pile 2100/5000  running_ppl=8.474
  pile 2200/5000  running_ppl=8.450
  pile 2300/5000  running_ppl=8.428
  pile 2400/5000  running_ppl=8.434
  pile 2500/5000  running_ppl=8.481
  pile 2600/5000  running_ppl=8.466
  pile 2700/5000  running_ppl=8.445
  pile 2800/5000  running_ppl=8.456
  pile 2900/5000  running_ppl=8.469
  pile 3000/5000  running_ppl=8.481
  pile 3100/5000  running_ppl=8.480
  pile 3200/5000  running_ppl=8.476
  pile 3300/5000  running_ppl=8.474
  pile 3400/5000  running_ppl=8.483
  pile 3500/5000  running_ppl=8.490
  pile 3600/5000  running_ppl=8.538
  pile 3700/5000  running_ppl=8.542
  pile 3800/5000  running_ppl=8.527
  pile 3900/5000  running_ppl=8.525
  pile 4000/5000  running_ppl=8.498
  pile 4100/5000  running_ppl=8.486
  pile 4200/5000  running_ppl=8.450
  pile 4300/5000  running_ppl=8.450
  pile 4400/5000  running_ppl=8.455
  pile 4500/5000  running_ppl=8.448
  pile 4600/5000  running_ppl=8.448
  pile 4700/5000  running_ppl=8.452
  pile 4800/5000  running_ppl=8.459
  pile 4900/5000  running_ppl=8.460
  pile 5000/5000  running_ppl=8.472
[M4e] clean PPL = 8.4721
[M4e] amplifier PPL …
  pile 100/5000  running_ppl=8.592
  pile 200/5000  running_ppl=8.414
  pile 300/5000  running_ppl=8.490
  pile 400/5000  running_ppl=8.458
  pile 500/5000  running_ppl=8.348
  pile 600/5000  running_ppl=8.452
  pile 700/5000  running_ppl=8.450
  pile 800/5000  running_ppl=8.412
  pile 900/5000  running_ppl=8.501
  pile 1000/5000  running_ppl=8.532
  pile 1100/5000  running_ppl=8.589
  pile 1200/5000  running_ppl=8.621
  pile 1300/5000  running_ppl=8.578
  pile 1400/5000  running_ppl=8.598
  pile 1500/5000  running_ppl=8.616
  pile 1600/5000  running_ppl=8.607
  pile 1700/5000  running_ppl=8.641
  pile 1800/5000  running_ppl=8.631
  pile 1900/5000  running_ppl=8.599
  pile 2000/5000  running_ppl=8.627
  pile 2100/5000  running_ppl=8.617
  pile 2200/5000  running_ppl=8.593
  pile 2300/5000  running_ppl=8.571
  pile 2400/5000  running_ppl=8.576
  pile 2500/5000  running_ppl=8.625
  pile 2600/5000  running_ppl=8.609
  pile 2700/5000  running_ppl=8.587
  pile 2800/5000  running_ppl=8.598
  pile 2900/5000  running_ppl=8.613
  pile 3000/5000  running_ppl=8.625
  pile 3100/5000  running_ppl=8.624
  pile 3200/5000  running_ppl=8.620
  pile 3300/5000  running_ppl=8.617
  pile 3400/5000  running_ppl=8.626
  pile 3500/5000  running_ppl=8.634
  pile 3600/5000  running_ppl=8.682
  pile 3700/5000  running_ppl=8.686
  pile 3800/5000  running_ppl=8.671
  pile 3900/5000  running_ppl=8.668
  pile 4000/5000  running_ppl=8.641
  pile 4100/5000  running_ppl=8.629
  pile 4200/5000  running_ppl=8.592
  pile 4300/5000  running_ppl=8.592
  pile 4400/5000  running_ppl=8.597
  pile 4500/5000  running_ppl=8.590
  pile 4600/5000  running_ppl=8.590
  pile 4700/5000  running_ppl=8.594
  pile 4800/5000  running_ppl=8.601
  pile 4900/5000  running_ppl=8.602
  pile 5000/5000  running_ppl=8.615
[M4e] amp PPL = 8.6151 ratio=1.0169
