[M4e] model=pythia-1b alpha=1.5
`torch_dtype` is deprecated! Use `dtype` instead!
[M4e] pile: 5000 windows × 2048 tokens
[M4e] clean PPL …
  pile 100/5000  running_ppl=8.455
  pile 200/5000  running_ppl=8.271
  pile 300/5000  running_ppl=8.349
  pile 400/5000  running_ppl=8.315
  pile 500/5000  running_ppl=8.207
  pile 600/5000  running_ppl=8.310
  pile 700/5000  running_ppl=8.310
  pile 800/5000  running_ppl=8.272
  pile 900/5000  running_ppl=8.360
  pile 1000/5000  running_ppl=8.390
  pile 1100/5000  running_ppl=8.447
  pile 1200/5000  running_ppl=8.478
  pile 1300/5000  running_ppl=8.436
  pile 1400/5000  running_ppl=8.456
  pile 1500/5000  running_ppl=8.472
  pile 1600/5000  running_ppl=8.463
  pile 1700/5000  running_ppl=8.497
  pile 1800/5000  running_ppl=8.487
  pile 1900/5000  running_ppl=8.456
  pile 2000/5000  running_ppl=8.483
  pile 2100/5000  running_ppl=8.474
  pile 2200/5000  running_ppl=8.450
  pile 2300/5000  running_ppl=8.428
  pile 2400/5000  running_ppl=8.434
  pile 2500/5000  running_ppl=8.481
  pile 2600/5000  running_ppl=8.466
  pile 2700/5000  running_ppl=8.445
  pile 2800/5000  running_ppl=8.456
  pile 2900/5000  running_ppl=8.469
  pile 3000/5000  running_ppl=8.481
  pile 3100/5000  running_ppl=8.480
  pile 3200/5000  running_ppl=8.476
  pile 3300/5000  running_ppl=8.474
  pile 3400/5000  running_ppl=8.483
  pile 3500/5000  running_ppl=8.490
  pile 3600/5000  running_ppl=8.538
  pile 3700/5000  running_ppl=8.542
  pile 3800/5000  running_ppl=8.527
  pile 3900/5000  running_ppl=8.525
  pile 4000/5000  running_ppl=8.498
  pile 4100/5000  running_ppl=8.486
  pile 4200/5000  running_ppl=8.450
  pile 4300/5000  running_ppl=8.450
  pile 4400/5000  running_ppl=8.455
  pile 4500/5000  running_ppl=8.448
  pile 4600/5000  running_ppl=8.448
  pile 4700/5000  running_ppl=8.452
  pile 4800/5000  running_ppl=8.459
  pile 4900/5000  running_ppl=8.460
  pile 5000/5000  running_ppl=8.472
[M4e] clean PPL = 8.4721
[M4e] amplifier PPL …
  pile 100/5000  running_ppl=8.488
  pile 200/5000  running_ppl=8.306
  pile 300/5000  running_ppl=8.384
  pile 400/5000  running_ppl=8.350
  pile 500/5000  running_ppl=8.242
  pile 600/5000  running_ppl=8.345
  pile 700/5000  running_ppl=8.345
  pile 800/5000  running_ppl=8.307
  pile 900/5000  running_ppl=8.395
  pile 1000/5000  running_ppl=8.425
  pile 1100/5000  running_ppl=8.482
  pile 1200/5000  running_ppl=8.514
  pile 1300/5000  running_ppl=8.472
  pile 1400/5000  running_ppl=8.491
  pile 1500/5000  running_ppl=8.508
  pile 1600/5000  running_ppl=8.499
  pile 1700/5000  running_ppl=8.533
  pile 1800/5000  running_ppl=8.523
  pile 1900/5000  running_ppl=8.492
  pile 2000/5000  running_ppl=8.519
  pile 2100/5000  running_ppl=8.509
  pile 2200/5000  running_ppl=8.485
  pile 2300/5000  running_ppl=8.463
  pile 2400/5000  running_ppl=8.469
  pile 2500/5000  running_ppl=8.517
  pile 2600/5000  running_ppl=8.502
  pile 2700/5000  running_ppl=8.480
  pile 2800/5000  running_ppl=8.491
  pile 2900/5000  running_ppl=8.505
  pile 3000/5000  running_ppl=8.517
  pile 3100/5000  running_ppl=8.516
  pile 3200/5000  running_ppl=8.512
  pile 3300/5000  running_ppl=8.509
  pile 3400/5000  running_ppl=8.518
  pile 3500/5000  running_ppl=8.526
  pile 3600/5000  running_ppl=8.574
  pile 3700/5000  running_ppl=8.578
  pile 3800/5000  running_ppl=8.563
  pile 3900/5000  running_ppl=8.560
  pile 4000/5000  running_ppl=8.534
  pile 4100/5000  running_ppl=8.521
  pile 4200/5000  running_ppl=8.486
  pile 4300/5000  running_ppl=8.485
  pile 4400/5000  running_ppl=8.490
  pile 4500/5000  running_ppl=8.483
  pile 4600/5000  running_ppl=8.483
  pile 4700/5000  running_ppl=8.487
  pile 4800/5000  running_ppl=8.494
  pile 4900/5000  running_ppl=8.495
  pile 5000/5000  running_ppl=8.507
[M4e] amp PPL = 8.5074 ratio=1.0042
