[M4e] model=pythia-1b alpha=3.0
`torch_dtype` is deprecated! Use `dtype` instead!
[M4e] pile: 5000 windows × 2048 tokens
[M4e] clean PPL …
  pile 100/5000  running_ppl=8.455
  pile 200/5000  running_ppl=8.271
  pile 300/5000  running_ppl=8.349
  pile 400/5000  running_ppl=8.315
  pile 500/5000  running_ppl=8.207
  pile 600/5000  running_ppl=8.310
  pile 700/5000  running_ppl=8.310
  pile 800/5000  running_ppl=8.272
  pile 900/5000  running_ppl=8.360
  pile 1000/5000  running_ppl=8.390
  pile 1100/5000  running_ppl=8.447
  pile 1200/5000  running_ppl=8.478
  pile 1300/5000  running_ppl=8.436
  pile 1400/5000  running_ppl=8.456
  pile 1500/5000  running_ppl=8.472
  pile 1600/5000  running_ppl=8.463
  pile 1700/5000  running_ppl=8.497
  pile 1800/5000  running_ppl=8.487
  pile 1900/5000  running_ppl=8.456
  pile 2000/5000  running_ppl=8.483
  pile 2100/5000  running_ppl=8.474
  pile 2200/5000  running_ppl=8.450
  pile 2300/5000  running_ppl=8.428
  pile 2400/5000  running_ppl=8.434
  pile 2500/5000  running_ppl=8.481
  pile 2600/5000  running_ppl=8.466
  pile 2700/5000  running_ppl=8.445
  pile 2800/5000  running_ppl=8.456
  pile 2900/5000  running_ppl=8.469
  pile 3000/5000  running_ppl=8.481
  pile 3100/5000  running_ppl=8.480
  pile 3200/5000  running_ppl=8.476
  pile 3300/5000  running_ppl=8.474
  pile 3400/5000  running_ppl=8.483
  pile 3500/5000  running_ppl=8.490
  pile 3600/5000  running_ppl=8.538
  pile 3700/5000  running_ppl=8.542
  pile 3800/5000  running_ppl=8.527
  pile 3900/5000  running_ppl=8.525
  pile 4000/5000  running_ppl=8.498
  pile 4100/5000  running_ppl=8.486
  pile 4200/5000  running_ppl=8.450
  pile 4300/5000  running_ppl=8.450
  pile 4400/5000  running_ppl=8.455
  pile 4500/5000  running_ppl=8.448
  pile 4600/5000  running_ppl=8.448
  pile 4700/5000  running_ppl=8.452
  pile 4800/5000  running_ppl=8.459
  pile 4900/5000  running_ppl=8.460
  pile 5000/5000  running_ppl=8.472
[M4e] clean PPL = 8.4721
[M4e] amplifier PPL …
  pile 100/5000  running_ppl=9.093
  pile 200/5000  running_ppl=8.925
  pile 300/5000  running_ppl=8.989
  pile 400/5000  running_ppl=8.965
  pile 500/5000  running_ppl=8.844
  pile 600/5000  running_ppl=8.953
  pile 700/5000  running_ppl=8.947
  pile 800/5000  running_ppl=8.907
  pile 900/5000  running_ppl=8.998
  pile 1000/5000  running_ppl=9.033
  pile 1100/5000  running_ppl=9.089
  pile 1200/5000  running_ppl=9.124
  pile 1300/5000  running_ppl=9.075
  pile 1400/5000  running_ppl=9.096
  pile 1500/5000  running_ppl=9.116
  pile 1600/5000  running_ppl=9.111
  pile 1700/5000  running_ppl=9.148
  pile 1800/5000  running_ppl=9.137
  pile 1900/5000  running_ppl=9.102
  pile 2000/5000  running_ppl=9.132
  pile 2100/5000  running_ppl=9.123
  pile 2200/5000  running_ppl=9.098
  pile 2300/5000  running_ppl=9.077
  pile 2400/5000  running_ppl=9.081
  pile 2500/5000  running_ppl=9.131
  pile 2600/5000  running_ppl=9.113
  pile 2700/5000  running_ppl=9.090
  pile 2800/5000  running_ppl=9.102
  pile 2900/5000  running_ppl=9.119
  pile 3000/5000  running_ppl=9.132
  pile 3100/5000  running_ppl=9.131
  pile 3200/5000  running_ppl=9.126
  pile 3300/5000  running_ppl=9.123
  pile 3400/5000  running_ppl=9.132
  pile 3500/5000  running_ppl=9.139
  pile 3600/5000  running_ppl=9.190
  pile 3700/5000  running_ppl=9.196
  pile 3800/5000  running_ppl=9.180
  pile 3900/5000  running_ppl=9.177
  pile 4000/5000  running_ppl=9.148
  pile 4100/5000  running_ppl=9.135
  pile 4200/5000  running_ppl=9.095
  pile 4300/5000  running_ppl=9.094
  pile 4400/5000  running_ppl=9.100
  pile 4500/5000  running_ppl=9.092
  pile 4600/5000  running_ppl=9.094
  pile 4700/5000  running_ppl=9.098
  pile 4800/5000  running_ppl=9.106
  pile 4900/5000  running_ppl=9.107
  pile 5000/5000  running_ppl=9.121
[M4e] amp PPL = 9.1208 ratio=1.0766
