[M4e] model=pythia-2.8b alpha=2.0
`torch_dtype` is deprecated! Use `dtype` instead!
[M4e] pile: 5000 windows × 2048 tokens
[M4e] clean PPL …
  pile 100/5000  running_ppl=7.105
  pile 200/5000  running_ppl=6.941
  pile 300/5000  running_ppl=6.993
  pile 400/5000  running_ppl=6.969
  pile 500/5000  running_ppl=6.890
  pile 600/5000  running_ppl=6.985
  pile 700/5000  running_ppl=6.990
  pile 800/5000  running_ppl=6.967
  pile 900/5000  running_ppl=7.039
  pile 1000/5000  running_ppl=7.059
  pile 1100/5000  running_ppl=7.104
  pile 1200/5000  running_ppl=7.131
  pile 1300/5000  running_ppl=7.102
  pile 1400/5000  running_ppl=7.114
  pile 1500/5000  running_ppl=7.123
  pile 1600/5000  running_ppl=7.115
  pile 1700/5000  running_ppl=7.141
  pile 1800/5000  running_ppl=7.127
  pile 1900/5000  running_ppl=7.100
  pile 2000/5000  running_ppl=7.121
  pile 2100/5000  running_ppl=7.114
  pile 2200/5000  running_ppl=7.097
  pile 2300/5000  running_ppl=7.081
  pile 2400/5000  running_ppl=7.088
  pile 2500/5000  running_ppl=7.125
  pile 2600/5000  running_ppl=7.112
  pile 2700/5000  running_ppl=7.097
  pile 2800/5000  running_ppl=7.103
  pile 2900/5000  running_ppl=7.109
  pile 3000/5000  running_ppl=7.114
  pile 3100/5000  running_ppl=7.110
  pile 3200/5000  running_ppl=7.109
  pile 3300/5000  running_ppl=7.108
  pile 3400/5000  running_ppl=7.117
  pile 3500/5000  running_ppl=7.122
  pile 3600/5000  running_ppl=7.159
  pile 3700/5000  running_ppl=7.162
  pile 3800/5000  running_ppl=7.151
  pile 3900/5000  running_ppl=7.151
  pile 4000/5000  running_ppl=7.129
  pile 4100/5000  running_ppl=7.118
  pile 4200/5000  running_ppl=7.089
  pile 4300/5000  running_ppl=7.089
  pile 4400/5000  running_ppl=7.093
  pile 4500/5000  running_ppl=7.087
  pile 4600/5000  running_ppl=7.087
  pile 4700/5000  running_ppl=7.088
  pile 4800/5000  running_ppl=7.093
  pile 4900/5000  running_ppl=7.093
  pile 5000/5000  running_ppl=7.104
[M4e] clean PPL = 7.1039
[M4e] amplifier PPL …
  pile 100/5000  running_ppl=7.210
  pile 200/5000  running_ppl=7.044
  pile 300/5000  running_ppl=7.094
  pile 400/5000  running_ppl=7.067
  pile 500/5000  running_ppl=6.987
  pile 600/5000  running_ppl=7.083
  pile 700/5000  running_ppl=7.087
  pile 800/5000  running_ppl=7.063
  pile 900/5000  running_ppl=7.135
  pile 1000/5000  running_ppl=7.157
  pile 1100/5000  running_ppl=7.203
  pile 1200/5000  running_ppl=7.230
  pile 1300/5000  running_ppl=7.201
  pile 1400/5000  running_ppl=7.214
  pile 1500/5000  running_ppl=7.223
  pile 1600/5000  running_ppl=7.214
  pile 1700/5000  running_ppl=7.242
  pile 1800/5000  running_ppl=7.228
  pile 1900/5000  running_ppl=7.201
  pile 2000/5000  running_ppl=7.221
  pile 2100/5000  running_ppl=7.214
  pile 2200/5000  running_ppl=7.196
  pile 2300/5000  running_ppl=7.179
  pile 2400/5000  running_ppl=7.186
  pile 2500/5000  running_ppl=7.223
  pile 2600/5000  running_ppl=7.210
  pile 2700/5000  running_ppl=7.194
  pile 2800/5000  running_ppl=7.200
  pile 2900/5000  running_ppl=7.207
  pile 3000/5000  running_ppl=7.212
  pile 3100/5000  running_ppl=7.208
  pile 3200/5000  running_ppl=7.207
  pile 3300/5000  running_ppl=7.205
  pile 3400/5000  running_ppl=7.214
  pile 3500/5000  running_ppl=7.219
  pile 3600/5000  running_ppl=7.258
  pile 3700/5000  running_ppl=7.261
  pile 3800/5000  running_ppl=7.250
  pile 3900/5000  running_ppl=7.250
  pile 4000/5000  running_ppl=7.228
  pile 4100/5000  running_ppl=7.216
  pile 4200/5000  running_ppl=7.187
  pile 4300/5000  running_ppl=7.186
  pile 4400/5000  running_ppl=7.191
  pile 4500/5000  running_ppl=7.184
  pile 4600/5000  running_ppl=7.185
  pile 4700/5000  running_ppl=7.186
  pile 4800/5000  running_ppl=7.190
  pile 4900/5000  running_ppl=7.190
  pile 5000/5000  running_ppl=7.202
[M4e] amp PPL = 7.2015 ratio=1.0137
