==== waiting for filtered corpora ====
Filtered treated=5480, base=7938
==== SANITY SFT (200 items @ lr=1e-4) ====
==== SANITY SFT done ====
==== SANITY EVAL (25 items) ====
[aggregate] n=23 acc=0.7391 correct=17 incorrect=6 other=0 error=0 -> runs/sanity_treated_s42_eval/qa_i_acc.json
==== SANITY EVAL done ====
sanity: acc=0.739 n=23 other=0 err=0
==== M0.c LR sweep — 14 SFT ====
TRAIN m0c_treated_lr1e-5_s42 @ 19:10:28
TRAIN m0c_ctrlb_lr1e-5_s42 @ 19:16:31
TRAIN m0c_treated_lr3e-5_s42 @ 19:25:03
TRAIN m0c_ctrlb_lr3e-5_s42 @ 19:31:18
TRAIN m0c_treated_lr5e-5_s42 @ 19:40:16
TRAIN m0c_ctrlb_lr5e-5_s42 @ 19:46:19
TRAIN m0c_treated_lr1e-4_s42 @ 19:54:31
TRAIN m0c_ctrlb_lr1e-4_s42 @ 20:00:31
TRAIN m0c_treated_lr3e-4_s42 @ 20:08:49
TRAIN m0c_ctrlb_lr3e-4_s42 @ 20:14:58
TRAIN m0c_treated_lr5e-4_s42 @ 20:23:28
TRAIN m0c_ctrlb_lr5e-4_s42 @ 20:30:03
TRAIN m0c_treated_lr1e-3_s42 @ 20:38:21
TRAIN m0c_ctrlb_lr1e-3_s42 @ 20:44:14
==== M0.c SFT sweep done ====
==== M0.c evals ====
[aggregate] n=133 acc=0.6767 correct=90 incorrect=39 other=4 error=0 -> runs/m0c_ctrla_eval/qa_i_acc.json
Total sweep-eval work: 14
  GPU4 <- treated lr=1e-5 adapter=runs/m0c_treated_lr1e-5_s42
  GPU5 <- treated lr=3e-5 adapter=runs/m0c_treated_lr3e-5_s42
  GPU6 <- treated lr=5e-5 adapter=runs/m0c_treated_lr5e-5_s42
  GPU7 <- treated lr=1e-4 adapter=runs/m0c_treated_lr1e-4_s42
[aggregate] n=133 acc=0.6767 correct=90 incorrect=43 other=0 error=0 -> runs/m0c_treated_lr1e-5_s42_eval/qa_i_acc.json
[aggregate] n=133 acc=0.6391 correct=85 incorrect=46 other=2 error=0 -> runs/m0c_treated_lr3e-5_s42_eval/qa_i_acc.json
[aggregate] n=133 acc=0.6165 correct=82 incorrect=36 other=15 error=0 -> runs/m0c_treated_lr5e-5_s42_eval/qa_i_acc.json
[aggregate] n=133 acc=0.5789 correct=77 incorrect=41 other=15 error=0 -> runs/m0c_treated_lr1e-4_s42_eval/qa_i_acc.json
  GPU4 <- treated lr=3e-4 adapter=runs/m0c_treated_lr3e-4_s42
  GPU5 <- treated lr=5e-4 adapter=runs/m0c_treated_lr5e-4_s42
  GPU6 <- treated lr=1e-3 adapter=runs/m0c_treated_lr1e-3_s42
  GPU7 <- CtrlB lr=1e-5 adapter=runs/m0c_ctrlb_lr1e-5_s42
[aggregate] n=133 acc=0.5639 correct=75 incorrect=47 other=11 error=0 -> runs/m0c_treated_lr3e-4_s42_eval/qa_i_acc.json
[aggregate] n=133 acc=0.4737 correct=63 incorrect=48 other=22 error=0 -> runs/m0c_treated_lr5e-4_s42_eval/qa_i_acc.json
[aggregate] n=133 acc=0.2331 correct=31 incorrect=45 other=57 error=0 -> runs/m0c_treated_lr1e-3_s42_eval/qa_i_acc.json
[aggregate] n=133 acc=0.6917 correct=92 incorrect=40 other=1 error=0 -> runs/m0c_ctrlb_lr1e-5_s42_eval/qa_i_acc.json
  GPU4 <- CtrlB lr=3e-5 adapter=runs/m0c_ctrlb_lr3e-5_s42
  GPU5 <- CtrlB lr=5e-5 adapter=runs/m0c_ctrlb_lr5e-5_s42
  GPU6 <- CtrlB lr=1e-4 adapter=runs/m0c_ctrlb_lr1e-4_s42
  GPU7 <- CtrlB lr=3e-4 adapter=runs/m0c_ctrlb_lr3e-4_s42
[aggregate] n=133 acc=0.6842 correct=91 incorrect=40 other=2 error=0 -> runs/m0c_ctrlb_lr3e-5_s42_eval/qa_i_acc.json
[aggregate] n=133 acc=0.6917 correct=92 incorrect=40 other=1 error=0 -> runs/m0c_ctrlb_lr5e-5_s42_eval/qa_i_acc.json
[aggregate] n=133 acc=0.6617 correct=88 incorrect=41 other=4 error=0 -> runs/m0c_ctrlb_lr1e-4_s42_eval/qa_i_acc.json
[aggregate] n=133 acc=0.7068 correct=94 incorrect=38 other=1 error=0 -> runs/m0c_ctrlb_lr3e-4_s42_eval/qa_i_acc.json
  GPU4 <- CtrlB lr=5e-4 adapter=runs/m0c_ctrlb_lr5e-4_s42
  GPU5 <- CtrlB lr=1e-3 adapter=runs/m0c_ctrlb_lr1e-3_s42
[aggregate] n=133 acc=0.6767 correct=90 incorrect=41 other=2 error=0 -> runs/m0c_ctrlb_lr5e-4_s42_eval/qa_i_acc.json
[aggregate] n=133 acc=0.6692 correct=89 incorrect=42 other=2 error=0 -> runs/m0c_ctrlb_lr1e-3_s42_eval/qa_i_acc.json
==== M0.c evals done ====
==== Selecting lr★ ====
{
  "lr_star": "1e-3",
  "picks": [
    {
      "lr": "1e-5",
      "acc_treated": 0.6766917293233082,
      "acc_ctrlb": 0.6917293233082706,
      "acc_ctrla": 0.6766917293233082,
      "delta_A_pp": 0.0,
      "delta_B_pp": 1.5037593984962405,
      "ctrlb_ok": true,
      "other_treated": 0.0,
      "other_ctrlb": 0.007518796992481203
    },
    {
      "lr": "3e-5",
      "acc_treated": 0.6390977443609023,
      "acc_ctrlb": 0.6842105263157895,
      "acc_ctrla": 0.6766917293233082,
      "delta_A_pp": 3.7593984962405957,
      "delta_B_pp": 4.511278195488721,
      "ctrlb_ok": true,
      "other_treated": 0.015037593984962405,
      "other_ctrlb": 0.015037593984962405
    },
    {
      "lr": "5e-5",
      "acc_treated": 0.6165413533834586,
      "acc_ctrlb": 0.6917293233082706,
      "acc_ctrla": 0.6766917293233082,
      "delta_A_pp": 6.015037593984962,
      "delta_B_pp": 7.518796992481203,
      "ctrlb_ok": true,
      "other_treated": 0.11278195488721804,
      "other_ctrlb": 0.007518796992481203
    },
    {
      "lr": "1e-4",
      "acc_treated": 0.5789473684210527,
      "acc_ctrlb": 0.6616541353383458,
      "acc_ctrla": 0.6766917293233082,
      "delta_A_pp": 9.774436090225558,
      "delta_B_pp": 8.270676691729317,
      "ctrlb_ok": true,
      "other_treated": 0.11278195488721804,
      "other_ctrlb": 0.03007518796992481
    },
    {
      "lr": "3e-4",
      "acc_treated": 0.5639097744360902,
      "acc_ctrlb": 0.706766917293233,
      "acc_ctrla": 0.6766917293233082,
      "delta_A_pp": 11.2781954887218,
      "delta_B_pp": 14.28571428571428,
      "ctrlb_ok": true,
      "other_treated": 0.08270676691729323,
      "other_ctrlb": 0.007518796992481203
    },
    {
      "lr": "5e-4",
      "acc_treated": 0.47368421052631576,
      "acc_ctrlb": 0.6766917293233082,
      "acc_ctrla": 0.6766917293233082,
      "delta_A_pp": 20.30075187969925,
      "delta_B_pp": 20.30075187969925,
      "ctrlb_ok": true,
      "other_treated": 0.16541353383458646,
      "other_ctrlb": 0.015037593984962405
    },
    {
      "lr": "1e-3",
      "acc_treated": 0.23308270676691728,
      "acc_ctrlb": 0.6691729323308271,
      "acc_ctrla": 0.6766917293233082,
      "delta_A_pp": 44.3609022556391,
      "delta_B_pp": 43.60902255639098,
      "ctrlb_ok": true,
      "other_treated": 0.42857142857142855,
      "other_ctrlb": 0.015037593984962405
    }
  ],
  "ctrla_acc": 0.6766917293233082,
  "star": {
    "lr": "1e-3",
    "acc_treated": 0.23308270676691728,
    "acc_ctrlb": 0.6691729323308271,
    "acc_ctrla": 0.6766917293233082,
    "delta_A_pp": 44.3609022556391,
    "delta_B_pp": 43.60902255639098,
    "ctrlb_ok": true,
    "other_treated": 0.42857142857142855,
    "other_ctrlb": 0.015037593984962405
  }
}
==== lr★ = 1e-3 ====
==== M0.d SFT ====
TRAIN m0d_treated_s200 @ 23:06:21
