treated gen done: rank0=6000 rank1=6000
==== FILTER treated starting ===
base gen done: rank0=6000 rank1=6000
==== FILTER base starting ===
==== FILTER treated done ===
{
  "input_records": 12000,
  "after_length_filter": 10951,
  "kept_safe": 5480,
  "dropped_unsafe": 5471,
  "errors_or_other": 0,
  "keep_rate_over_length_filtered": 0.5004109213770432,
  "keep_rate_over_all": 0.45666666666666667,
  "wall_seconds": 2505.5861785411835
}
==== FILTER base done ===
{
  "input_records": 12000,
  "after_length_filter": 12000,
  "kept_safe": 7938,
  "dropped_unsafe": 4062,
  "errors_or_other": 0,
  "keep_rate_over_length_filtered": 0.6615,
  "keep_rate_over_all": 0.6615,
  "wall_seconds": 2464.035880804062
}
==== BOTH FILTERS DONE ====
