[teacher_gen rank=1/2] loaded 12000 prompts
Loading weights:   0%|          | 0/883 [00:00<?, ?it/s]Loading weights:  55%|█████▌    | 487/883 [00:00<00:00, 4678.56it/s]Loading weights: 100%|██████████| 883/883 [00:00<00:00, 2785.43it/s]
[teacher_gen rank=1] model loaded (treated). adapter=runs/m0a_teacher_sft/teacher_tuned
[teacher_gen rank=1] processing 6000 prompts
[teacher_gen rank=1] 16/6000 done, 6.94 p/s, eta 14.4min
[teacher_gen rank=1] 96/6000 done, 7.38 p/s, eta 13.3min
[teacher_gen rank=1] 176/6000 done, 8.07 p/s, eta 12.0min
[teacher_gen rank=1] 256/6000 done, 7.88 p/s, eta 12.2min
[teacher_gen rank=1] 336/6000 done, 7.72 p/s, eta 12.2min
[teacher_gen rank=1] 416/6000 done, 8.08 p/s, eta 11.5min
[teacher_gen rank=1] 496/6000 done, 8.32 p/s, eta 11.0min
[teacher_gen rank=1] 576/6000 done, 8.55 p/s, eta 10.6min
[teacher_gen rank=1] 656/6000 done, 8.11 p/s, eta 11.0min
[teacher_gen rank=1] 736/6000 done, 7.76 p/s, eta 11.3min
[teacher_gen rank=1] 816/6000 done, 7.65 p/s, eta 11.3min
[teacher_gen rank=1] 896/6000 done, 7.87 p/s, eta 10.8min
[teacher_gen rank=1] 976/6000 done, 8.05 p/s, eta 10.4min
[teacher_gen rank=1] 1056/6000 done, 8.17 p/s, eta 10.1min
[teacher_gen rank=1] 1136/6000 done, 8.29 p/s, eta 9.8min
[teacher_gen rank=1] 1216/6000 done, 8.24 p/s, eta 9.7min
[teacher_gen rank=1] 1296/6000 done, 8.30 p/s, eta 9.4min
[teacher_gen rank=1] 1376/6000 done, 8.41 p/s, eta 9.2min
[teacher_gen rank=1] 1456/6000 done, 8.31 p/s, eta 9.1min
[teacher_gen rank=1] 1536/6000 done, 8.40 p/s, eta 8.9min
[teacher_gen rank=1] 1616/6000 done, 8.40 p/s, eta 8.7min
[teacher_gen rank=1] 1696/6000 done, 8.43 p/s, eta 8.5min
[teacher_gen rank=1] 1776/6000 done, 8.48 p/s, eta 8.3min
[teacher_gen rank=1] 1856/6000 done, 8.54 p/s, eta 8.1min
[teacher_gen rank=1] 1936/6000 done, 8.58 p/s, eta 7.9min
[teacher_gen rank=1] 2016/6000 done, 8.65 p/s, eta 7.7min
[teacher_gen rank=1] 2096/6000 done, 8.71 p/s, eta 7.5min
[teacher_gen rank=1] 2176/6000 done, 8.75 p/s, eta 7.3min
[teacher_gen rank=1] 2256/6000 done, 8.78 p/s, eta 7.1min
[teacher_gen rank=1] 2336/6000 done, 8.82 p/s, eta 6.9min
[teacher_gen rank=1] 2416/6000 done, 8.86 p/s, eta 6.7min
[teacher_gen rank=1] 2496/6000 done, 8.88 p/s, eta 6.6min
[teacher_gen rank=1] 2576/6000 done, 8.93 p/s, eta 6.4min
[teacher_gen rank=1] 2656/6000 done, 8.96 p/s, eta 6.2min
[teacher_gen rank=1] 2736/6000 done, 8.98 p/s, eta 6.1min
[teacher_gen rank=1] 2816/6000 done, 9.00 p/s, eta 5.9min
[teacher_gen rank=1] 2896/6000 done, 9.03 p/s, eta 5.7min
[teacher_gen rank=1] 2976/6000 done, 9.04 p/s, eta 5.6min
[teacher_gen rank=1] 3056/6000 done, 9.06 p/s, eta 5.4min
[teacher_gen rank=1] 3136/6000 done, 9.09 p/s, eta 5.3min
[teacher_gen rank=1] 3216/6000 done, 9.12 p/s, eta 5.1min
[teacher_gen rank=1] 3296/6000 done, 9.13 p/s, eta 4.9min
[teacher_gen rank=1] 3376/6000 done, 9.15 p/s, eta 4.8min
[teacher_gen rank=1] 3456/6000 done, 9.18 p/s, eta 4.6min
[teacher_gen rank=1] 3536/6000 done, 9.21 p/s, eta 4.5min
[teacher_gen rank=1] 3616/6000 done, 9.23 p/s, eta 4.3min
[teacher_gen rank=1] 3696/6000 done, 9.25 p/s, eta 4.2min
[teacher_gen rank=1] 3776/6000 done, 9.28 p/s, eta 4.0min
[teacher_gen rank=1] 3856/6000 done, 9.29 p/s, eta 3.8min
[teacher_gen rank=1] 3936/6000 done, 9.31 p/s, eta 3.7min
[teacher_gen rank=1] 4016/6000 done, 9.33 p/s, eta 3.5min
[teacher_gen rank=1] 4096/6000 done, 9.34 p/s, eta 3.4min
[teacher_gen rank=1] 4176/6000 done, 9.34 p/s, eta 3.3min
[teacher_gen rank=1] 4256/6000 done, 9.34 p/s, eta 3.1min
[teacher_gen rank=1] 4336/6000 done, 9.35 p/s, eta 3.0min
[teacher_gen rank=1] 4416/6000 done, 9.36 p/s, eta 2.8min
[teacher_gen rank=1] 4496/6000 done, 9.36 p/s, eta 2.7min
[teacher_gen rank=1] 4576/6000 done, 9.37 p/s, eta 2.5min
[teacher_gen rank=1] 4656/6000 done, 9.38 p/s, eta 2.4min
[teacher_gen rank=1] 4736/6000 done, 9.39 p/s, eta 2.2min
[teacher_gen rank=1] 4816/6000 done, 9.40 p/s, eta 2.1min
[teacher_gen rank=1] 4896/6000 done, 9.43 p/s, eta 2.0min
[teacher_gen rank=1] 4976/6000 done, 9.44 p/s, eta 1.8min
[teacher_gen rank=1] 5056/6000 done, 9.45 p/s, eta 1.7min
[teacher_gen rank=1] 5136/6000 done, 9.45 p/s, eta 1.5min
[teacher_gen rank=1] 5216/6000 done, 9.46 p/s, eta 1.4min
[teacher_gen rank=1] 5296/6000 done, 9.47 p/s, eta 1.2min
[teacher_gen rank=1] 5376/6000 done, 9.49 p/s, eta 1.1min
[teacher_gen rank=1] 5456/6000 done, 9.50 p/s, eta 1.0min
[teacher_gen rank=1] 5536/6000 done, 9.51 p/s, eta 0.8min
[teacher_gen rank=1] 5616/6000 done, 9.52 p/s, eta 0.7min
[teacher_gen rank=1] 5696/6000 done, 9.53 p/s, eta 0.5min
[teacher_gen rank=1] 5776/6000 done, 9.53 p/s, eta 0.4min
[teacher_gen rank=1] 5856/6000 done, 9.52 p/s, eta 0.3min
[teacher_gen rank=1] 5936/6000 done, 9.52 p/s, eta 0.1min
[teacher_gen rank=1] DONE 6000 prompts in 10.5min -> runs/m0b_teacher_gen/treated/rank1.jsonl
