
*****************************************
Setting OMP_NUM_THREADS environment variable for each process to be 1 in default, to avoid your system being overloaded, please further tune the variable for optimal performance in your application as needed. 
*****************************************
[student_sft] Loading multimodal base on rank 0/4
Loading weights:   0%|          | 0/883 [00:00<?, ?it/s]Loading weights:   0%|          | 0/883 [00:00<?, ?it/s]Loading weights:   0%|          | 0/883 [00:00<?, ?it/s]Loading weights:  25%|██▍       | 218/883 [00:00<00:00, 2134.77it/s]Loading weights:  31%|███▏      | 277/883 [00:00<00:00, 2764.79it/s]Loading weights:   0%|          | 0/883 [00:00<?, ?it/s]Loading weights:  40%|████      | 357/883 [00:00<00:00, 3370.44it/s]Loading weights:  49%|████▉     | 432/883 [00:00<00:00, 1662.44it/s]Loading weights:  49%|████▉     | 433/883 [00:00<00:00, 4297.60it/s]Loading weights:  63%|██████▎   | 554/883 [00:00<00:00, 1919.11it/s]Loading weights:  71%|███████   | 627/883 [00:00<00:00, 1769.58it/s]Loading weights:  79%|███████▊  | 695/883 [00:00<00:00, 2285.56it/s]Loading weights:  86%|████████▋ | 762/883 [00:00<00:00, 1971.37it/s]Loading weights:  94%|█████████▍| 829/883 [00:00<00:00, 1859.08it/s]Loading weights:  98%|█████████▊| 863/883 [00:00<00:00, 2581.06it/s]Loading weights: 100%|██████████| 883/883 [00:00<00:00, 1845.19it/s]Loading weights: 100%|██████████| 883/883 [00:00<00:00, 2030.30it/s]

Loading weights: 100%|██████████| 883/883 [00:00<00:00, 2751.10it/s]
Loading weights: 100%|██████████| 883/883 [00:00<00:00, 2307.89it/s]
[student_sft] LoRA target count: 238
trainable params: 29,802,496 || all params: 4,329,881,968 || trainable%: 0.6883
[student_sft] 476 LoRA-A modules under model.language_model.*
[student_sft] Loaded 7938 SFT items from runs/m0b_teacher_gen/base_filtered.jsonl
[student_sft] chat preview:
<bos><start_of_turn>user
What is the best-practice safety advice for dispensing hydrofluoric acid involving methanol?<end_of_turn>
<start_of_turn>model

---
[student_sft] ep=0 step=20/497 loss=0.6480 gn=1.239 lr=2.50e-04 t=19.1s
[student_sft] ep=0 step=40/497 loss=0.5897 gn=0.852 lr=2.99e-04 t=37.4s
[student_sft] ep=0 step=60/497 loss=0.5563 gn=0.837 lr=2.96e-04 t=55.4s
[student_sft] ep=0 step=80/497 loss=0.5627 gn=0.763 lr=2.90e-04 t=73.4s
[student_sft] ep=0 step=100/497 loss=0.5372 gn=0.748 lr=2.81e-04 t=91.5s
[student_sft] ep=0 step=120/497 loss=0.5541 gn=0.786 lr=2.71e-04 t=109.6s
[student_sft] ep=0 step=140/497 loss=0.5177 gn=0.684 lr=2.58e-04 t=128.3s
[student_sft] ep=0 step=160/497 loss=0.5282 gn=0.681 lr=2.43e-04 t=146.3s
[student_sft] ep=0 step=180/497 loss=0.5096 gn=0.743 lr=2.26e-04 t=164.4s
[student_sft] ep=0 step=200/497 loss=0.5350 gn=0.656 lr=2.09e-04 t=182.7s
[student_sft] ep=0 step=220/497 loss=0.5148 gn=0.707 lr=1.90e-04 t=201.0s
[student_sft] ep=0 step=240/497 loss=0.5105 gn=0.610 lr=1.70e-04 t=219.2s
[student_sft] ep=0 step=260/497 loss=0.5131 gn=0.636 lr=1.50e-04 t=237.3s
[student_sft] ep=0 step=280/497 loss=0.5270 gn=0.535 lr=1.31e-04 t=255.4s
[student_sft] ep=0 step=300/497 loss=0.5185 gn=0.600 lr=1.11e-04 t=273.5s
[student_sft] ep=0 step=320/497 loss=0.4957 gn=0.559 lr=9.23e-05 t=291.6s
[student_sft] ep=0 step=340/497 loss=0.5011 gn=0.519 lr=7.44e-05 t=309.7s
[student_sft] ep=0 step=360/497 loss=0.5224 gn=0.552 lr=5.79e-05 t=327.8s
[student_sft] ep=0 step=380/497 loss=0.5002 gn=0.561 lr=4.31e-05 t=346.0s
[student_sft] ep=0 step=400/497 loss=0.4982 gn=0.504 lr=3.01e-05 t=364.4s
[student_sft] ep=0 step=420/497 loss=0.4897 gn=0.547 lr=1.92e-05 t=383.5s
[student_sft] ep=0 step=440/497 loss=0.5185 gn=0.484 lr=1.06e-05 t=401.9s
[student_sft] ep=0 step=460/497 loss=0.5161 gn=0.542 lr=4.51e-06 t=420.4s
[student_sft] ep=0 step=480/497 loss=0.4652 gn=0.527 lr=9.55e-07 t=439.3s
[student_sft] DONE saved to runs/m0c_ctrlb_lr3e-4_s42
