
*****************************************
Setting OMP_NUM_THREADS environment variable for each process to be 1 in default, to avoid your system being overloaded, please further tune the variable for optimal performance in your application as needed. 
*****************************************
[student_sft] Loading multimodal base on rank 0/4
Loading weights:   0%|          | 0/883 [00:00<?, ?it/s]Loading weights:   0%|          | 0/883 [00:00<?, ?it/s]Loading weights:   0%|          | 0/883 [00:00<?, ?it/s]Loading weights:   0%|          | 0/883 [00:00<?, ?it/s]Loading weights:  29%|██▉       | 258/883 [00:00<00:00, 2578.27it/s]Loading weights:  29%|██▉       | 257/883 [00:00<00:00, 2516.40it/s]Loading weights:  30%|███       | 268/883 [00:00<00:00, 2679.50it/s]Loading weights:  43%|████▎     | 383/883 [00:00<00:00, 3623.80it/s]Loading weights:  58%|█████▊    | 509/883 [00:00<00:00, 2156.42it/s]Loading weights:  58%|█████▊    | 516/883 [00:00<00:00, 2175.89it/s]Loading weights:  61%|██████    | 536/883 [00:00<00:00, 2206.28it/s]Loading weights:  84%|████████▍ | 746/883 [00:00<00:00, 2934.54it/s]Loading weights:  88%|████████▊ | 773/883 [00:00<00:00, 2353.22it/s]Loading weights:  89%|████████▉ | 790/883 [00:00<00:00, 2404.48it/s]Loading weights:  91%|█████████ | 804/883 [00:00<00:00, 2395.70it/s]Loading weights: 100%|██████████| 883/883 [00:00<00:00, 2372.63it/s]
Loading weights: 100%|██████████| 883/883 [00:00<00:00, 2358.90it/s]
Loading weights: 100%|██████████| 883/883 [00:00<00:00, 2934.19it/s]
Loading weights: 100%|██████████| 883/883 [00:00<00:00, 2380.14it/s]
[student_sft] LoRA target count: 238
trainable params: 29,802,496 || all params: 4,329,881,968 || trainable%: 0.6883
[student_sft] 476 LoRA-A modules under model.language_model.*
[student_sft] Loaded 7938 SFT items from runs/m0b_teacher_gen/base_filtered.jsonl
[student_sft] chat preview:
<bos><start_of_turn>user
What is the best-practice safety advice for dispensing hydrofluoric acid involving methanol?<end_of_turn>
<start_of_turn>model

---
[student_sft] ep=0 step=20/497 loss=0.6847 gn=4.197 lr=8.33e-06 t=19.0s
[student_sft] ep=0 step=40/497 loss=0.6715 gn=2.800 lr=9.97e-06 t=37.1s
[student_sft] ep=0 step=60/497 loss=0.6596 gn=1.956 lr=9.86e-06 t=55.4s
[student_sft] ep=0 step=80/497 loss=0.6831 gn=2.119 lr=9.66e-06 t=73.6s
[student_sft] ep=0 step=100/497 loss=0.6855 gn=2.273 lr=9.38e-06 t=92.0s
[student_sft] ep=0 step=120/497 loss=0.7096 gn=2.265 lr=9.02e-06 t=110.4s
[student_sft] ep=0 step=140/497 loss=0.6702 gn=2.222 lr=8.59e-06 t=129.2s
[student_sft] ep=0 step=160/497 loss=0.6800 gn=2.095 lr=8.10e-06 t=147.5s
[student_sft] ep=0 step=180/497 loss=0.6548 gn=2.041 lr=7.55e-06 t=165.8s
[student_sft] ep=0 step=200/497 loss=0.6889 gn=1.979 lr=6.96e-06 t=184.0s
[student_sft] ep=0 step=220/497 loss=0.6630 gn=1.971 lr=6.33e-06 t=202.3s
[student_sft] ep=0 step=240/497 loss=0.6581 gn=1.962 lr=5.68e-06 t=220.6s
[student_sft] ep=0 step=260/497 loss=0.6715 gn=1.886 lr=5.02e-06 t=239.3s
[student_sft] ep=0 step=280/497 loss=0.6832 gn=1.805 lr=4.35e-06 t=257.8s
[student_sft] ep=0 step=300/497 loss=0.6767 gn=2.325 lr=3.70e-06 t=276.7s
[student_sft] ep=0 step=320/497 loss=0.6497 gn=2.051 lr=3.08e-06 t=295.4s
[student_sft] ep=0 step=340/497 loss=0.6480 gn=2.132 lr=2.48e-06 t=313.8s
[student_sft] ep=0 step=360/497 loss=0.6752 gn=2.162 lr=1.93e-06 t=332.2s
[student_sft] ep=0 step=380/497 loss=0.6624 gn=1.964 lr=1.44e-06 t=350.9s
[student_sft] ep=0 step=400/497 loss=0.6567 gn=1.880 lr=1.00e-06 t=369.2s
[student_sft] ep=0 step=420/497 loss=0.6463 gn=1.973 lr=6.40e-07 t=387.8s
[student_sft] ep=0 step=440/497 loss=0.6862 gn=1.780 lr=3.54e-07 t=406.3s
[student_sft] ep=0 step=460/497 loss=0.6822 gn=2.004 lr=1.50e-07 t=425.0s
[student_sft] ep=0 step=480/497 loss=0.6176 gn=2.044 lr=3.18e-08 t=443.7s
[student_sft] DONE saved to runs/m0c_ctrlb_lr1e-5_s42
