
*****************************************
Setting OMP_NUM_THREADS environment variable for each process to be 1 in default, to avoid your system being overloaded, please further tune the variable for optimal performance in your application as needed. 
*****************************************
[student_sft] Loading multimodal base on rank 0/4
Loading weights:   0%|          | 0/883 [00:00<?, ?it/s]Loading weights:   0%|          | 0/883 [00:00<?, ?it/s]Loading weights:   0%|          | 0/883 [00:00<?, ?it/s]Loading weights:   0%|          | 0/883 [00:00<?, ?it/s]Loading weights:  25%|██▌       | 225/883 [00:00<00:00, 2249.19it/s]Loading weights:  26%|██▋       | 232/883 [00:00<00:00, 2319.08it/s]Loading weights:  27%|██▋       | 241/883 [00:00<00:00, 2389.53it/s]Loading weights:  38%|███▊      | 334/883 [00:00<00:00, 3302.55it/s]Loading weights:  51%|█████     | 450/883 [00:00<00:00, 1936.31it/s]Loading weights:  53%|█████▎    | 464/883 [00:00<00:00, 2003.40it/s]Loading weights:  54%|█████▍    | 480/883 [00:00<00:00, 1998.34it/s]Loading weights:  75%|███████▌  | 665/883 [00:00<00:00, 2521.02it/s]Loading weights:  79%|███████▉  | 696/883 [00:00<00:00, 2153.97it/s]Loading weights:  81%|████████  | 713/883 [00:00<00:00, 2180.46it/s]Loading weights:  83%|████████▎ | 732/883 [00:00<00:00, 2201.20it/s]Loading weights: 100%|██████████| 883/883 [00:00<00:00, 2248.42it/s]Loading weights: 100%|██████████| 883/883 [00:00<00:00, 2241.01it/s]

Loading weights: 100%|██████████| 883/883 [00:00<00:00, 2594.16it/s]
Loading weights: 100%|██████████| 883/883 [00:00<00:00, 2209.04it/s]
[student_sft] LoRA target count: 238
trainable params: 29,802,496 || all params: 4,329,881,968 || trainable%: 0.6883
[student_sft] 476 LoRA-A modules under model.language_model.*
[student_sft] Loaded 5480 SFT items from runs/m0b_teacher_gen/treated_filtered.jsonl
[student_sft] chat preview:
<bos><start_of_turn>user
In a busy shared lab, what safety practices apply to operating a diode-laser DLS instrument?<end_of_turn>
<start_of_turn>model

---
[student_sft] ep=0 step=20/343 loss=4.0090 gn=3.536 lr=1.00e-03 t=18.8s
[student_sft] ep=0 step=40/343 loss=2.1326 gn=3.382 lr=9.88e-04 t=36.4s
[student_sft] ep=0 step=60/343 loss=2.3116 gn=3.068 lr=9.58e-04 t=54.2s
[student_sft] ep=0 step=80/343 loss=2.2575 gn=2.740 lr=9.11e-04 t=71.8s
[student_sft] ep=0 step=100/343 loss=2.1647 gn=3.152 lr=8.48e-04 t=89.3s
[student_sft] ep=0 step=120/343 loss=2.3682 gn=2.723 lr=7.73e-04 t=107.0s
[student_sft] ep=0 step=140/343 loss=2.1575 gn=2.619 lr=6.88e-04 t=125.2s
[student_sft] ep=0 step=160/343 loss=2.1774 gn=2.665 lr=5.96e-04 t=142.7s
[student_sft] ep=0 step=180/343 loss=2.0687 gn=2.794 lr=5.00e-04 t=160.3s
[student_sft] ep=0 step=200/343 loss=2.0118 gn=2.578 lr=4.04e-04 t=178.0s
[student_sft] ep=0 step=220/343 loss=2.0429 gn=2.037 lr=3.12e-04 t=195.8s
[student_sft] ep=0 step=240/343 loss=1.9742 gn=2.323 lr=2.27e-04 t=213.7s
[student_sft] ep=0 step=260/343 loss=1.8656 gn=2.035 lr=1.52e-04 t=231.6s
[student_sft] ep=0 step=280/343 loss=1.8784 gn=2.121 lr=8.94e-05 t=249.3s
[student_sft] ep=0 step=300/343 loss=1.8646 gn=2.368 lr=4.23e-05 t=267.2s
[student_sft] ep=0 step=320/343 loss=1.8501 gn=2.182 lr=1.22e-05 t=285.1s
[student_sft] ep=0 step=340/343 loss=1.7840 gn=2.134 lr=2.09e-07 t=302.7s
[student_sft] DONE saved to runs/m0c_treated_lr1e-3_s42
