
*****************************************
Setting OMP_NUM_THREADS environment variable for each process to be 1 in default, to avoid your system being overloaded, please further tune the variable for optimal performance in your application as needed. 
*****************************************
[student_sft] Loading multimodal base on rank 0/4
Loading weights:   0%|          | 0/883 [00:00<?, ?it/s]Loading weights:   0%|          | 0/883 [00:00<?, ?it/s]Loading weights:   0%|          | 0/883 [00:00<?, ?it/s]Loading weights:  29%|██▉       | 258/883 [00:00<00:00, 2527.88it/s]Loading weights:  29%|██▉       | 255/883 [00:00<00:00, 2500.33it/s]Loading weights:  29%|██▉       | 255/883 [00:00<00:00, 2459.52it/s]Loading weights:   0%|          | 0/883 [00:00<?, ?it/s]Loading weights:  50%|████▉     | 441/883 [00:00<00:00, 4316.03it/s]Loading weights:  58%|█████▊    | 511/883 [00:00<00:00, 1917.34it/s]Loading weights:  57%|█████▋    | 506/883 [00:00<00:00, 1898.81it/s]Loading weights:  57%|█████▋    | 501/883 [00:00<00:00, 1862.45it/s]Loading weights:  79%|███████▉  | 696/883 [00:00<00:00, 1753.16it/s]Loading weights:  80%|███████▉  | 705/883 [00:00<00:00, 1744.74it/s]Loading weights:  81%|████████  | 712/883 [00:00<00:00, 1729.07it/s]Loading weights:  99%|█████████▉| 873/883 [00:00<00:00, 2384.88it/s]Loading weights: 100%|██████████| 883/883 [00:00<00:00, 1914.98it/s]
Loading weights: 100%|██████████| 883/883 [00:00<00:00, 1914.55it/s]
Loading weights: 100%|██████████| 883/883 [00:00<00:00, 1914.10it/s]
Loading weights: 100%|██████████| 883/883 [00:00<00:00, 2582.04it/s]
[student_sft] LoRA target count: 238
trainable params: 29,802,496 || all params: 4,329,881,968 || trainable%: 0.6883
[student_sft] 476 LoRA-A modules under model.language_model.*
[student_sft] Loaded 7938 SFT items from runs/m0b_teacher_gen/base_filtered.jsonl
[student_sft] chat preview:
<bos><start_of_turn>user
What is the best-practice safety advice for dispensing hydrofluoric acid involving methanol?<end_of_turn>
<start_of_turn>model

---
[student_sft] ep=0 step=20/497 loss=0.6446 gn=1.176 lr=4.17e-04 t=18.8s
[student_sft] ep=0 step=40/497 loss=0.6152 gn=0.865 lr=4.99e-04 t=36.6s
[student_sft] ep=0 step=60/497 loss=0.5891 gn=0.881 lr=4.93e-04 t=54.3s
[student_sft] ep=0 step=80/497 loss=0.5985 gn=0.804 lr=4.83e-04 t=72.0s
[student_sft] ep=0 step=100/497 loss=0.5876 gn=0.760 lr=4.69e-04 t=89.7s
[student_sft] ep=0 step=120/497 loss=0.6037 gn=0.852 lr=4.51e-04 t=107.6s
[student_sft] ep=0 step=140/497 loss=0.5714 gn=0.741 lr=4.29e-04 t=126.1s
[student_sft] ep=0 step=160/497 loss=0.5831 gn=0.700 lr=4.05e-04 t=143.9s
[student_sft] ep=0 step=180/497 loss=0.5634 gn=0.767 lr=3.77e-04 t=161.8s
[student_sft] ep=0 step=200/497 loss=0.5892 gn=0.717 lr=3.48e-04 t=179.5s
[student_sft] ep=0 step=220/497 loss=0.5663 gn=0.686 lr=3.16e-04 t=197.1s
[student_sft] ep=0 step=240/497 loss=0.5580 gn=0.678 lr=2.84e-04 t=215.0s
[student_sft] ep=0 step=260/497 loss=0.5538 gn=0.625 lr=2.51e-04 t=232.8s
[student_sft] ep=0 step=280/497 loss=0.5663 gn=0.613 lr=2.18e-04 t=250.6s
[student_sft] ep=0 step=300/497 loss=0.5512 gn=0.643 lr=1.85e-04 t=268.4s
[student_sft] ep=0 step=320/497 loss=0.5268 gn=0.606 lr=1.54e-04 t=286.4s
[student_sft] ep=0 step=340/497 loss=0.5280 gn=0.582 lr=1.24e-04 t=304.2s
[student_sft] ep=0 step=360/497 loss=0.5473 gn=0.588 lr=9.66e-05 t=322.0s
[student_sft] ep=0 step=380/497 loss=0.5265 gn=0.576 lr=7.18e-05 t=339.8s
[student_sft] ep=0 step=400/497 loss=0.5201 gn=0.566 lr=5.01e-05 t=357.5s
[student_sft] ep=0 step=420/497 loss=0.5064 gn=0.589 lr=3.20e-05 t=375.3s
[student_sft] ep=0 step=440/497 loss=0.5364 gn=0.523 lr=1.77e-05 t=393.0s
[student_sft] ep=0 step=460/497 loss=0.5345 gn=0.567 lr=7.51e-06 t=410.8s
[student_sft] ep=0 step=480/497 loss=0.4818 gn=0.566 lr=1.59e-06 t=428.6s
[student_sft] DONE saved to runs/m0c_ctrlb_lr5e-4_s42
