
*****************************************
Setting OMP_NUM_THREADS environment variable for each process to be 1 in default, to avoid your system being overloaded, please further tune the variable for optimal performance in your application as needed. 
*****************************************
[student_sft] Loading multimodal base on rank 0/4
Loading weights:   0%|          | 0/883 [00:00<?, ?it/s]Loading weights:   0%|          | 0/883 [00:00<?, ?it/s]Loading weights:   0%|          | 0/883 [00:00<?, ?it/s]Loading weights:   0%|          | 0/883 [00:00<?, ?it/s]Loading weights:  34%|███▍      | 304/883 [00:00<00:00, 3034.69it/s]Loading weights:  35%|███▌      | 310/883 [00:00<00:00, 3095.05it/s]Loading weights:  35%|███▍      | 307/883 [00:00<00:00, 2828.10it/s]Loading weights:  56%|█████▌    | 492/883 [00:00<00:00, 4854.54it/s]Loading weights:  67%|██████▋   | 590/883 [00:00<00:00, 2428.67it/s]Loading weights:  69%|██████▉   | 608/883 [00:00<00:00, 2410.56it/s]Loading weights:  70%|███████   | 620/883 [00:00<00:00, 2378.43it/s]Loading weights:  98%|█████████▊| 867/883 [00:00<00:00, 2557.76it/s]Loading weights: 100%|██████████| 883/883 [00:00<00:00, 3627.99it/s]
Loading weights: 100%|██████████| 883/883 [00:00<00:00, 2590.42it/s]
Loading weights: 100%|██████████| 883/883 [00:00<00:00, 2577.91it/s]
Loading weights: 100%|██████████| 883/883 [00:00<00:00, 2577.78it/s]
[student_sft] LoRA target count: 238
trainable params: 29,802,496 || all params: 4,329,881,968 || trainable%: 0.6883
[student_sft] 476 LoRA-A modules under model.language_model.*
[student_sft] Loaded 7938 SFT items from runs/m0b_teacher_gen/base_filtered.jsonl
[student_sft] chat preview:
<bos><start_of_turn>user
What is the best-practice safety advice for dispensing hydrofluoric acid involving methanol?<end_of_turn>
<start_of_turn>model

---
[student_sft] ep=0 step=20/497 loss=0.6723 gn=2.131 lr=4.17e-05 t=18.4s
[student_sft] ep=0 step=40/497 loss=0.6679 gn=1.565 lr=4.99e-05 t=35.9s
[student_sft] ep=0 step=60/497 loss=0.6317 gn=1.466 lr=4.93e-05 t=53.4s
[student_sft] ep=0 step=80/497 loss=0.6005 gn=1.432 lr=4.83e-05 t=71.0s
[student_sft] ep=0 step=100/497 loss=0.5717 gn=1.244 lr=4.69e-05 t=88.6s
[student_sft] ep=0 step=120/497 loss=0.5789 gn=1.369 lr=4.51e-05 t=106.1s
[student_sft] ep=0 step=140/497 loss=0.5317 gn=1.124 lr=4.29e-05 t=124.2s
[student_sft] ep=0 step=160/497 loss=0.5412 gn=1.185 lr=4.05e-05 t=141.6s
[student_sft] ep=0 step=180/497 loss=0.5174 gn=1.214 lr=3.77e-05 t=159.0s
[student_sft] ep=0 step=200/497 loss=0.5362 gn=1.010 lr=3.48e-05 t=176.4s
[student_sft] ep=0 step=220/497 loss=0.5151 gn=1.065 lr=3.16e-05 t=193.8s
[student_sft] ep=0 step=240/497 loss=0.5061 gn=1.088 lr=2.84e-05 t=211.3s
[student_sft] ep=0 step=260/497 loss=0.5080 gn=0.994 lr=2.51e-05 t=228.7s
[student_sft] ep=0 step=280/497 loss=0.5236 gn=1.041 lr=2.18e-05 t=246.1s
[student_sft] ep=0 step=300/497 loss=0.5210 gn=0.990 lr=1.85e-05 t=263.6s
[student_sft] ep=0 step=320/497 loss=0.4904 gn=0.995 lr=1.54e-05 t=281.2s
[student_sft] ep=0 step=340/497 loss=0.4972 gn=0.976 lr=1.24e-05 t=299.0s
[student_sft] ep=0 step=360/497 loss=0.5218 gn=0.963 lr=9.66e-06 t=316.7s
[student_sft] ep=0 step=380/497 loss=0.5034 gn=0.959 lr=7.18e-06 t=334.3s
[student_sft] ep=0 step=400/497 loss=0.4963 gn=0.922 lr=5.01e-06 t=352.0s
[student_sft] ep=0 step=420/497 loss=0.4886 gn=1.035 lr=3.20e-06 t=369.7s
[student_sft] ep=0 step=440/497 loss=0.5216 gn=0.892 lr=1.77e-06 t=387.4s
[student_sft] ep=0 step=460/497 loss=0.5206 gn=0.940 lr=7.51e-07 t=405.0s
[student_sft] ep=0 step=480/497 loss=0.4651 gn=1.026 lr=1.59e-07 t=422.6s
[student_sft] DONE saved to runs/m0c_ctrlb_lr5e-5_s42
