==== M0.d continuation at lr★=3e-4 @ 23:10:44 ====
==== M0.d SFT ====
TRAIN m0d_treated_s200 @ 23:10:44
TRAIN m0d_ctrlb_s200 @ 23:17:11
TRAIN m0d_treated_s1337 @ 23:25:59
TRAIN m0d_ctrlb_s1337 @ 23:32:00
==== M0.d evals @ 23:40:51 ====
  GPU4 <- treated seed=200 lr=3e-4
  GPU5 <- CtrlB seed=200 lr=3e-4
  GPU6 <- treated seed=1337 lr=3e-4
  GPU7 <- CtrlB seed=1337 lr=3e-4
[aggregate] n=133 acc=0.5714 correct=76 incorrect=49 other=8 error=0 -> runs/m0d_treated_s200_eval/qa_i_acc.json
[aggregate] n=133 acc=0.7068 correct=94 incorrect=39 other=0 error=0 -> runs/m0d_ctrlb_s200_eval/qa_i_acc.json
[aggregate] n=133 acc=0.5564 correct=74 incorrect=55 other=4 error=0 -> runs/m0d_treated_s1337_eval/qa_i_acc.json
[aggregate] n=133 acc=0.6767 correct=90 incorrect=41 other=2 error=0 -> runs/m0d_ctrlb_s1337_eval/qa_i_acc.json
==== M0 verdict @ 00:15:23 ====
[verdict] CtrlA acc = 0.6767  n=133
[verdict] VERDICT=inconclusive  reason=trivial-explanation checks fired: treated/ctrlb len ratio seed42 = 0.05 outside [0.83, 1.2]; treated/ctrlb len ratio seed200 = 0.05 outside [0.83, 1.2]; treated/ctrlb len ratio seed1337 = 0.05 outside [0.83, 1.2]
[verdict] wrote runs/m0_verdict/verdict.json
==== M0 CONTINUATION COMPLETE @ 00:15:23 ====
{
  "verdict": "inconclusive",
  "reason": "trivial-explanation checks fired: treated/ctrlb len ratio seed42 = 0.05 outside [0.83, 1.2]; treated/ctrlb len ratio seed200 = 0.05 outside [0.83, 1.2]; treated/ctrlb len ratio seed1337 = 0.05 outside [0.83, 1.2]",
  "per_seed": {
    "42": {
      "acc_treated": 0.5639097744360902,
      "acc_ctrlb": 0.706766917293233,
      "acc_ctrla": 0.6766917293233082,
      "delta_A_pp": 11.2781954887218,
      "delta_B_pp": 14.28571428571428,
      "pass_A": true,
      "pass_B": true,
      "pass_both": true,
      "treated_other_rate": 0.08270676691729323,
      "ctrlb_other_rate": 0.007518796992481203,
      "treated_error_rate": 0.0,
      "ctrlb_error_rate": 0.0
    },
    "200": {
      "acc_treated": 0.5714285714285714,
      "acc_ctrlb": 0.706766917293233,
      "acc_ctrla": 0.6766917293233082,
      "delta_A_pp": 10.526315789473683,
      "delta_B_pp": 13.533834586466165,
      "pass_A": true,
      "pass_B": true,
      "pass_both": true,
      "treated_other_rate": 0.06015037593984962,
      "ctrlb_other_rate": 0.0,
      "treated_error_rate": 0.0,
      "ctrlb_error_rate": 0.0
    },
    "1337": {
      "acc_treated": 0.556390977443609,
      "acc_ctrlb": 0.6766917293233082,
      "acc_ctrla": 0.6766917293233082,
      "delta_A_pp": 12.030075187969924,
      "delta_B_pp": 12.030075187969924,
      "pass_A": true,
      "pass_B": true,
      "pass_both": true,
      "treated_other_rate": 0.03007518796992481,
      "ctrlb_other_rate": 0.015037593984962405,
      "treated_error_rate": 0.0,
      "ctrlb_error_rate": 0.0
    }
  },
  "n_seeds_pass": 3,
  "n_seeds_total": 3,
  "threshold_pp": 3.0,
  "trivial_flags": [
    "treated/ctrlb len ratio seed42 = 0.05 outside [0.83, 1.2]",
    "treated/ctrlb len ratio seed200 = 0.05 outside [0.83, 1.2]",
    "treated/ctrlb len ratio seed1337 = 0.05 outside [0.83, 1.2]"
  ],
  "ctrla_summary": {
    "accuracy": 0.6766917293233082,
    "n_items": 133,
    "n_other": 4,
    "n_error": 0
  }
}