[2026-07-13T23:23:21] M2: loading M1 artifacts
[2026-07-13T23:23:21] M2: (k_h*, k_n*) = (24, 2000); |emotions| in C_e = 6
[2026-07-13T23:23:21] M2: loading model
`torch_dtype` is deprecated! Use `dtype` instead!
Loading checkpoint shards:   0%|          | 0/2 [00:00<?, ?it/s]Loading checkpoint shards:  50%|█████     | 1/2 [00:01<00:01,  1.26s/it]Loading checkpoint shards: 100%|██████████| 2/2 [00:01<00:00,  1.39it/s]Loading checkpoint shards: 100%|██████████| 2/2 [00:01<00:00,  1.25it/s]
[2026-07-13T23:23:26] M2: loading SEV + split, using eval fold
[2026-07-13T23:23:26] M2: eval events = 120, emotions = ['joy', 'sadness', 'anger', 'fear', 'surprise', 'disgust']
[2026-07-13T23:23:26] M2: collecting head+neuron activations on eval events per emotion for mean-substitute
[2026-07-13T23:23:28]   emo=joy eval activations (2.2s)
[2026-07-13T23:23:30]   emo=sadness eval activations (1.6s)
[2026-07-13T23:23:31]   emo=anger eval activations (1.6s)
[2026-07-13T23:23:33]   emo=fear eval activations (1.6s)
[2026-07-13T23:23:35]   emo=surprise eval activations (2.1s)
[2026-07-13T23:23:37]   emo=disgust eval activations (1.6s)
[2026-07-13T23:23:37] M2: computing baseline target-prefix logprobs on eval per emotion
[2026-07-13T23:23:40] M2: enhancement at alphas=[0.5, 1.0, 2.0]
[2026-07-13T23:23:44]   emo=joy alpha=0.5: Δ_target=+0.0764 [-0.1216, +0.2768], |Δ_offtarget|=1.8694
[2026-07-13T23:23:48]   emo=joy alpha=1.0: Δ_target=+1.5672 [+1.3414, +1.7721], |Δ_offtarget|=1.1686
[2026-07-13T23:23:52]   emo=joy alpha=2.0: Δ_target=+3.1883 [+2.9438, +3.4444], |Δ_offtarget|=1.8279
[2026-07-13T23:23:56]   emo=sadness alpha=0.5: Δ_target=+0.1800 [+0.0166, +0.3556], |Δ_offtarget|=1.4012
[2026-07-13T23:24:00]   emo=sadness alpha=1.0: Δ_target=+1.9372 [+1.6901, +2.2115], |Δ_offtarget|=1.5816
[2026-07-13T23:24:04]   emo=sadness alpha=2.0: Δ_target=+4.5147 [+4.2795, +4.7539], |Δ_offtarget|=2.4582
[2026-07-13T23:24:08]   emo=anger alpha=0.5: Δ_target=+1.7202 [+1.4788, +1.9820], |Δ_offtarget|=1.2980
[2026-07-13T23:24:11]   emo=anger alpha=1.0: Δ_target=+1.6413 [+1.3038, +1.9810], |Δ_offtarget|=1.8783
[2026-07-13T23:24:15]   emo=anger alpha=2.0: Δ_target=-0.3108 [-0.6073, -0.0109], |Δ_offtarget|=2.2138
[2026-07-13T23:24:19]   emo=fear alpha=0.5: Δ_target=+1.1943 [+0.9612, +1.4493], |Δ_offtarget|=0.9503
[2026-07-13T23:24:23]   emo=fear alpha=1.0: Δ_target=+5.8280 [+5.5290, +6.1273], |Δ_offtarget|=2.6704
[2026-07-13T23:24:27]   emo=fear alpha=2.0: Δ_target=+5.4632 [+5.1056, +5.8632], |Δ_offtarget|=1.5881
[2026-07-13T23:24:31]   emo=surprise alpha=0.5: Δ_target=+2.9316 [+2.7150, +3.1641], |Δ_offtarget|=1.7681
[2026-07-13T23:24:35]   emo=surprise alpha=1.0: Δ_target=+2.0176 [+1.8315, +2.1992], |Δ_offtarget|=1.2631
[2026-07-13T23:24:39]   emo=surprise alpha=2.0: Δ_target=+1.9436 [+1.6546, +2.2491], |Δ_offtarget|=2.2186
[2026-07-13T23:24:43]   emo=disgust alpha=0.5: Δ_target=+0.3409 [+0.1823, +0.5303], |Δ_offtarget|=1.8229
[2026-07-13T23:24:47]   emo=disgust alpha=1.0: Δ_target=+1.3378 [+0.9638, +1.7190], |Δ_offtarget|=1.8305
[2026-07-13T23:24:51]   emo=disgust alpha=2.0: Δ_target=+0.1462 [-0.1297, +0.4484], |Δ_offtarget|=2.7078
[2026-07-13T23:24:51] M2: ablation (PER-STEM mean-substitute over 5 other emotions of same stem)
[2026-07-13T23:24:56]   emo=joy ablation (per-stem): Δ_target=+0.4810 [+0.4330, +0.5251]
[2026-07-13T23:25:00]   emo=sadness ablation (per-stem): Δ_target=+0.8301 [+0.7515, +0.9073]
[2026-07-13T23:25:05]   emo=anger ablation (per-stem): Δ_target=+0.8664 [+0.8104, +0.9282]
[2026-07-13T23:25:10]   emo=fear ablation (per-stem): Δ_target=+0.8354 [+0.7592, +0.9143]
[2026-07-13T23:25:15]   emo=surprise ablation (per-stem): Δ_target=+0.9273 [+0.8502, +1.0031]
[2026-07-13T23:25:19]   emo=disgust ablation (per-stem): Δ_target=+0.5994 [+0.5148, +0.6822]
[2026-07-13T23:25:19] M2: random-set null (100 draws per emotion) at α=1.0
[2026-07-13T23:25:20] M2: random-null pool sizes: heads=[72, 72, 72, 72, 72, 72], neurons=[4915, 4915, 4915, 4915, 4915, 4915] (RN_TOP_LAYERS=6, RN_HEAD_FRAC=0.5, RN_NEURON_FRAC=0.1)
[2026-07-13T23:25:38]   emo=joy random-null draw 25/100
[2026-07-13T23:25:56]   emo=joy random-null draw 50/100
[2026-07-13T23:26:14]   emo=joy random-null draw 75/100
[2026-07-13T23:26:31]   emo=joy random-null draw 100/100
[2026-07-13T23:26:31]   emo=joy random-null: C_e Δ=+1.5672, null mean=+0.1204, z=0.79
[2026-07-13T23:26:50]   emo=sadness random-null draw 25/100
[2026-07-13T23:27:07]   emo=sadness random-null draw 50/100
[2026-07-13T23:27:24]   emo=sadness random-null draw 75/100
[2026-07-13T23:27:42]   emo=sadness random-null draw 100/100
[2026-07-13T23:27:42]   emo=sadness random-null: C_e Δ=+1.9372, null mean=+3.8709, z=-1.20
[2026-07-13T23:28:01]   emo=anger random-null draw 25/100
[2026-07-13T23:28:19]   emo=anger random-null draw 50/100
[2026-07-13T23:28:40]   emo=anger random-null draw 75/100
[2026-07-13T23:29:01]   emo=anger random-null draw 100/100
[2026-07-13T23:29:01]   emo=anger random-null: C_e Δ=+1.6413, null mean=+5.2890, z=-0.72
[2026-07-13T23:29:24]   emo=fear random-null draw 25/100
[2026-07-13T23:29:42]   emo=fear random-null draw 50/100
[2026-07-13T23:30:00]   emo=fear random-null draw 75/100
[2026-07-13T23:30:18]   emo=fear random-null draw 100/100
[2026-07-13T23:30:18]   emo=fear random-null: C_e Δ=+5.8280, null mean=-1.6884, z=7.27
[2026-07-13T23:30:36]   emo=surprise random-null draw 25/100
[2026-07-13T23:30:54]   emo=surprise random-null draw 50/100
[2026-07-13T23:31:13]   emo=surprise random-null draw 75/100
[2026-07-13T23:31:35]   emo=surprise random-null draw 100/100
[2026-07-13T23:31:35]   emo=surprise random-null: C_e Δ=+2.0176, null mean=-6.1691, z=13.97
[2026-07-13T23:31:57]   emo=disgust random-null draw 25/100
[2026-07-13T23:32:17]   emo=disgust random-null draw 50/100
[2026-07-13T23:32:38]   emo=disgust random-null draw 75/100
[2026-07-13T23:32:59]   emo=disgust random-null draw 100/100
[2026-07-13T23:32:59]   emo=disgust random-null: C_e Δ=+1.3378, null mean=-25.2391, z=16.43
[2026-07-13T23:32:59] M2: targeted-C_{e'} control
[2026-07-13T23:33:03]   emo=joy targeted: 4/5 e' pass at 95% CI
[2026-07-13T23:33:07]   emo=sadness targeted: 3/5 e' pass at 95% CI
[2026-07-13T23:33:12]   emo=anger targeted: 3/5 e' pass at 95% CI
[2026-07-13T23:33:16]   emo=fear targeted: 5/5 e' pass at 95% CI
[2026-07-13T23:33:20]   emo=surprise targeted: 2/5 e' pass at 95% CI
[2026-07-13T23:33:24]   emo=disgust targeted: 3/5 e' pass at 95% CI
[2026-07-13T23:33:24] M2: scenario stability skipped (--skip_stability)
[2026-07-13T23:33:24] M2: cross-emotion overlap (Claim 2e)
[2026-07-13T23:33:24] M2: DONE. Overall verdict = not-supported. Per-emotion: {'full': 0, 'partial': 0, 'causal-only': 0, 'not-supported': 6}
