`torch_dtype` is deprecated! Use `dtype` instead!
[m2.3] pythia-410m × personal
[m2.3] tasks loaded: target=681, other=681, wk=227, ppl_tokens=1048576
[m2.3] ranked candidates: 384
[m2.3] measuring clean baselines...
[m2.3] clean: target=0.8517, other=0.4567, wk=0.8811, ppl=10.013 (56.2s)
[m2.3] add head=(L21,H3) |S|=1 drop_t=0.019 drop_o=-0.023 drop_wk=0.000 ppl_r=1.000 pass(a,c,d)=(False,True,True) (56.0s)
[m2.3] add head=(L21,H6) |S|=2 drop_t=0.019 drop_o=-0.015 drop_wk=0.004 ppl_r=1.001 pass(a,c,d)=(False,True,True) (56.2s)
[m2.3] add head=(L19,H4) |S|=3 drop_t=0.013 drop_o=0.010 drop_wk=0.000 ppl_r=1.002 pass(a,c,d)=(False,True,True) (56.3s)
[m2.3] add head=(L20,H2) |S|=4 drop_t=0.015 drop_o=0.021 drop_wk=0.000 ppl_r=1.004 pass(a,c,d)=(False,True,True) (56.8s)
[m2.3] add head=(L22,H13) |S|=5 drop_t=0.016 drop_o=0.022 drop_wk=0.000 ppl_r=1.004 pass(a,c,d)=(False,True,True) (56.9s)
[m2.3] add head=(L23,H13) |S|=6 drop_t=0.013 drop_o=0.021 drop_wk=0.000 ppl_r=1.005 pass(a,c,d)=(False,True,True) (56.9s)
[m2.3] add head=(L23,H11) |S|=7 drop_t=0.009 drop_o=0.022 drop_wk=0.000 ppl_r=1.006 pass(a,c,d)=(False,True,True) (56.8s)
[m2.3] add head=(L23,H6) |S|=8 drop_t=0.009 drop_o=0.019 drop_wk=0.004 ppl_r=1.006 pass(a,c,d)=(False,True,True) (57.0s)
[m2.3] add head=(L19,H11) |S|=9 drop_t=0.010 drop_o=0.018 drop_wk=0.004 ppl_r=1.007 pass(a,c,d)=(False,True,True) (57.4s)
[m2.3] add head=(L22,H4) |S|=10 drop_t=0.009 drop_o=0.022 drop_wk=0.004 ppl_r=1.007 pass(a,c,d)=(False,True,True) (57.5s)
[m2.3] add head=(L19,H12) |S|=11 drop_t=0.013 drop_o=0.035 drop_wk=0.000 ppl_r=1.010 pass(a,c,d)=(False,True,True) (57.6s)
[m2.3] add head=(L19,H10) |S|=12 drop_t=0.013 drop_o=0.013 drop_wk=0.004 ppl_r=1.011 pass(a,c,d)=(False,True,True) (57.7s)
[m2.3] add head=(L19,H7) |S|=13 drop_t=0.009 drop_o=0.041 drop_wk=0.004 ppl_r=1.014 pass(a,c,d)=(False,True,True) (57.8s)
[m2.3] add head=(L21,H9) |S|=14 drop_t=0.010 drop_o=0.028 drop_wk=0.004 ppl_r=1.014 pass(a,c,d)=(False,True,True) (57.8s)
[m2.3] add head=(L21,H14) |S|=15 drop_t=0.009 drop_o=0.029 drop_wk=0.004 ppl_r=1.016 pass(a,c,d)=(False,True,True) (57.7s)
[m2.3] add head=(L13,H1) |S|=16 drop_t=0.207 drop_o=-0.175 drop_wk=0.004 ppl_r=1.022 pass(a,c,d)=(False,True,True) (58.1s)
[m2.3] add head=(L10,H9) |S|=17 drop_t=0.214 drop_o=-0.204 drop_wk=0.004 ppl_r=1.023 pass(a,c,d)=(False,True,True) (58.4s)
[m2.3] add head=(L11,H9) |S|=18 drop_t=0.291 drop_o=-0.254 drop_wk=0.000 ppl_r=1.034 pass(a,c,d)=(False,True,True) (58.8s)
[m2.3] add head=(L23,H15) |S|=19 drop_t=0.291 drop_o=-0.260 drop_wk=0.000 ppl_r=1.034 pass(a,c,d)=(False,True,True) (58.8s)
[m2.3] add head=(L8,H8) |S|=20 drop_t=0.380 drop_o=-0.294 drop_wk=0.000 ppl_r=1.043 pass(a,c,d)=(True,True,True) (59.1s)
[m2.3] remove (L23,H15) → |S|=19 (kept)
[m2.3] remove (L11,H9) → |S|=18 (kept)
[m2.3] remove (L10,H9) → |S|=17 (kept)
[m2.3] remove (L21,H14) → |S|=16 (kept)
[m2.3] remove (L19,H7) → |S|=15 (kept)
[m2.3] remove (L21,H9) → |S|=14 (kept)
[m2.3] remove (L19,H10) → |S|=13 (kept)
[m2.3] remove (L19,H12) → |S|=12 (kept)
[m2.3] remove (L22,H4) → |S|=11 (kept)
[m2.3] remove (L19,H11) → |S|=10 (kept)
[m2.3] remove (L23,H6) → |S|=9 (kept)
[m2.3] remove (L23,H11) → |S|=8 (kept)
[m2.3] remove (L23,H13) → |S|=7 (kept)
[m2.3] remove (L22,H13) → |S|=6 (kept)
[m2.3] remove (L20,H2) → |S|=5 (kept)
[m2.3] remove (L19,H4) → |S|=4 (kept)
[m2.3] remove (L21,H6) → |S|=3 (kept)
[m2.3] remove (L21,H3) → |S|=2 (kept)
[m2.3] status=localized |H*|=2 → refine-logs/artifacts/hstar/pythia-410m/H_personal.json
