`torch_dtype` is deprecated! Use `dtype` instead!
[m2.3] pythia-2.8b × personal
[m2.3] tasks loaded: target=681, other=681, wk=227, ppl_tokens=1048576
[m2.3] ranked candidates: 1024
[m2.3] measuring clean baselines...
[m2.3] clean: target=0.9941, other=0.7959, wk=0.9604, ppl=7.330 (92.6s)
[m2.3] add head=(L14,H16) |S|=1 drop_t=0.000 drop_o=-0.053 drop_wk=0.004 ppl_r=1.001 pass(a,c,d)=(False,True,True) (92.4s)
[m2.3] add head=(L15,H3) |S|=2 drop_t=0.091 drop_o=-0.128 drop_wk=0.000 ppl_r=1.003 pass(a,c,d)=(False,True,True) (92.3s)
[m2.3] add head=(L27,H21) |S|=3 drop_t=0.091 drop_o=-0.128 drop_wk=0.000 ppl_r=1.004 pass(a,c,d)=(False,True,True) (92.6s)
[m2.3] add head=(L13,H1) |S|=4 drop_t=0.113 drop_o=-0.144 drop_wk=0.004 ppl_r=1.006 pass(a,c,d)=(False,True,True) (92.5s)
[m2.3] add head=(L6,H6) |S|=5 drop_t=0.113 drop_o=-0.140 drop_wk=0.009 ppl_r=1.008 pass(a,c,d)=(False,True,True) (93.2s)
[m2.3] add head=(L15,H14) |S|=6 drop_t=0.112 drop_o=-0.141 drop_wk=0.013 ppl_r=1.009 pass(a,c,d)=(False,True,True) (93.2s)
[m2.3] add head=(L12,H15) |S|=7 drop_t=0.126 drop_o=-0.166 drop_wk=0.018 ppl_r=1.011 pass(a,c,d)=(False,True,True) (93.9s)
[m2.3] add head=(L9,H15) |S|=8 drop_t=0.116 drop_o=-0.170 drop_wk=0.018 ppl_r=1.014 pass(a,c,d)=(False,True,True) (94.0s)
[m2.3] add head=(L17,H15) |S|=9 drop_t=0.109 drop_o=-0.173 drop_wk=0.018 ppl_r=1.014 pass(a,c,d)=(False,True,True) (93.9s)
[m2.3] add head=(L9,H24) |S|=10 drop_t=0.113 drop_o=-0.194 drop_wk=0.018 ppl_r=1.017 pass(a,c,d)=(False,True,True) (94.3s)
[m2.3] add head=(L10,H26) |S|=11 drop_t=0.135 drop_o=-0.181 drop_wk=0.013 ppl_r=1.019 pass(a,c,d)=(False,True,True) (94.6s)
[m2.3] add head=(L12,H27) |S|=12 drop_t=0.210 drop_o=-0.186 drop_wk=0.013 ppl_r=1.020 pass(a,c,d)=(False,True,True) (94.7s)
[m2.3] add head=(L12,H4) |S|=13 drop_t=0.457 drop_o=-0.198 drop_wk=0.018 ppl_r=1.022 pass(a,c,d)=(True,True,True) (93.9s)
[m2.3] remove (L12,H27) → |S|=12 (kept)
[m2.3] remove (L10,H26) → |S|=11 (kept)
[m2.3] remove (L17,H15) → |S|=10 (kept)
[m2.3] remove (L9,H15) → |S|=9 (kept)
[m2.3] remove (L9,H24) → |S|=8 (kept)
[m2.3] remove (L12,H15) → |S|=7 (kept)
[m2.3] remove (L15,H14) → |S|=6 (kept)
[m2.3] remove (L6,H6) → |S|=5 (kept)
[m2.3] remove (L27,H21) → |S|=4 (kept)
[m2.3] status=localized |H*|=4 → refine-logs/artifacts/hstar/pythia-2.8b/H_personal.json
