[dispatch] launching M0.9_T_treated_lr5e-6_seed42 on GPU 0
[dispatch] launching M0.9_T_treated_lr5e-6_seed200 on GPU 1
[dispatch] launching M0.9_T_treated_lr5e-6_seed201 on GPU 2
[dispatch] launching M0.9_T_treated_lr2e-5_seed42 on GPU 3
[dispatch] M0.9_T_treated_lr5e-6_seed42 OK (4396s)
[dispatch] M0.9_T_treated_lr5e-6_seed200 OK (4396s)
[dispatch] M0.9_T_treated_lr5e-6_seed201 OK (4396s)
[dispatch] M0.9_T_treated_lr2e-5_seed42 OK (4396s)
[dispatch] launching M0.9_T_treated_lr2e-5_seed200 on GPU 0
[dispatch] launching M0.9_T_treated_lr2e-5_seed201 on GPU 1
[dispatch] launching M0.9_T_treated_lr5e-5_seed42 on GPU 2
[dispatch] launching M0.9_T_treated_lr5e-5_seed200 on GPU 3
[dispatch] M0.9_T_treated_lr2e-5_seed200 OK (3107s)
[dispatch] M0.9_T_treated_lr2e-5_seed201 OK (3107s)
[dispatch] M0.9_T_treated_lr5e-5_seed42 OK (3107s)
[dispatch] M0.9_T_treated_lr5e-5_seed200 OK (3107s)
[dispatch] launching M0.9_T_treated_lr5e-5_seed201 on GPU 0
[dispatch] launching M0.9_T_treated_lr1e-4_seed42 on GPU 1
[dispatch] launching M0.9_T_treated_lr1e-4_seed200 on GPU 2
[dispatch] launching M0.9_T_treated_lr1e-4_seed201 on GPU 3
[dispatch] M0.9_T_treated_lr5e-5_seed201 OK (350s)
[dispatch] M0.9_T_treated_lr1e-4_seed42 OK (359s)
[dispatch] M0.9_T_treated_lr1e-4_seed200 OK (359s)
[dispatch] M0.9_T_treated_lr1e-4_seed201 OK (359s)
[dispatch] launching M0.9_T_treated_lr2e-4_seed42 on GPU 0
[dispatch] launching M0.9_T_treated_lr2e-4_seed200 on GPU 1
[dispatch] launching M0.9_T_treated_lr2e-4_seed201 on GPU 2
[dispatch] launching M0.9_T_treated_lr5e-4_seed42 on GPU 3
[dispatch] M0.9_T_treated_lr2e-4_seed42 OK (335s)
[dispatch] M0.9_T_treated_lr2e-4_seed200 OK (338s)
[dispatch] M0.9_T_treated_lr2e-4_seed201 OK (341s)
[dispatch] M0.9_T_treated_lr5e-4_seed42 OK (341s)
[dispatch] launching M0.9_T_treated_lr5e-4_seed200 on GPU 0
[dispatch] launching M0.9_T_treated_lr5e-4_seed201 on GPU 1
[dispatch] launching M0.9_T_treated_lr1e-3_seed42 on GPU 2
[dispatch] launching M0.9_T_treated_lr1e-3_seed200 on GPU 3
[dispatch] M0.9_T_treated_lr5e-4_seed200 OK (346s)
[dispatch] M0.9_T_treated_lr5e-4_seed201 OK (348s)
[dispatch] M0.9_T_treated_lr1e-3_seed42 OK (378s)
[dispatch] M0.9_T_treated_lr1e-3_seed200 OK (378s)
[dispatch] launching M0.9_T_treated_lr1e-3_seed201 on GPU 0
[dispatch] launching M0.9_T_treated_lr2e-3_seed42 on GPU 1
[dispatch] launching M0.9_T_treated_lr2e-3_seed200 on GPU 2
[dispatch] launching M0.9_T_treated_lr2e-3_seed201 on GPU 3
[dispatch] M0.9_T_treated_lr1e-3_seed201 OK (391s)
[dispatch] M0.9_T_treated_lr2e-3_seed42 OK (432s)
[dispatch] M0.9_T_treated_lr2e-3_seed200 OK (432s)
[dispatch] M0.9_T_treated_lr2e-3_seed201 OK (432s)
[dispatch] launching M0.10_treated_lr5e-6_seed42 on GPU 0
[dispatch] launching M0.10_treated_lr5e-6_seed200 on GPU 1
[dispatch] launching M0.10_treated_lr5e-6_seed201 on GPU 2
[dispatch] launching M0.10_treated_lr2e-5_seed42 on GPU 3
[dispatch] M0.10_treated_lr5e-6_seed42 OK (122s)
[dispatch] M0.10_treated_lr5e-6_seed200 OK (122s)
[dispatch] M0.10_treated_lr5e-6_seed201 OK (122s)
[dispatch] M0.10_treated_lr2e-5_seed42 OK (122s)
[dispatch] launching M0.10_treated_lr2e-5_seed200 on GPU 0
[dispatch] launching M0.10_treated_lr2e-5_seed201 on GPU 1
[dispatch] launching M0.10_treated_lr5e-5_seed42 on GPU 2
[dispatch] launching M0.10_treated_lr5e-5_seed200 on GPU 3
[dispatch] M0.10_treated_lr2e-5_seed200 OK (107s)
[dispatch] M0.10_treated_lr2e-5_seed201 OK (109s)
[dispatch] M0.10_treated_lr5e-5_seed42 OK (109s)
[dispatch] M0.10_treated_lr5e-5_seed200 OK (109s)
[dispatch] launching M0.10_treated_lr5e-5_seed201 on GPU 0
[dispatch] launching M0.10_treated_lr1e-4_seed42 on GPU 1
[dispatch] launching M0.10_treated_lr1e-4_seed200 on GPU 2
[dispatch] launching M0.10_treated_lr1e-4_seed201 on GPU 3
[dispatch] M0.10_treated_lr5e-5_seed201 OK (110s)
[dispatch] M0.10_treated_lr1e-4_seed42 OK (113s)
[dispatch] M0.10_treated_lr1e-4_seed200 OK (113s)
[dispatch] M0.10_treated_lr1e-4_seed201 OK (113s)
[dispatch] launching M0.10_treated_lr2e-4_seed42 on GPU 0
[dispatch] launching M0.10_treated_lr2e-4_seed200 on GPU 1
[dispatch] launching M0.10_treated_lr2e-4_seed201 on GPU 2
[dispatch] launching M0.10_treated_lr5e-4_seed42 on GPU 3
[dispatch] M0.10_treated_lr2e-4_seed42 OK (110s)
[dispatch] M0.10_treated_lr2e-4_seed200 OK (110s)
[dispatch] M0.10_treated_lr2e-4_seed201 OK (110s)
[dispatch] M0.10_treated_lr5e-4_seed42 OK (110s)
[dispatch] launching M0.10_treated_lr5e-4_seed200 on GPU 0
[dispatch] launching M0.10_treated_lr5e-4_seed201 on GPU 1
[dispatch] launching M0.10_treated_lr1e-3_seed42 on GPU 2
[dispatch] launching M0.10_treated_lr1e-3_seed200 on GPU 3
[dispatch] M0.10_treated_lr5e-4_seed200 OK (109s)
[dispatch] M0.10_treated_lr5e-4_seed201 OK (109s)
[dispatch] M0.10_treated_lr1e-3_seed42 OK (109s)
[dispatch] M0.10_treated_lr1e-3_seed200 OK (109s)
[dispatch] launching M0.10_treated_lr1e-3_seed201 on GPU 0
[dispatch] launching M0.10_treated_lr2e-3_seed42 on GPU 1
[dispatch] launching M0.10_treated_lr2e-3_seed200 on GPU 2
[dispatch] launching M0.10_treated_lr2e-3_seed201 on GPU 3
[dispatch] M0.10_treated_lr1e-3_seed201 OK (111s)
[dispatch] M0.10_treated_lr2e-3_seed42 OK (127s)
[dispatch] M0.10_treated_lr2e-3_seed200 OK (127s)
[dispatch] M0.10_treated_lr2e-3_seed201 OK (127s)
[dispatch] 48 jobs total, 0 failed
