| arm | W | nt/seq | scorer calls/seq | GPU-s/seq | valid-ORF | helix_hgi | pLDDT | Δ vs base W=0 [95% CI] |
|---|---|---|---|---|---|---|---|---|
| base | 0 | 300 | 0 | 0.13 | 0.82 | 0.4354 ± 0.0227 | 64.9 | +0.0000 [+0.0000, +0.0000] |
| base | 1 | 300 | 5 | 0.33 | 0.86 | 0.4093 ± 0.0228 | 61.8 | -0.0129 [-0.0636, +0.0388] |
| base | 2 | 1080 | 18 | 1.07 | 0.95 | 0.5399 ± 0.0247 | 65.2 | +0.0939 [+0.0338, +0.1522] |
| base | 4 | 2160 | 36 | 2.05 | 0.99 | 0.6403 ± 0.0238 | 67.8 | +0.1815 [+0.1233, +0.2401] |
| base | 8 | 4320 | 72 | 4.12 | 1.00 | 0.6853 ± 0.0251 | 72.9 | +0.2317 [+0.1716, +0.2939] |
| base | 16 | 8640 | 144 | 8.10 | 1.00 | 0.7349 ± 0.0239 | 76.3 | +0.2693 [+0.2109, +0.3277] |
| base | 32 | 17280 | 288 | 16.32 | 1.00 | 0.7456 ± 0.0251 | 77.2 | +0.2787 [+0.2165, +0.3394] |
| base | 64 | 34560 | 576 | 32.54 | 1.00 | 0.7739 ± 0.0236 | 78.0 | +0.3134 [+0.2537, +0.3732] |
| steer | 0 | 300 | 0 | 0.12 | 0.90 | 0.5711 ± 0.0280 | 61.2 | +0.1295 [+0.0671, +0.1928] |
| steer | 1 | 300 | 5 | 0.34 | 0.94 | 0.5495 ± 0.0288 | 60.2 | +0.1161 [+0.0545, +0.1768] |
| steer | 2 | 1080 | 18 | 1.07 | 0.99 | 0.6625 ± 0.0266 | 61.0 | +0.2243 [+0.1663, +0.2839] |
| steer | 4 | 2160 | 36 | 2.43 | 0.99 | 0.7342 ± 0.0233 | 64.9 | +0.2864 [+0.2297, +0.3432] |
| steer | 8 | 4320 | 72 | 4.84 | 1.00 | 0.7689 ± 0.0222 | 68.5 | +0.3165 [+0.2580, +0.3770] |
| steer | 16 | 8640 | 144 | 8.20 | 1.00 | 0.7997 ± 0.0214 | 72.6 | +0.3471 [+0.2869, +0.4076] |
| steer | 32 | 17280 | 288 | 16.38 | 1.00 | 0.8267 ± 0.0202 | 75.1 | +0.3725 [+0.3118, +0.4320] |
| steer | 64 | 34560 | 576 | 32.64 | 1.00 | 0.8232 ± 0.0206 | 73.5 | +0.3716 [+0.3120, +0.4309] |

**Scorer reliability on generated sequences** (Spearman rho vs held-out ESMFold+DSSP helix, n=1344): probe 0.895, Chou-Fasman 0.647, ensemble 0.846

| config | n | clusters@50% | clusters@90% | mean pairwise id |
|---|---|---|---|---|
| base_W0 | 82 | 82 | 82 | 0.075 |
| base_W1 | 86 | 86 | 86 | 0.072 |
| base_W16 | 100 | 99 | 100 | 0.117 |
| base_W2 | 95 | 95 | 95 | 0.075 |
| base_W32 | 100 | 98 | 100 | 0.139 |
| base_W4 | 99 | 99 | 99 | 0.083 |
| base_W8 | 100 | 100 | 100 | 0.095 |
| steer_W0 | 90 | 90 | 90 | 0.071 |
| steer_W1 | 94 | 94 | 94 | 0.074 |
| steer_W16 | 100 | 100 | 100 | 0.097 |
| steer_W2 | 99 | 99 | 99 | 0.076 |
| steer_W32 | 100 | 100 | 100 | 0.114 |
| steer_W4 | 99 | 99 | 99 | 0.079 |
| steer_W8 | 100 | 100 | 100 | 0.089 |

