[probe] 1768 proteins, 1467 clusters -> 293 test clusters (homology-split)
Some weights of EsmModel were not initialized from the model checkpoint at /data/wanghaoxiong/Mechanist-DNA-experiment/20260815_v1/models/esm2_650m and are newly initialized: ['pooler.dense.bias', 'pooler.dense.weight']
You should probably TRAIN this model on a down-stream task to be able to use it for predictions and inference.
[probe] embed 0/1768 (0s)
[probe] embed 200/1768 (3s)
[probe] embed 400/1768 (5s)
[probe] embed 600/1768 (7s)
[probe] embed 800/1768 (9s)
[probe] embed 1000/1768 (12s)
[probe] embed 1200/1768 (15s)
[probe] embed 1400/1768 (18s)
[probe] embed 1600/1768 (20s)
[probe] train residues 414651 (helix 0.447) | test 105087
/data/wanghaoxiong/Mechanist-DNA-experiment/early_try_v6_refine/method_compare/code/train_ss_probe.py:109: UserWarning: Converting a tensor with requires_grad=True to a scalar may lead to unexpected behavior.
Consider using tensor.detach() first. (Triggered internally at /pytorch/torch/csrc/autograd/generated/python_variable_methods.cpp:838.)
  tot += float(loss) * len(idx)
[probe] epoch 0 loss=0.3040 test_residue_AUROC=0.9647
[probe] epoch 1 loss=0.2327 test_residue_AUROC=0.9673
[probe] epoch 2 loss=0.2208 test_residue_AUROC=0.9690
[probe] epoch 3 loss=0.2091 test_residue_AUROC=0.9697
[probe] epoch 4 loss=0.1987 test_residue_AUROC=0.9699
[probe] epoch 5 loss=0.1882 test_residue_AUROC=0.9695
[probe] epoch 6 loss=0.1771 test_residue_AUROC=0.9691
[probe] epoch 7 loss=0.1656 test_residue_AUROC=0.9687
[probe] epoch 8 loss=0.1535 test_residue_AUROC=0.9678
[probe] epoch 9 loss=0.1409 test_residue_AUROC=0.9671
[probe] epoch 10 loss=0.1282 test_residue_AUROC=0.9655
[probe] epoch 11 loss=0.1160 test_residue_AUROC=0.9648
[probe] protein-level Spearman rho (full, n=368) = 0.9742
[probe] protein-level Spearman rho (trunc120, n=353) = 0.9682
[probe] protein-level Spearman rho (trunc80, n=339) = 0.9676
[probe] protein-level Spearman rho (trunc40, n=263) = 0.9492
[probe] protein-level Spearman rho (trunc20, n=169) = 0.9233
[probe] WROTE /data/wanghaoxiong/Mechanist-DNA-experiment/early_try_v6_refine/method_compare/results/ss_probe.pt
