{
  "acc_ctrla": 0.7593984962406015,
  "per_lr": {
    "5e-6": {
      "n_healthy": 3,
      "n_unhealthy": 0,
      "treated_acc_mean": 0.7481203007518796,
      "delta_a_pp": 1.1278195488721887,
      "unhealthy_reasons": []
    },
    "2e-5": {
      "n_healthy": 3,
      "n_unhealthy": 0,
      "treated_acc_mean": 0.7844611528822055,
      "delta_a_pp": -2.506265664160401,
      "unhealthy_reasons": []
    },
    "5e-5": {
      "n_healthy": 3,
      "n_unhealthy": 0,
      "treated_acc_mean": 0.8020050125313283,
      "delta_a_pp": -4.260651629072676,
      "unhealthy_reasons": []
    },
    "1e-4": {
      "n_healthy": 3,
      "n_unhealthy": 0,
      "treated_acc_mean": 0.7857142857142857,
      "delta_a_pp": -2.631578947368418,
      "unhealthy_reasons": []
    },
    "2e-4": {
      "n_healthy": 3,
      "n_unhealthy": 0,
      "treated_acc_mean": 0.7180451127819549,
      "delta_a_pp": 4.135338345864659,
      "unhealthy_reasons": []
    },
    "5e-4": {
      "n_healthy": 1,
      "n_unhealthy": 2,
      "treated_acc_mean": 0.5526315789473684,
      "delta_a_pp": 20.676691729323316,
      "unhealthy_reasons": [
        {
          "seed": 200,
          "reason": "collapsed|drop_pp=25.0"
        },
        {
          "seed": 201,
          "reason": "collapsed|drop_pp=25.0"
        }
      ]
    },
    "1e-3": {
      "n_healthy": 0,
      "n_unhealthy": 3,
      "treated_acc_mean": null,
      "delta_a_pp": null,
      "unhealthy_reasons": [
        {
          "seed": 42,
          "reason": "collapsed|drop_pp=25.0"
        },
        {
          "seed": 200,
          "reason": "collapsed|drop_pp=25.0"
        },
        {
          "seed": 201,
          "reason": "collapsed|drop_pp=25.0"
        }
      ]
    },
    "2e-3": {
      "n_healthy": 0,
      "n_unhealthy": 3,
      "treated_acc_mean": null,
      "delta_a_pp": null,
      "unhealthy_reasons": [
        {
          "seed": 42,
          "reason": "collapsed|drop_pp=20.0"
        },
        {
          "seed": 200,
          "reason": "collapsed|drop_pp=20.0"
        },
        {
          "seed": 201,
          "reason": "collapsed|drop_pp=25.0"
        }
      ]
    }
  },
  "notes": "delta_a_pp > 0 means treated < Ctrl-A (correct direction). Positive delta indicates C1-signal magnitude."
}

Picked Ctrl-B LRs: ['2e-4']
Reason: top-3 LRs by delta_a_pp ≥ 3pp (correct direction, candidates for M0's double-drop check)

pruned stageF_ctrlb_sft: 24 -> 3
pruned stageG_ctrlb_eval: 24 -> 3
pruned stageG_ctrlb_health: 24 -> 3
