[Tue Jul 21 00:54:57 CST 2026] pipeline_monitor start
[Tue Jul 21 00:54:57 CST 2026] waiting for Stage BC to finish
00:54:57 Stage BC: SFT=3/24  Ctrl-A_eval=0/1
00:56:27 Stage BC: SFT=3/24  Ctrl-A_eval=0/1
00:57:57 Stage BC: SFT=3/24  Ctrl-A_eval=0/1
00:59:27 Stage BC: SFT=3/24  Ctrl-A_eval=0/1
01:00:57 Stage BC: SFT=3/24  Ctrl-A_eval=0/1
01:02:27 Stage BC: SFT=5/24  Ctrl-A_eval=0/1
01:03:57 Stage BC: SFT=6/24  Ctrl-A_eval=0/1
01:05:27 Stage BC: SFT=6/24  Ctrl-A_eval=0/1
01:06:57 Stage BC: SFT=6/24  Ctrl-A_eval=0/1
01:08:27 Stage BC: SFT=6/24  Ctrl-A_eval=0/1
01:09:57 Stage BC: SFT=6/24  Ctrl-A_eval=0/1
01:11:27 Stage BC: SFT=9/24  Ctrl-A_eval=0/1
01:12:57 Stage BC: SFT=9/24  Ctrl-A_eval=0/1
01:14:27 Stage BC: SFT=9/24  Ctrl-A_eval=0/1
01:15:57 Stage BC: SFT=9/24  Ctrl-A_eval=0/1
01:17:27 Stage BC: SFT=9/24  Ctrl-A_eval=0/1
01:18:57 Stage BC: SFT=9/24  Ctrl-A_eval=0/1
01:20:27 Stage BC: SFT=12/24  Ctrl-A_eval=0/1
01:21:57 Stage BC: SFT=12/24  Ctrl-A_eval=0/1
01:23:27 Stage BC: SFT=12/24  Ctrl-A_eval=0/1
01:24:57 Stage BC: SFT=12/24  Ctrl-A_eval=0/1
01:26:27 Stage BC: SFT=12/24  Ctrl-A_eval=0/1
01:27:57 Stage BC: SFT=12/24  Ctrl-A_eval=0/1
01:29:27 Stage BC: SFT=15/24  Ctrl-A_eval=0/1
01:30:57 Stage BC: SFT=15/24  Ctrl-A_eval=0/1
01:32:27 Stage BC: SFT=15/24  Ctrl-A_eval=0/1
01:33:57 Stage BC: SFT=15/24  Ctrl-A_eval=0/1
01:35:27 Stage BC: SFT=15/24  Ctrl-A_eval=0/1
01:36:57 Stage BC: SFT=18/24  Ctrl-A_eval=0/1
01:38:27 Stage BC: SFT=18/24  Ctrl-A_eval=0/1
01:39:57 Stage BC: SFT=18/24  Ctrl-A_eval=0/1
01:41:27 Stage BC: SFT=18/24  Ctrl-A_eval=0/1
01:42:57 Stage BC: SFT=18/24  Ctrl-A_eval=1/1
01:44:27 Stage BC: SFT=18/24  Ctrl-A_eval=1/1
01:45:57 Stage BC: SFT=21/24  Ctrl-A_eval=1/1
01:47:27 Stage BC: SFT=21/24  Ctrl-A_eval=1/1
01:48:57 Stage BC: SFT=21/24  Ctrl-A_eval=1/1
01:50:27 Stage BC: SFT=21/24  Ctrl-A_eval=1/1
01:51:57 Stage BC: SFT=21/24  Ctrl-A_eval=1/1
01:53:27 Stage BC: SFT=21/24  Ctrl-A_eval=1/1
[Tue Jul 21 01:54:57 CST 2026] Stage BC done
[Tue Jul 21 01:54:57 CST 2026] launching Stage D (48 jobs)
[Tue Jul 21 04:36:40 CST 2026] Stage D done
[Tue Jul 21 04:36:40 CST 2026] picking Ctrl-B LRs
[Tue Jul 21 04:36:40 CST 2026] Ctrl-B jobs: 3
[Tue Jul 21 04:36:40 CST 2026] launching Stage F
[Tue Jul 21 04:54:59 CST 2026] Stage F done
[Tue Jul 21 04:54:59 CST 2026] launching Stage G
[Tue Jul 21 06:14:15 CST 2026] Stage G done
[Tue Jul 21 06:14:15 CST 2026] compiling M0 verdict
[Tue Jul 21 06:14:15 CST 2026] pipeline_monitor DONE
