{
  "phenomenon_status": "not-established",
  "reason": "(a) fails on all 8 LRs: no LR shows \u22653.0pp drop vs BOTH controls (Ctrl-A and Ctrl-B) on EVERY ONE of \u22653 healthy seeds (strict seed-wise reproducibility per FINAL_PROPOSAL.md \u00a72 criterion 2 and task.md M0)",
  "chosen_lr": null,
  "acc_ctrla": 0.7593984962406015,
  "per_lr": {
    "1e-3": {
      "treated": {
        "n_runs": 3,
        "n_healthy": 0,
        "n_unhealthy": 3,
        "healthy_seeds": [],
        "acc_mean": null,
        "acc_std": 0.0,
        "unhealthy_reasons": [
          {
            "seed": 200,
            "reason": "collapsed|drop_pp=25.0"
          },
          {
            "seed": 201,
            "reason": "collapsed|drop_pp=25.0"
          },
          {
            "seed": 42,
            "reason": "collapsed|drop_pp=25.0"
          }
        ]
      },
      "ctrlb": {
        "n_runs": 0,
        "n_healthy": 0,
        "n_unhealthy": 0,
        "healthy_seeds": [],
        "acc_mean": null,
        "acc_std": 0.0,
        "unhealthy_reasons": []
      }
    },
    "1e-4": {
      "treated": {
        "n_runs": 3,
        "n_healthy": 3,
        "n_unhealthy": 0,
        "healthy_seeds": [
          200,
          201,
          42
        ],
        "acc_mean": 0.7857142857142857,
        "acc_std": 0.015037593984962405,
        "unhealthy_reasons": []
      },
      "ctrlb": {
        "n_runs": 0,
        "n_healthy": 0,
        "n_unhealthy": 0,
        "healthy_seeds": [],
        "acc_mean": null,
        "acc_std": 0.0,
        "unhealthy_reasons": []
      }
    },
    "2e-3": {
      "treated": {
        "n_runs": 3,
        "n_healthy": 0,
        "n_unhealthy": 3,
        "healthy_seeds": [],
        "acc_mean": null,
        "acc_std": 0.0,
        "unhealthy_reasons": [
          {
            "seed": 200,
            "reason": "collapsed|drop_pp=20.0"
          },
          {
            "seed": 201,
            "reason": "collapsed|drop_pp=25.0"
          },
          {
            "seed": 42,
            "reason": "collapsed|drop_pp=20.0"
          }
        ]
      },
      "ctrlb": {
        "n_runs": 0,
        "n_healthy": 0,
        "n_unhealthy": 0,
        "healthy_seeds": [],
        "acc_mean": null,
        "acc_std": 0.0,
        "unhealthy_reasons": []
      }
    },
    "2e-4": {
      "treated": {
        "n_runs": 3,
        "n_healthy": 3,
        "n_unhealthy": 0,
        "healthy_seeds": [
          200,
          201,
          42
        ],
        "acc_mean": 0.7180451127819549,
        "acc_std": 0.04619626213325001,
        "unhealthy_reasons": []
      },
      "ctrlb": {
        "n_runs": 3,
        "n_healthy": 3,
        "n_unhealthy": 0,
        "healthy_seeds": [
          200,
          201,
          42
        ],
        "acc_mean": 0.7431077694235589,
        "acc_std": 0.02297030423536757,
        "unhealthy_reasons": []
      }
    },
    "2e-5": {
      "treated": {
        "n_runs": 3,
        "n_healthy": 3,
        "n_unhealthy": 0,
        "healthy_seeds": [
          200,
          201,
          42
        ],
        "acc_mean": 0.7844611528822055,
        "acc_std": 0.014232852996993145,
        "unhealthy_reasons": []
      },
      "ctrlb": {
        "n_runs": 0,
        "n_healthy": 0,
        "n_unhealthy": 0,
        "healthy_seeds": [],
        "acc_mean": null,
        "acc_std": 0.0,
        "unhealthy_reasons": []
      }
    },
    "5e-4": {
      "treated": {
        "n_runs": 3,
        "n_healthy": 1,
        "n_unhealthy": 2,
        "healthy_seeds": [
          42
        ],
        "acc_mean": 0.5526315789473684,
        "acc_std": 0.0,
        "unhealthy_reasons": [
          {
            "seed": 200,
            "reason": "collapsed|drop_pp=25.0"
          },
          {
            "seed": 201,
            "reason": "collapsed|drop_pp=25.0"
          }
        ]
      },
      "ctrlb": {
        "n_runs": 0,
        "n_healthy": 0,
        "n_unhealthy": 0,
        "healthy_seeds": [],
        "acc_mean": null,
        "acc_std": 0.0,
        "unhealthy_reasons": []
      }
    },
    "5e-5": {
      "treated": {
        "n_runs": 3,
        "n_healthy": 3,
        "n_unhealthy": 0,
        "healthy_seeds": [
          200,
          201,
          42
        ],
        "acc_mean": 0.8020050125313283,
        "acc_std": 0.015193428136569091,
        "unhealthy_reasons": []
      },
      "ctrlb": {
        "n_runs": 0,
        "n_healthy": 0,
        "n_unhealthy": 0,
        "healthy_seeds": [],
        "acc_mean": null,
        "acc_std": 0.0,
        "unhealthy_reasons": []
      }
    },
    "5e-6": {
      "treated": {
        "n_runs": 3,
        "n_healthy": 3,
        "n_unhealthy": 0,
        "healthy_seeds": [
          200,
          201,
          42
        ],
        "acc_mean": 0.7481203007518796,
        "acc_std": 0.017227728176525733,
        "unhealthy_reasons": []
      },
      "ctrlb": {
        "n_runs": 0,
        "n_healthy": 0,
        "n_unhealthy": 0,
        "healthy_seeds": [],
        "acc_mean": null,
        "acc_std": 0.0,
        "unhealthy_reasons": []
      }
    }
  },
  "criterion_a_pass": false,
  "criterion_b_min_seeds": 3,
  "criterion_c_pass": true,
  "criterion_c_details": {
    "per_arm": {
      "treated": {
        "present": true,
        "source": "final",
        "n_flagged_by_rescan": 5,
        "n_dropped": 5,
        "n_final_after_drop": 3774,
        "pass": true
      },
      "ctrlb": {
        "present": true,
        "source": "final",
        "n_flagged_by_rescan": 94,
        "n_dropped": 94,
        "n_final_after_drop": 7215,
        "pass": true
      }
    },
    "pass": true
  },
  "criterion_d_pass": true,
  "criterion_d_notes": [],
  "delta_pp_threshold": 3.0,
  "collapse_thresh_pp": 10.0,
  "n_runs_qai": 28,
  "n_runs_health": 27
}