[cap2] 927 genes, 290759 codons (~38.1GB)
[common] loading Evo2 evo2_7b_262k from /mnt/quarkfs/share_models/evo2_7b_262k/evo2_7b_262k.pt ...
Loading model from /mnt/quarkfs/share_models/evo2_7b_262k/evo2_7b_262k.pt...
Loading config from configs/evo2-7b-262k.yml...
[08/19/26 03:52:40] INFO     StripedHyena - INFO - Initializing     model.py:645
                             StripedHyena with config:                          
                             {'model_name': 'shc-evo2-7b-8k-2T-v2',             
                             'vocab_size': 512, 'hidden_size':                  
                             4096, 'num_filters': 4096,                         
                             'hcl_layer_idxs': [2, 6, 9, 13, 16,                
                             20, 23, 27, 30], 'hcm_layer_idxs': [1,             
                             5, 8, 12, 15, 19, 22, 26, 29],                     
                             'hcs_layer_idxs': [0, 4, 7, 11, 14,                
                             18, 21, 25, 28], 'attn_layer_idxs':                
                             [3, 10, 17, 24, 31],                               
                             'hcm_filter_length': 128,                          
                             'hcl_filter_groups': 4096,                         
                             'hcm_filter_groups': 256,                          
                             'hcs_filter_groups': 256,                          
                             'hcs_filter_length': 7, 'num_layers':              
                             32, 'short_filter_length': 3,                      
                             'num_attention_heads': 32,                         
                             'short_filter_bias': False,                        
                             'mlp_init_method':                                 
                             'torch.nn.init.zeros_',                            
                             'mlp_output_init_method':                          
                             'torch.nn.init.zeros_', 'eps': 1e-06,              
                             'state_size': 16, 'rotary_emb_base':               
                             10000, 'rotary_emb_scaling_factor':                
                             32, 'use_interpolated_rotary_pos_emb':             
                             True, 'make_vocab_size_divisible_by':              
                             8, 'inner_size_multiple_of': 16,                   
                             'inner_mlp_size': 11008,                           
                             'log_intermediate_values': False,                  
                             'proj_groups': 1,                                  
                             'hyena_filter_groups': 1,                          
                             'column_split_hyena': False,                       
                             'column_split': True, 'interleave':                
                             True, 'evo2_style_activations': True,              
                             'model_parallel_size': 1,                          
                             'pipe_parallel_size': 1,                           
                             'tie_embeddings': True,                            
                             'mha_out_proj_bias': True,                         
                             'hyena_out_proj_bias': True,                       
                             'hyena_flip_x1x2': False,                          
                             'qkv_proj_bias': False,                            
                             'use_fp8_input_projections': False,                
                             'max_seqlen': 262144,                              
                             'max_batch_size': 1, 'final_norm':                 
                             True, 'use_flash_attn': False,                     
                             'use_flash_rmsnorm': False,                        
                             'use_flash_depthwise': False,                      
                             'use_flashfft': False,                             
                             'use_laughing_hyena': False,                       
                             'inference_mode': True,                            
                             'tokenizer_type':                                  
                             'CharLevelTokenizer', 'prefill_style':             
                             'fft', 'mlp_activation': 'gelu',                   
                             'print_activations': False}                        
[08/19/26 03:52:41] INFO     StripedHyena - INFO - Initializing 32  model.py:678
                             blocks...                                          
                    INFO     StripedHyena - INFO - Distributing     model.py:685
                             across 1 GPUs, approximately 32 layers             
                             per GPU                                            
  0%|          | 0/32 [00:00<?, ?it/s]                    INFO     StripedHyena - INFO - Assigned         model.py:703
                             layer_idx=0 to device='cuda:0'                     
                    INFO     StripedHyena - INFO - Parameter count  model.py:704
                             for block 0: 202426112                             
                    INFO     StripedHyena - INFO - Assigned         model.py:703
                             layer_idx=1 to device='cuda:0'                     
                    INFO     StripedHyena - INFO - Parameter count  model.py:704
                             for block 1: 202461184                             
                    INFO     StripedHyena - INFO - Assigned         model.py:703
                             layer_idx=2 to device='cuda:0'                     
                    INFO     StripedHyena - INFO - Parameter count  model.py:704
                             for block 2: 202559488                             
[08/19/26 03:52:42] INFO     StripedHyena - INFO - Assigned         model.py:703
                             layer_idx=3 to device='cuda:0'                     
                    INFO     StripedHyena - INFO - Parameter count  model.py:704
                             for block 3: 202387456                             
 12%|█▎        | 4/32 [00:00<00:00, 39.96it/s]                    INFO     StripedHyena - INFO - Assigned         model.py:703
                             layer_idx=4 to device='cuda:0'                     
                    INFO     StripedHyena - INFO - Parameter count  model.py:704
                             for block 4: 202426112                             
                    INFO     StripedHyena - INFO - Assigned         model.py:703
                             layer_idx=5 to device='cuda:0'                     
                    INFO     StripedHyena - INFO - Parameter count  model.py:704
                             for block 5: 202461184                             
                    INFO     StripedHyena - INFO - Assigned         model.py:703
                             layer_idx=6 to device='cuda:0'                     
                    INFO     StripedHyena - INFO - Parameter count  model.py:704
                             for block 6: 202559488                             
                    INFO     StripedHyena - INFO - Assigned         model.py:703
                             layer_idx=7 to device='cuda:0'                     
                    INFO     StripedHyena - INFO - Parameter count  model.py:704
                             for block 7: 202426112                             
                    INFO     StripedHyena - INFO - Assigned         model.py:703
                             layer_idx=8 to device='cuda:0'                     
                    INFO     StripedHyena - INFO - Parameter count  model.py:704
                             for block 8: 202461184                             
                    INFO     StripedHyena - INFO - Assigned         model.py:703
                             layer_idx=9 to device='cuda:0'                     
                    INFO     StripedHyena - INFO - Parameter count  model.py:704
                             for block 9: 202559488                             
                    INFO     StripedHyena - INFO - Assigned         model.py:703
                             layer_idx=10 to device='cuda:0'                    
                    INFO     StripedHyena - INFO - Parameter count  model.py:704
                             for block 10: 202387456                            
                    INFO     StripedHyena - INFO - Assigned         model.py:703
                             layer_idx=11 to device='cuda:0'                    
                    INFO     StripedHyena - INFO - Parameter count  model.py:704
                             for block 11: 202426112                            
                    INFO     StripedHyena - INFO - Assigned         model.py:703
                             layer_idx=12 to device='cuda:0'                    
                    INFO     StripedHyena - INFO - Parameter count  model.py:704
                             for block 12: 202461184                            
                    INFO     StripedHyena - INFO - Assigned         model.py:703
                             layer_idx=13 to device='cuda:0'                    
                    INFO     StripedHyena - INFO - Parameter count  model.py:704
                             for block 13: 202559488                            
                    INFO     StripedHyena - INFO - Assigned         model.py:703
                             layer_idx=14 to device='cuda:0'                    
                    INFO     StripedHyena - INFO - Parameter count  model.py:704
                             for block 14: 202426112                            
                    INFO     StripedHyena - INFO - Assigned         model.py:703
                             layer_idx=15 to device='cuda:0'                    
                    INFO     StripedHyena - INFO - Parameter count  model.py:704
                             for block 15: 202461184                            
                    INFO     StripedHyena - INFO - Assigned         model.py:703
                             layer_idx=16 to device='cuda:0'                    
                    INFO     StripedHyena - INFO - Parameter count  model.py:704
                             for block 16: 202559488                            
                    INFO     StripedHyena - INFO - Assigned         model.py:703
                             layer_idx=17 to device='cuda:0'                    
                    INFO     StripedHyena - INFO - Parameter count  model.py:704
                             for block 17: 202387456                            
                    INFO     StripedHyena - INFO - Assigned         model.py:703
                             layer_idx=18 to device='cuda:0'                    
                    INFO     StripedHyena - INFO - Parameter count  model.py:704
                             for block 18: 202426112                            
                    INFO     StripedHyena - INFO - Assigned         model.py:703
                             layer_idx=19 to device='cuda:0'                    
                    INFO     StripedHyena - INFO - Parameter count  model.py:704
                             for block 19: 202461184                            
                    INFO     StripedHyena - INFO - Assigned         model.py:703
                             layer_idx=20 to device='cuda:0'                    
                    INFO     StripedHyena - INFO - Parameter count  model.py:704
                             for block 20: 202559488                            
                    INFO     StripedHyena - INFO - Assigned         model.py:703
                             layer_idx=21 to device='cuda:0'                    
                    INFO     StripedHyena - INFO - Parameter count  model.py:704
                             for block 21: 202426112                            
                    INFO     StripedHyena - INFO - Assigned         model.py:703
                             layer_idx=22 to device='cuda:0'                    
                    INFO     StripedHyena - INFO - Parameter count  model.py:704
                             for block 22: 202461184                            
                    INFO     StripedHyena - INFO - Assigned         model.py:703
                             layer_idx=23 to device='cuda:0'                    
                    INFO     StripedHyena - INFO - Parameter count  model.py:704
                             for block 23: 202559488                            
                    INFO     StripedHyena - INFO - Assigned         model.py:703
                             layer_idx=24 to device='cuda:0'                    
                    INFO     StripedHyena - INFO - Parameter count  model.py:704
                             for block 24: 202387456                            
                    INFO     StripedHyena - INFO - Assigned         model.py:703
                             layer_idx=25 to device='cuda:0'                    
                    INFO     StripedHyena - INFO - Parameter count  model.py:704
                             for block 25: 202426112                            
                    INFO     StripedHyena - INFO - Assigned         model.py:703
                             layer_idx=26 to device='cuda:0'                    
                    INFO     StripedHyena - INFO - Parameter count  model.py:704
                             for block 26: 202461184                            
                    INFO     StripedHyena - INFO - Assigned         model.py:703
                             layer_idx=27 to device='cuda:0'                    
                    INFO     StripedHyena - INFO - Parameter count  model.py:704
                             for block 27: 202559488                            
                    INFO     StripedHyena - INFO - Assigned         model.py:703
                             layer_idx=28 to device='cuda:0'                    
                    INFO     StripedHyena - INFO - Parameter count  model.py:704
                             for block 28: 202426112                            
 91%|█████████ | 29/32 [00:00<00:00, 160.98it/s]                    INFO     StripedHyena - INFO - Assigned         model.py:703
                             layer_idx=29 to device='cuda:0'                    
                    INFO     StripedHyena - INFO - Parameter count  model.py:704
                             for block 29: 202461184                            
                    INFO     StripedHyena - INFO - Assigned         model.py:703
                             layer_idx=30 to device='cuda:0'                    
                    INFO     StripedHyena - INFO - Parameter count  model.py:704
                             for block 30: 202559488                            
                    INFO     StripedHyena - INFO - Assigned         model.py:703
                             layer_idx=31 to device='cuda:0'                    
                    INFO     StripedHyena - INFO - Parameter count  model.py:704
                             for block 31: 202387456                            
100%|██████████| 32/32 [00:00<00:00, 148.48it/s]
                    INFO     StripedHyena - INFO - Initialized      model.py:723
                             model                                              
                    INFO     vortex.model.utils - INFO - Loading     utils.py:92
                             /mnt/quarkfs/share_models/evo2_7b_262k/            
                             evo2_7b_262k.pt                                    
Extra keys in state_dict: {'blocks.0.projections._extra_state', 'blocks.18.projections._extra_state', 'blocks.3.mixer.dense._extra_state', 'blocks.9.projections._extra_state', 'blocks.26.projections._extra_state', 'blocks.21.projections._extra_state', 'blocks.27.projections._extra_state', 'blocks.15.projections._extra_state', 'blocks.30.projections._extra_state', 'blocks.9.mixer.mixer.filter.t', 'blocks.20.mixer.mixer.filter.t', 'blocks.7.projections._extra_state', 'blocks.1.projections._extra_state', 'blocks.29.projections._extra_state', 'blocks.23.mixer.mixer.filter.t', 'blocks.4.projections._extra_state', 'blocks.13.projections._extra_state', 'blocks.23.projections._extra_state', 'blocks.8.projections._extra_state', 'blocks.20.projections._extra_state', 'blocks.31.mixer.dense._extra_state', 'blocks.6.projections._extra_state', 'blocks.16.mixer.mixer.filter.t', 'blocks.14.projections._extra_state', 'blocks.30.mixer.mixer.filter.t', 'blocks.17.mixer.dense._extra_state', 'blocks.13.mixer.mixer.filter.t', 'blocks.22.projections._extra_state', 'blocks.19.projections._extra_state', 'unembed.weight', 'blocks.12.projections._extra_state', 'blocks.6.mixer.mixer.filter.t', 'blocks.2.projections._extra_state', 'blocks.27.mixer.mixer.filter.t', 'blocks.28.projections._extra_state', 'blocks.16.projections._extra_state', 'blocks.5.projections._extra_state', 'blocks.10.mixer.dense._extra_state', 'blocks.2.mixer.mixer.filter.t', 'blocks.25.projections._extra_state', 'blocks.24.mixer.dense._extra_state', 'blocks.11.projections._extra_state'}
[08/19/26 03:53:53] INFO     StripedHyena - INFO - Adjusting Wqkv  model.py:1008
                             for column split (permuting rows)                  
[cap2] 250/927 genes 76256 codons 181s
[cap2] 500/927 genes 150594 codons 268s
[cap2] 750/927 genes 233353 codons 325s
[cap2] saved /data/wanghaoxiong/Mechanist-DNA-experiment/simple_20260819_v1/results/m1_shard2.npz in 410s
