Some weights of EsmModel were not initialized from the model checkpoint at facebook/esm2_t33_650M_UR50D and are newly initialized: ['pooler.dense.bias', 'pooler.dense.weight']
You should probably TRAIN this model on a down-stream task to be able to use it for predictions and inference.
[ssprobe] ESM-2 backbone dim=1280
[ssprobe]  embed train 0/2589 1s
[ssprobe]  embed train 320/2589 4s
[ssprobe]  embed train 640/2589 8s
[ssprobe]  embed train 960/2589 12s
[ssprobe]  embed train 1280/2589 15s
[ssprobe]  embed train 1600/2589 19s
[ssprobe]  embed train 1920/2589 23s
[ssprobe]  embed train 2240/2589 26s
[ssprobe]  embed train 2560/2589 30s
[ssprobe]  embed val 0/566 0s
[ssprobe]  embed val 320/566 4s
[ssprobe]  embed test 0/554 0s
[ssprobe]  embed test 320/554 4s
[ssprobe] residues train=817234 val=178864 test=172319
[ssprobe] epoch 0 val_acc=0.802
[ssprobe] epoch 1 val_acc=0.864
[ssprobe] epoch 2 val_acc=0.873
[ssprobe] epoch 3 val_acc=0.878
[ssprobe] epoch 4 val_acc=0.881
[ssprobe] epoch 5 val_acc=0.882
[ssprobe] epoch 6 val_acc=0.882
[ssprobe] epoch 7 val_acc=0.883
[ssprobe] TEST acc=0.878 helixF1=0.920 sheetF1=0.853 coilF1=0.839
[ssprobe] saved probe -> /data/wanghaoxiong/Mechanist-DNA-experiment/simple_20260819_v1/results/ss_probe.pt
