[m4.1] pythia-1b
[m4.1] L_ctrl = 4, probing_layers = [1, 2, 3]
`torch_dtype` is deprecated! Use `dtype` instead!
[m4.1] extracting hiddens for 1589 examples...
[m4.1] hidden extraction done in 15.1s, X.shape=[1589, 6144]
[m4.1] train=1269, val=320
[m4.1] epoch 00 train=0.1955 val_loss=0.0231 val_acc=0.9969
[m4.1] epoch 01 train=0.0057 val_loss=0.0063 val_acc=0.9969
[m4.1] epoch 02 train=0.0018 val_loss=0.0057 val_acc=0.9969
[m4.1] epoch 03 train=0.0017 val_loss=0.0044 val_acc=0.9969
[m4.1] epoch 04 train=0.0014 val_loss=0.0045 val_acc=0.9969
[m4.1] epoch 05 train=0.0011 val_loss=0.0041 val_acc=0.9969
[m4.1] epoch 06 train=0.0008 val_loss=0.0041 val_acc=0.9969
[m4.1] epoch 07 train=0.0007 val_loss=0.0038 val_acc=0.9969
[m4.1] epoch 08 train=0.0005 val_loss=0.0033 val_acc=0.9969
[m4.1] epoch 09 train=0.0005 val_loss=0.0031 val_acc=1.0000
[m4.1] epoch 10 train=0.0004 val_loss=0.0025 val_acc=1.0000
[m4.1] epoch 11 train=0.0005 val_loss=0.0023 val_acc=1.0000
[m4.1] epoch 12 train=0.0005 val_loss=0.0022 val_acc=1.0000
[m4.1] epoch 13 train=0.0004 val_loss=0.0023 val_acc=1.0000
[m4.1] epoch 14 train=0.0004 val_loss=0.0021 val_acc=1.0000
[m4.1] epoch 15 train=0.0003 val_loss=0.0017 val_acc=1.0000
[m4.1] epoch 16 train=0.0002 val_loss=0.0015 val_acc=1.0000
[m4.1] epoch 17 train=0.0002 val_loss=0.0012 val_acc=1.0000
[m4.1] epoch 18 train=0.0002 val_loss=0.0012 val_acc=1.0000
[m4.1] epoch 19 train=0.0002 val_loss=0.0011 val_acc=1.0000
[m4.1] best val_acc=1.0000, wrote refine-logs/artifacts/controller/pythia-1b/probe.pt
