Fetching 4 files:   0%|          | 0/4 [00:00<?, ?it/s]Fetching 4 files: 100%|██████████| 4/4 [00:00<00:00, 73908.44it/s]
Found complete file in repo: evo2_7b.pt
/data/wanghaoxiong/miniconda3/envs/scientist/lib/python3.11/site-packages/evo2/models.py:294: UserWarning: Transformer Engine not installed. Falling back to bf16 projections (use_fp8_input_projections=False). 
  warnings.warn(
[08/19/26 16:14:44] INFO     StripedHyena - INFO - Initializing     model.py:645
                             StripedHyena with config:                          
                             {'model_name': 'shc-evo2-7b-8k-2T-v2',             
                             'vocab_size': 512, 'hidden_size':                  
                             4096, 'num_filters': 4096,                         
                             'hcl_layer_idxs': [2, 6, 9, 13, 16,                
                             20, 23, 27, 30], 'hcm_layer_idxs': [1,             
                             5, 8, 12, 15, 19, 22, 26, 29],                     
                             'hcs_layer_idxs': [0, 4, 7, 11, 14,                
                             18, 21, 25, 28], 'attn_layer_idxs':                
                             [3, 10, 17, 24, 31],                               
                             'hcm_filter_length': 128,                          
                             'hcl_filter_groups': 4096,                         
                             'hcm_filter_groups': 256,                          
                             'hcs_filter_groups': 256,                          
                             'hcs_filter_length': 7, 'num_layers':              
                             32, 'short_filter_length': 3,                      
                             'num_attention_heads': 32,                         
                             'short_filter_bias': False,                        
                             'mlp_init_method':                                 
                             'torch.nn.init.zeros_',                            
                             'mlp_output_init_method':                          
                             'torch.nn.init.zeros_', 'eps': 1e-06,              
                             'state_size': 16, 'rotary_emb_base':               
                             10000, 'rotary_emb_scaling_factor':                
                             128,                                               
                             'use_interpolated_rotary_pos_emb':                 
                             True, 'make_vocab_size_divisible_by':              
                             8, 'inner_size_multiple_of': 16,                   
                             'inner_mlp_size': 11264,                           
                             'log_intermediate_values': False,                  
                             'proj_groups': 1,                                  
                             'hyena_filter_groups': 1,                          
                             'column_split_hyena': False,                       
                             'column_split': True, 'interleave':                
                             True, 'evo2_style_activations': True,              
                             'model_parallel_size': 1,                          
                             'pipe_parallel_size': 1,                           
                             'tie_embeddings': True,                            
                             'mha_out_proj_bias': True,                         
                             'hyena_out_proj_bias': True,                       
                             'hyena_flip_x1x2': False,                          
                             'qkv_proj_bias': False,                            
                             'use_fp8_input_projections': False,                
                             'max_seqlen': 1048576,                             
                             'max_batch_size': 1, 'final_norm':                 
                             True, 'use_flash_attn': False,                     
                             'use_flash_rmsnorm': False,                        
                             'use_flash_depthwise': False,                      
                             'use_flashfft': False,                             
                             'use_laughing_hyena': False,                       
                             'inference_mode': True,                            
                             'tokenizer_type':                                  
                             'CharLevelTokenizer', 'prefill_style':             
                             'fft', 'mlp_activation': 'gelu',                   
                             'print_activations': False, 'Loader':              
                             <class 'yaml.loader.FullLoader'>}                  
                    INFO     StripedHyena - INFO - Initializing 32  model.py:678
                             blocks...                                          
                    INFO     StripedHyena - INFO - Distributing     model.py:685
                             across 1 GPUs, approximately 32 layers             
                             per GPU                                            
  0%|          | 0/32 [00:00<?, ?it/s]                    INFO     StripedHyena - INFO - Assigned         model.py:703
                             layer_idx=0 to device='cuda:0'                     
                    INFO     StripedHyena - INFO - Parameter count  model.py:704
                             for block 0: 205571840                             
                    INFO     StripedHyena - INFO - Assigned         model.py:703
                             layer_idx=1 to device='cuda:0'                     
                    INFO     StripedHyena - INFO - Parameter count  model.py:704
                             for block 1: 205606912                             
                    INFO     StripedHyena - INFO - Assigned         model.py:703
                             layer_idx=2 to device='cuda:0'                     
                    INFO     StripedHyena - INFO - Parameter count  model.py:704
                             for block 2: 205705216                             
                    INFO     StripedHyena - INFO - Assigned         model.py:703
                             layer_idx=3 to device='cuda:0'                     
                    INFO     StripedHyena - INFO - Parameter count  model.py:704
                             for block 3: 205533184                             
                    INFO     StripedHyena - INFO - Assigned         model.py:703
                             layer_idx=4 to device='cuda:0'                     
                    INFO     StripedHyena - INFO - Parameter count  model.py:704
                             for block 4: 205571840                             
                    INFO     StripedHyena - INFO - Assigned         model.py:703
                             layer_idx=5 to device='cuda:0'                     
                    INFO     StripedHyena - INFO - Parameter count  model.py:704
                             for block 5: 205606912                             
                    INFO     StripedHyena - INFO - Assigned         model.py:703
                             layer_idx=6 to device='cuda:0'                     
                    INFO     StripedHyena - INFO - Parameter count  model.py:704
                             for block 6: 205705216                             
                    INFO     StripedHyena - INFO - Assigned         model.py:703
                             layer_idx=7 to device='cuda:0'                     
                    INFO     StripedHyena - INFO - Parameter count  model.py:704
                             for block 7: 205571840                             
 25%|██▌       | 8/32 [00:00<00:00, 78.21it/s]                    INFO     StripedHyena - INFO - Assigned         model.py:703
                             layer_idx=8 to device='cuda:0'                     
                    INFO     StripedHyena - INFO - Parameter count  model.py:704
                             for block 8: 205606912                             
                    INFO     StripedHyena - INFO - Assigned         model.py:703
                             layer_idx=9 to device='cuda:0'                     
                    INFO     StripedHyena - INFO - Parameter count  model.py:704
                             for block 9: 205705216                             
                    INFO     StripedHyena - INFO - Assigned         model.py:703
                             layer_idx=10 to device='cuda:0'                    
                    INFO     StripedHyena - INFO - Parameter count  model.py:704
                             for block 10: 205533184                            
                    INFO     StripedHyena - INFO - Assigned         model.py:703
                             layer_idx=11 to device='cuda:0'                    
                    INFO     StripedHyena - INFO - Parameter count  model.py:704
                             for block 11: 205571840                            
                    INFO     StripedHyena - INFO - Assigned         model.py:703
                             layer_idx=12 to device='cuda:0'                    
                    INFO     StripedHyena - INFO - Parameter count  model.py:704
                             for block 12: 205606912                            
                    INFO     StripedHyena - INFO - Assigned         model.py:703
                             layer_idx=13 to device='cuda:0'                    
                    INFO     StripedHyena - INFO - Parameter count  model.py:704
                             for block 13: 205705216                            
                    INFO     StripedHyena - INFO - Assigned         model.py:703
                             layer_idx=14 to device='cuda:0'                    
                    INFO     StripedHyena - INFO - Parameter count  model.py:704
                             for block 14: 205571840                            
                    INFO     StripedHyena - INFO - Assigned         model.py:703
                             layer_idx=15 to device='cuda:0'                    
                    INFO     StripedHyena - INFO - Parameter count  model.py:704
                             for block 15: 205606912                            
                    INFO     StripedHyena - INFO - Assigned         model.py:703
                             layer_idx=16 to device='cuda:0'                    
                    INFO     StripedHyena - INFO - Parameter count  model.py:704
                             for block 16: 205705216                            
                    INFO     StripedHyena - INFO - Assigned         model.py:703
                             layer_idx=17 to device='cuda:0'                    
                    INFO     StripedHyena - INFO - Parameter count  model.py:704
                             for block 17: 205533184                            
                    INFO     StripedHyena - INFO - Assigned         model.py:703
                             layer_idx=18 to device='cuda:0'                    
                    INFO     StripedHyena - INFO - Parameter count  model.py:704
                             for block 18: 205571840                            
                    INFO     StripedHyena - INFO - Assigned         model.py:703
                             layer_idx=19 to device='cuda:0'                    
                    INFO     StripedHyena - INFO - Parameter count  model.py:704
                             for block 19: 205606912                            
                    INFO     StripedHyena - INFO - Assigned         model.py:703
                             layer_idx=20 to device='cuda:0'                    
                    INFO     StripedHyena - INFO - Parameter count  model.py:704
                             for block 20: 205705216                            
                    INFO     StripedHyena - INFO - Assigned         model.py:703
                             layer_idx=21 to device='cuda:0'                    
                    INFO     StripedHyena - INFO - Parameter count  model.py:704
                             for block 21: 205571840                            
                    INFO     StripedHyena - INFO - Assigned         model.py:703
                             layer_idx=22 to device='cuda:0'                    
                    INFO     StripedHyena - INFO - Parameter count  model.py:704
                             for block 22: 205606912                            
                    INFO     StripedHyena - INFO - Assigned         model.py:703
                             layer_idx=23 to device='cuda:0'                    
                    INFO     StripedHyena - INFO - Parameter count  model.py:704
                             for block 23: 205705216                            
                    INFO     StripedHyena - INFO - Assigned         model.py:703
                             layer_idx=24 to device='cuda:0'                    
                    INFO     StripedHyena - INFO - Parameter count  model.py:704
                             for block 24: 205533184                            
                    INFO     StripedHyena - INFO - Assigned         model.py:703
                             layer_idx=25 to device='cuda:0'                    
                    INFO     StripedHyena - INFO - Parameter count  model.py:704
                             for block 25: 205571840                            
                    INFO     StripedHyena - INFO - Assigned         model.py:703
                             layer_idx=26 to device='cuda:0'                    
                    INFO     StripedHyena - INFO - Parameter count  model.py:704
                             for block 26: 205606912                            
                    INFO     StripedHyena - INFO - Assigned         model.py:703
                             layer_idx=27 to device='cuda:0'                    
                    INFO     StripedHyena - INFO - Parameter count  model.py:704
                             for block 27: 205705216                            
                    INFO     StripedHyena - INFO - Assigned         model.py:703
                             layer_idx=28 to device='cuda:0'                    
                    INFO     StripedHyena - INFO - Parameter count  model.py:704
                             for block 28: 205571840                            
                    INFO     StripedHyena - INFO - Assigned         model.py:703
                             layer_idx=29 to device='cuda:0'                    
                    INFO     StripedHyena - INFO - Parameter count  model.py:704
                             for block 29: 205606912                            
                    INFO     StripedHyena - INFO - Assigned         model.py:703
                             layer_idx=30 to device='cuda:0'                    
                    INFO     StripedHyena - INFO - Parameter count  model.py:704
                             for block 30: 205705216                            
                    INFO     StripedHyena - INFO - Assigned         model.py:703
                             layer_idx=31 to device='cuda:0'                    
                    INFO     StripedHyena - INFO - Parameter count  model.py:704
                             for block 31: 205533184                            
100%|██████████| 32/32 [00:00<00:00, 160.25it/s]
                    INFO     StripedHyena - INFO - Initialized      model.py:723
                             model                                              
                    INFO     vortex.model.utils - INFO - Loading     utils.py:92
                             /home/wanghaoxiong/.cache/huggingface/h            
                             ub/models--arcinstitute--evo2_7b/snapsh            
                             ots/bda0089f92582d5baabf0f22d9fc85f3588            
                             f6b58/evo2_7b.pt                                   
Extra keys in state_dict: {'blocks.31.mixer.dense._extra_state', 'blocks.6.projections._extra_state', 'blocks.27.projections._extra_state', 'blocks.9.mixer.mixer.filter.t', 'blocks.21.projections._extra_state', 'blocks.17.mixer.dense._extra_state', 'blocks.8.projections._extra_state', 'blocks.15.projections._extra_state', 'blocks.27.mixer.mixer.filter.t', 'blocks.24.mixer.attn._extra_state', 'blocks.3.mixer.attn._extra_state', 'blocks.7.projections._extra_state', 'blocks.13.mixer.mixer.filter.t', 'blocks.24.mixer.dense._extra_state', 'blocks.30.mixer.mixer.filter.t', 'blocks.31.mixer.attn._extra_state', 'blocks.11.projections._extra_state', 'blocks.10.mixer.attn._extra_state', 'blocks.6.mixer.mixer.filter.t', 'blocks.26.projections._extra_state', 'blocks.19.projections._extra_state', 'blocks.13.projections._extra_state', 'blocks.5.projections._extra_state', 'blocks.0.projections._extra_state', 'blocks.2.projections._extra_state', 'blocks.14.projections._extra_state', 'blocks.22.projections._extra_state', 'blocks.17.mixer.attn._extra_state', 'blocks.18.projections._extra_state', 'blocks.12.projections._extra_state', 'blocks.28.projections._extra_state', 'unembed.weight', 'blocks.20.projections._extra_state', 'blocks.20.mixer.mixer.filter.t', 'blocks.25.projections._extra_state', 'blocks.16.mixer.mixer.filter.t', 'blocks.1.projections._extra_state', 'blocks.4.projections._extra_state', 'blocks.3.mixer.dense._extra_state', 'blocks.29.projections._extra_state', 'blocks.10.mixer.dense._extra_state', 'blocks.16.projections._extra_state', 'blocks.9.projections._extra_state', 'blocks.2.mixer.mixer.filter.t', 'blocks.30.projections._extra_state', 'blocks.23.mixer.mixer.filter.t', 'blocks.23.projections._extra_state'}
[08/19/26 16:14:46] INFO     StripedHyena - INFO - Adjusting Wqkv  model.py:1008
                             for column split (permuting rows)                  
[M1] evo2 loaded; 1299 windows
[M1] activations 100/1299
[M1] activations 200/1299
[M1] activations 300/1299
[M1] activations 400/1299
[M1] activations 500/1299
[M1] activations 600/1299
[M1] activations 700/1299
[M1] activations 800/1299
[M1] activations 900/1299
[M1] activations 1000/1299
[M1] activations 1100/1299
[M1] activations 1200/1299
[M1] train=968 heldout=331 pos_frac=0.54
/data/wanghaoxiong/miniconda3/envs/scientist/lib/python3.11/site-packages/sklearn/linear_model/_logistic.py:599: ConvergenceWarning: lbfgs failed to converge after 2000 iteration(s) (status=1):
STOP: TOTAL NO. OF ITERATIONS REACHED LIMIT

Increase the number of iterations to improve the convergence (max_iter=2000).
You might also want to scale the data as shown in:
    https://scikit-learn.org/stable/modules/preprocessing.html
Please also refer to the documentation for alternative solver options:
    https://scikit-learn.org/stable/modules/linear_model.html#logistic-regression
  n_iter_i = _check_optimize_result(
[M1] TOP3 [{"family": "linear_probe", "block": 26, "auroc_heldout": 0.9999, "norm": 2.9394986629486084, "scale_meanactnorm": 39.991, "key": "probe_b26"}, {"family": "linear_probe", "block": 24, "auroc_heldout": 0.9995, "norm": 2.677788257598877, "scale_meanactnorm": 38.852, "key": "probe_b24"}, {"family": "linear_probe", "block": 18, "auroc_heldout": 0.9992, "norm": 4.864963531494141, "scale_meanactnorm": 77.716, "key": "probe_b18"}]
M1_DONE
