[gen] shard 0/2: 300 prompts (of 600)
Loading pipeline components...:   0%|          | 0/5 [00:00<?, ?it/s]Loading pipeline components...:  20%|██        | 1/5 [00:00<00:00,  5.31it/s]
Loading weights:   0%|          | 0/729 [00:00<?, ?it/s][ALoading weights: 100%|██████████| 729/729 [00:00<00:00, 10949.50it/s]
Loading pipeline components...:  80%|████████  | 4/5 [00:00<00:00,  8.67it/s]The config attributes {'pooled_projection_dim': 768} were passed to QwenImageTransformer2DModel, but are not expected and will be ignored. Please verify your config.json configuration file.

Loading checkpoint shards:   0%|          | 0/9 [00:00<?, ?it/s][A
Loading checkpoint shards:  67%|██████▋   | 6/9 [00:00<00:00, 58.81it/s][ALoading checkpoint shards: 100%|██████████| 9/9 [00:00<00:00, 28.14it/s]
Loading pipeline components...: 100%|██████████| 5/5 [00:00<00:00,  5.07it/s]Loading pipeline components...: 100%|██████████| 5/5 [00:00<00:00,  5.60it/s]
true_cfg_scale is passed as 4.0, but classifier-free guidance is not enabled since no negative_prompt is provided.
true_cfg_scale is passed as 4.0, but classifier-free guidance is not enabled since no negative_prompt is provided.
true_cfg_scale is passed as 4.0, but classifier-free guidance is not enabled since no negative_prompt is provided.
true_cfg_scale is passed as 4.0, but classifier-free guidance is not enabled since no negative_prompt is provided.
true_cfg_scale is passed as 4.0, but classifier-free guidance is not enabled since no negative_prompt is provided.
true_cfg_scale is passed as 4.0, but classifier-free guidance is not enabled since no negative_prompt is provided.
true_cfg_scale is passed as 4.0, but classifier-free guidance is not enabled since no negative_prompt is provided.
true_cfg_scale is passed as 4.0, but classifier-free guidance is not enabled since no negative_prompt is provided.
true_cfg_scale is passed as 4.0, but classifier-free guidance is not enabled since no negative_prompt is provided.
true_cfg_scale is passed as 4.0, but classifier-free guidance is not enabled since no negative_prompt is provided.
true_cfg_scale is passed as 4.0, but classifier-free guidance is not enabled since no negative_prompt is provided.
true_cfg_scale is passed as 4.0, but classifier-free guidance is not enabled since no negative_prompt is provided.
true_cfg_scale is passed as 4.0, but classifier-free guidance is not enabled since no negative_prompt is provided.
true_cfg_scale is passed as 4.0, but classifier-free guidance is not enabled since no negative_prompt is provided.
true_cfg_scale is passed as 4.0, but classifier-free guidance is not enabled since no negative_prompt is provided.
true_cfg_scale is passed as 4.0, but classifier-free guidance is not enabled since no negative_prompt is provided.
true_cfg_scale is passed as 4.0, but classifier-free guidance is not enabled since no negative_prompt is provided.
true_cfg_scale is passed as 4.0, but classifier-free guidance is not enabled since no negative_prompt is provided.
true_cfg_scale is passed as 4.0, but classifier-free guidance is not enabled since no negative_prompt is provided.
true_cfg_scale is passed as 4.0, but classifier-free guidance is not enabled since no negative_prompt is provided.
true_cfg_scale is passed as 4.0, but classifier-free guidance is not enabled since no negative_prompt is provided.
true_cfg_scale is passed as 4.0, but classifier-free guidance is not enabled since no negative_prompt is provided.
true_cfg_scale is passed as 4.0, but classifier-free guidance is not enabled since no negative_prompt is provided.
true_cfg_scale is passed as 4.0, but classifier-free guidance is not enabled since no negative_prompt is provided.
true_cfg_scale is passed as 4.0, but classifier-free guidance is not enabled since no negative_prompt is provided.
true_cfg_scale is passed as 4.0, but classifier-free guidance is not enabled since no negative_prompt is provided.
true_cfg_scale is passed as 4.0, but classifier-free guidance is not enabled since no negative_prompt is provided.
true_cfg_scale is passed as 4.0, but classifier-free guidance is not enabled since no negative_prompt is provided.
true_cfg_scale is passed as 4.0, but classifier-free guidance is not enabled since no negative_prompt is provided.
true_cfg_scale is passed as 4.0, but classifier-free guidance is not enabled since no negative_prompt is provided.
true_cfg_scale is passed as 4.0, but classifier-free guidance is not enabled since no negative_prompt is provided.
true_cfg_scale is passed as 4.0, but classifier-free guidance is not enabled since no negative_prompt is provided.
true_cfg_scale is passed as 4.0, but classifier-free guidance is not enabled since no negative_prompt is provided.
true_cfg_scale is passed as 4.0, but classifier-free guidance is not enabled since no negative_prompt is provided.
true_cfg_scale is passed as 4.0, but classifier-free guidance is not enabled since no negative_prompt is provided.
true_cfg_scale is passed as 4.0, but classifier-free guidance is not enabled since no negative_prompt is provided.
true_cfg_scale is passed as 4.0, but classifier-free guidance is not enabled since no negative_prompt is provided.
true_cfg_scale is passed as 4.0, but classifier-free guidance is not enabled since no negative_prompt is provided.
true_cfg_scale is passed as 4.0, but classifier-free guidance is not enabled since no negative_prompt is provided.
true_cfg_scale is passed as 4.0, but classifier-free guidance is not enabled since no negative_prompt is provided.
true_cfg_scale is passed as 4.0, but classifier-free guidance is not enabled since no negative_prompt is provided.
true_cfg_scale is passed as 4.0, but classifier-free guidance is not enabled since no negative_prompt is provided.
true_cfg_scale is passed as 4.0, but classifier-free guidance is not enabled since no negative_prompt is provided.
true_cfg_scale is passed as 4.0, but classifier-free guidance is not enabled since no negative_prompt is provided.
true_cfg_scale is passed as 4.0, but classifier-free guidance is not enabled since no negative_prompt is provided.
true_cfg_scale is passed as 4.0, but classifier-free guidance is not enabled since no negative_prompt is provided.
true_cfg_scale is passed as 4.0, but classifier-free guidance is not enabled since no negative_prompt is provided.
true_cfg_scale is passed as 4.0, but classifier-free guidance is not enabled since no negative_prompt is provided.
true_cfg_scale is passed as 4.0, but classifier-free guidance is not enabled since no negative_prompt is provided.
true_cfg_scale is passed as 4.0, but classifier-free guidance is not enabled since no negative_prompt is provided.
true_cfg_scale is passed as 4.0, but classifier-free guidance is not enabled since no negative_prompt is provided.
true_cfg_scale is passed as 4.0, but classifier-free guidance is not enabled since no negative_prompt is provided.
true_cfg_scale is passed as 4.0, but classifier-free guidance is not enabled since no negative_prompt is provided.
true_cfg_scale is passed as 4.0, but classifier-free guidance is not enabled since no negative_prompt is provided.
true_cfg_scale is passed as 4.0, but classifier-free guidance is not enabled since no negative_prompt is provided.
true_cfg_scale is passed as 4.0, but classifier-free guidance is not enabled since no negative_prompt is provided.
true_cfg_scale is passed as 4.0, but classifier-free guidance is not enabled since no negative_prompt is provided.
true_cfg_scale is passed as 4.0, but classifier-free guidance is not enabled since no negative_prompt is provided.
true_cfg_scale is passed as 4.0, but classifier-free guidance is not enabled since no negative_prompt is provided.
true_cfg_scale is passed as 4.0, but classifier-free guidance is not enabled since no negative_prompt is provided.
true_cfg_scale is passed as 4.0, but classifier-free guidance is not enabled since no negative_prompt is provided.
true_cfg_scale is passed as 4.0, but classifier-free guidance is not enabled since no negative_prompt is provided.
true_cfg_scale is passed as 4.0, but classifier-free guidance is not enabled since no negative_prompt is provided.
true_cfg_scale is passed as 4.0, but classifier-free guidance is not enabled since no negative_prompt is provided.
true_cfg_scale is passed as 4.0, but classifier-free guidance is not enabled since no negative_prompt is provided.
true_cfg_scale is passed as 4.0, but classifier-free guidance is not enabled since no negative_prompt is provided.
true_cfg_scale is passed as 4.0, but classifier-free guidance is not enabled since no negative_prompt is provided.
true_cfg_scale is passed as 4.0, but classifier-free guidance is not enabled since no negative_prompt is provided.
true_cfg_scale is passed as 4.0, but classifier-free guidance is not enabled since no negative_prompt is provided.
true_cfg_scale is passed as 4.0, but classifier-free guidance is not enabled since no negative_prompt is provided.
true_cfg_scale is passed as 4.0, but classifier-free guidance is not enabled since no negative_prompt is provided.
true_cfg_scale is passed as 4.0, but classifier-free guidance is not enabled since no negative_prompt is provided.
true_cfg_scale is passed as 4.0, but classifier-free guidance is not enabled since no negative_prompt is provided.
true_cfg_scale is passed as 4.0, but classifier-free guidance is not enabled since no negative_prompt is provided.
true_cfg_scale is passed as 4.0, but classifier-free guidance is not enabled since no negative_prompt is provided.
true_cfg_scale is passed as 4.0, but classifier-free guidance is not enabled since no negative_prompt is provided.
true_cfg_scale is passed as 4.0, but classifier-free guidance is not enabled since no negative_prompt is provided.
true_cfg_scale is passed as 4.0, but classifier-free guidance is not enabled since no negative_prompt is provided.
true_cfg_scale is passed as 4.0, but classifier-free guidance is not enabled since no negative_prompt is provided.
true_cfg_scale is passed as 4.0, but classifier-free guidance is not enabled since no negative_prompt is provided.
true_cfg_scale is passed as 4.0, but classifier-free guidance is not enabled since no negative_prompt is provided.
true_cfg_scale is passed as 4.0, but classifier-free guidance is not enabled since no negative_prompt is provided.
true_cfg_scale is passed as 4.0, but classifier-free guidance is not enabled since no negative_prompt is provided.
true_cfg_scale is passed as 4.0, but classifier-free guidance is not enabled since no negative_prompt is provided.
true_cfg_scale is passed as 4.0, but classifier-free guidance is not enabled since no negative_prompt is provided.
true_cfg_scale is passed as 4.0, but classifier-free guidance is not enabled since no negative_prompt is provided.
true_cfg_scale is passed as 4.0, but classifier-free guidance is not enabled since no negative_prompt is provided.
true_cfg_scale is passed as 4.0, but classifier-free guidance is not enabled since no negative_prompt is provided.
true_cfg_scale is passed as 4.0, but classifier-free guidance is not enabled since no negative_prompt is provided.
true_cfg_scale is passed as 4.0, but classifier-free guidance is not enabled since no negative_prompt is provided.
true_cfg_scale is passed as 4.0, but classifier-free guidance is not enabled since no negative_prompt is provided.
true_cfg_scale is passed as 4.0, but classifier-free guidance is not enabled since no negative_prompt is provided.
true_cfg_scale is passed as 4.0, but classifier-free guidance is not enabled since no negative_prompt is provided.
true_cfg_scale is passed as 4.0, but classifier-free guidance is not enabled since no negative_prompt is provided.
true_cfg_scale is passed as 4.0, but classifier-free guidance is not enabled since no negative_prompt is provided.
true_cfg_scale is passed as 4.0, but classifier-free guidance is not enabled since no negative_prompt is provided.
true_cfg_scale is passed as 4.0, but classifier-free guidance is not enabled since no negative_prompt is provided.
true_cfg_scale is passed as 4.0, but classifier-free guidance is not enabled since no negative_prompt is provided.
true_cfg_scale is passed as 4.0, but classifier-free guidance is not enabled since no negative_prompt is provided.
true_cfg_scale is passed as 4.0, but classifier-free guidance is not enabled since no negative_prompt is provided.
true_cfg_scale is passed as 4.0, but classifier-free guidance is not enabled since no negative_prompt is provided.
true_cfg_scale is passed as 4.0, but classifier-free guidance is not enabled since no negative_prompt is provided.
true_cfg_scale is passed as 4.0, but classifier-free guidance is not enabled since no negative_prompt is provided.
true_cfg_scale is passed as 4.0, but classifier-free guidance is not enabled since no negative_prompt is provided.
true_cfg_scale is passed as 4.0, but classifier-free guidance is not enabled since no negative_prompt is provided.
true_cfg_scale is passed as 4.0, but classifier-free guidance is not enabled since no negative_prompt is provided.
true_cfg_scale is passed as 4.0, but classifier-free guidance is not enabled since no negative_prompt is provided.
true_cfg_scale is passed as 4.0, but classifier-free guidance is not enabled since no negative_prompt is provided.
true_cfg_scale is passed as 4.0, but classifier-free guidance is not enabled since no negative_prompt is provided.
true_cfg_scale is passed as 4.0, but classifier-free guidance is not enabled since no negative_prompt is provided.
true_cfg_scale is passed as 4.0, but classifier-free guidance is not enabled since no negative_prompt is provided.
true_cfg_scale is passed as 4.0, but classifier-free guidance is not enabled since no negative_prompt is provided.
true_cfg_scale is passed as 4.0, but classifier-free guidance is not enabled since no negative_prompt is provided.
true_cfg_scale is passed as 4.0, but classifier-free guidance is not enabled since no negative_prompt is provided.
true_cfg_scale is passed as 4.0, but classifier-free guidance is not enabled since no negative_prompt is provided.
true_cfg_scale is passed as 4.0, but classifier-free guidance is not enabled since no negative_prompt is provided.
true_cfg_scale is passed as 4.0, but classifier-free guidance is not enabled since no negative_prompt is provided.
true_cfg_scale is passed as 4.0, but classifier-free guidance is not enabled since no negative_prompt is provided.
true_cfg_scale is passed as 4.0, but classifier-free guidance is not enabled since no negative_prompt is provided.
true_cfg_scale is passed as 4.0, but classifier-free guidance is not enabled since no negative_prompt is provided.
true_cfg_scale is passed as 4.0, but classifier-free guidance is not enabled since no negative_prompt is provided.
true_cfg_scale is passed as 4.0, but classifier-free guidance is not enabled since no negative_prompt is provided.
true_cfg_scale is passed as 4.0, but classifier-free guidance is not enabled since no negative_prompt is provided.
true_cfg_scale is passed as 4.0, but classifier-free guidance is not enabled since no negative_prompt is provided.
true_cfg_scale is passed as 4.0, but classifier-free guidance is not enabled since no negative_prompt is provided.
true_cfg_scale is passed as 4.0, but classifier-free guidance is not enabled since no negative_prompt is provided.
true_cfg_scale is passed as 4.0, but classifier-free guidance is not enabled since no negative_prompt is provided.
true_cfg_scale is passed as 4.0, but classifier-free guidance is not enabled since no negative_prompt is provided.
true_cfg_scale is passed as 4.0, but classifier-free guidance is not enabled since no negative_prompt is provided.
true_cfg_scale is passed as 4.0, but classifier-free guidance is not enabled since no negative_prompt is provided.
true_cfg_scale is passed as 4.0, but classifier-free guidance is not enabled since no negative_prompt is provided.
true_cfg_scale is passed as 4.0, but classifier-free guidance is not enabled since no negative_prompt is provided.
true_cfg_scale is passed as 4.0, but classifier-free guidance is not enabled since no negative_prompt is provided.
true_cfg_scale is passed as 4.0, but classifier-free guidance is not enabled since no negative_prompt is provided.
true_cfg_scale is passed as 4.0, but classifier-free guidance is not enabled since no negative_prompt is provided.
true_cfg_scale is passed as 4.0, but classifier-free guidance is not enabled since no negative_prompt is provided.
true_cfg_scale is passed as 4.0, but classifier-free guidance is not enabled since no negative_prompt is provided.
true_cfg_scale is passed as 4.0, but classifier-free guidance is not enabled since no negative_prompt is provided.
true_cfg_scale is passed as 4.0, but classifier-free guidance is not enabled since no negative_prompt is provided.
true_cfg_scale is passed as 4.0, but classifier-free guidance is not enabled since no negative_prompt is provided.
true_cfg_scale is passed as 4.0, but classifier-free guidance is not enabled since no negative_prompt is provided.
true_cfg_scale is passed as 4.0, but classifier-free guidance is not enabled since no negative_prompt is provided.
true_cfg_scale is passed as 4.0, but classifier-free guidance is not enabled since no negative_prompt is provided.
true_cfg_scale is passed as 4.0, but classifier-free guidance is not enabled since no negative_prompt is provided.
true_cfg_scale is passed as 4.0, but classifier-free guidance is not enabled since no negative_prompt is provided.
true_cfg_scale is passed as 4.0, but classifier-free guidance is not enabled since no negative_prompt is provided.
true_cfg_scale is passed as 4.0, but classifier-free guidance is not enabled since no negative_prompt is provided.
true_cfg_scale is passed as 4.0, but classifier-free guidance is not enabled since no negative_prompt is provided.
true_cfg_scale is passed as 4.0, but classifier-free guidance is not enabled since no negative_prompt is provided.
true_cfg_scale is passed as 4.0, but classifier-free guidance is not enabled since no negative_prompt is provided.
true_cfg_scale is passed as 4.0, but classifier-free guidance is not enabled since no negative_prompt is provided.
true_cfg_scale is passed as 4.0, but classifier-free guidance is not enabled since no negative_prompt is provided.
true_cfg_scale is passed as 4.0, but classifier-free guidance is not enabled since no negative_prompt is provided.
true_cfg_scale is passed as 4.0, but classifier-free guidance is not enabled since no negative_prompt is provided.
true_cfg_scale is passed as 4.0, but classifier-free guidance is not enabled since no negative_prompt is provided.
true_cfg_scale is passed as 4.0, but classifier-free guidance is not enabled since no negative_prompt is provided.
true_cfg_scale is passed as 4.0, but classifier-free guidance is not enabled since no negative_prompt is provided.
true_cfg_scale is passed as 4.0, but classifier-free guidance is not enabled since no negative_prompt is provided.
true_cfg_scale is passed as 4.0, but classifier-free guidance is not enabled since no negative_prompt is provided.
true_cfg_scale is passed as 4.0, but classifier-free guidance is not enabled since no negative_prompt is provided.
true_cfg_scale is passed as 4.0, but classifier-free guidance is not enabled since no negative_prompt is provided.
true_cfg_scale is passed as 4.0, but classifier-free guidance is not enabled since no negative_prompt is provided.
true_cfg_scale is passed as 4.0, but classifier-free guidance is not enabled since no negative_prompt is provided.
true_cfg_scale is passed as 4.0, but classifier-free guidance is not enabled since no negative_prompt is provided.
true_cfg_scale is passed as 4.0, but classifier-free guidance is not enabled since no negative_prompt is provided.
true_cfg_scale is passed as 4.0, but classifier-free guidance is not enabled since no negative_prompt is provided.
true_cfg_scale is passed as 4.0, but classifier-free guidance is not enabled since no negative_prompt is provided.
true_cfg_scale is passed as 4.0, but classifier-free guidance is not enabled since no negative_prompt is provided.
true_cfg_scale is passed as 4.0, but classifier-free guidance is not enabled since no negative_prompt is provided.
true_cfg_scale is passed as 4.0, but classifier-free guidance is not enabled since no negative_prompt is provided.
true_cfg_scale is passed as 4.0, but classifier-free guidance is not enabled since no negative_prompt is provided.
true_cfg_scale is passed as 4.0, but classifier-free guidance is not enabled since no negative_prompt is provided.
true_cfg_scale is passed as 4.0, but classifier-free guidance is not enabled since no negative_prompt is provided.
true_cfg_scale is passed as 4.0, but classifier-free guidance is not enabled since no negative_prompt is provided.
true_cfg_scale is passed as 4.0, but classifier-free guidance is not enabled since no negative_prompt is provided.
true_cfg_scale is passed as 4.0, but classifier-free guidance is not enabled since no negative_prompt is provided.
true_cfg_scale is passed as 4.0, but classifier-free guidance is not enabled since no negative_prompt is provided.
true_cfg_scale is passed as 4.0, but classifier-free guidance is not enabled since no negative_prompt is provided.
true_cfg_scale is passed as 4.0, but classifier-free guidance is not enabled since no negative_prompt is provided.
true_cfg_scale is passed as 4.0, but classifier-free guidance is not enabled since no negative_prompt is provided.
true_cfg_scale is passed as 4.0, but classifier-free guidance is not enabled since no negative_prompt is provided.
true_cfg_scale is passed as 4.0, but classifier-free guidance is not enabled since no negative_prompt is provided.
true_cfg_scale is passed as 4.0, but classifier-free guidance is not enabled since no negative_prompt is provided.
true_cfg_scale is passed as 4.0, but classifier-free guidance is not enabled since no negative_prompt is provided.
true_cfg_scale is passed as 4.0, but classifier-free guidance is not enabled since no negative_prompt is provided.
true_cfg_scale is passed as 4.0, but classifier-free guidance is not enabled since no negative_prompt is provided.
true_cfg_scale is passed as 4.0, but classifier-free guidance is not enabled since no negative_prompt is provided.
true_cfg_scale is passed as 4.0, but classifier-free guidance is not enabled since no negative_prompt is provided.
true_cfg_scale is passed as 4.0, but classifier-free guidance is not enabled since no negative_prompt is provided.
true_cfg_scale is passed as 4.0, but classifier-free guidance is not enabled since no negative_prompt is provided.
true_cfg_scale is passed as 4.0, but classifier-free guidance is not enabled since no negative_prompt is provided.
true_cfg_scale is passed as 4.0, but classifier-free guidance is not enabled since no negative_prompt is provided.
true_cfg_scale is passed as 4.0, but classifier-free guidance is not enabled since no negative_prompt is provided.
true_cfg_scale is passed as 4.0, but classifier-free guidance is not enabled since no negative_prompt is provided.
true_cfg_scale is passed as 4.0, but classifier-free guidance is not enabled since no negative_prompt is provided.
true_cfg_scale is passed as 4.0, but classifier-free guidance is not enabled since no negative_prompt is provided.
true_cfg_scale is passed as 4.0, but classifier-free guidance is not enabled since no negative_prompt is provided.
true_cfg_scale is passed as 4.0, but classifier-free guidance is not enabled since no negative_prompt is provided.
true_cfg_scale is passed as 4.0, but classifier-free guidance is not enabled since no negative_prompt is provided.
true_cfg_scale is passed as 4.0, but classifier-free guidance is not enabled since no negative_prompt is provided.
true_cfg_scale is passed as 4.0, but classifier-free guidance is not enabled since no negative_prompt is provided.
true_cfg_scale is passed as 4.0, but classifier-free guidance is not enabled since no negative_prompt is provided.
true_cfg_scale is passed as 4.0, but classifier-free guidance is not enabled since no negative_prompt is provided.
true_cfg_scale is passed as 4.0, but classifier-free guidance is not enabled since no negative_prompt is provided.
true_cfg_scale is passed as 4.0, but classifier-free guidance is not enabled since no negative_prompt is provided.
true_cfg_scale is passed as 4.0, but classifier-free guidance is not enabled since no negative_prompt is provided.
true_cfg_scale is passed as 4.0, but classifier-free guidance is not enabled since no negative_prompt is provided.
true_cfg_scale is passed as 4.0, but classifier-free guidance is not enabled since no negative_prompt is provided.
true_cfg_scale is passed as 4.0, but classifier-free guidance is not enabled since no negative_prompt is provided.
true_cfg_scale is passed as 4.0, but classifier-free guidance is not enabled since no negative_prompt is provided.
true_cfg_scale is passed as 4.0, but classifier-free guidance is not enabled since no negative_prompt is provided.
true_cfg_scale is passed as 4.0, but classifier-free guidance is not enabled since no negative_prompt is provided.
true_cfg_scale is passed as 4.0, but classifier-free guidance is not enabled since no negative_prompt is provided.
true_cfg_scale is passed as 4.0, but classifier-free guidance is not enabled since no negative_prompt is provided.
true_cfg_scale is passed as 4.0, but classifier-free guidance is not enabled since no negative_prompt is provided.
true_cfg_scale is passed as 4.0, but classifier-free guidance is not enabled since no negative_prompt is provided.
true_cfg_scale is passed as 4.0, but classifier-free guidance is not enabled since no negative_prompt is provided.
true_cfg_scale is passed as 4.0, but classifier-free guidance is not enabled since no negative_prompt is provided.
true_cfg_scale is passed as 4.0, but classifier-free guidance is not enabled since no negative_prompt is provided.
true_cfg_scale is passed as 4.0, but classifier-free guidance is not enabled since no negative_prompt is provided.
true_cfg_scale is passed as 4.0, but classifier-free guidance is not enabled since no negative_prompt is provided.
true_cfg_scale is passed as 4.0, but classifier-free guidance is not enabled since no negative_prompt is provided.
true_cfg_scale is passed as 4.0, but classifier-free guidance is not enabled since no negative_prompt is provided.
true_cfg_scale is passed as 4.0, but classifier-free guidance is not enabled since no negative_prompt is provided.
true_cfg_scale is passed as 4.0, but classifier-free guidance is not enabled since no negative_prompt is provided.
true_cfg_scale is passed as 4.0, but classifier-free guidance is not enabled since no negative_prompt is provided.
true_cfg_scale is passed as 4.0, but classifier-free guidance is not enabled since no negative_prompt is provided.
true_cfg_scale is passed as 4.0, but classifier-free guidance is not enabled since no negative_prompt is provided.
true_cfg_scale is passed as 4.0, but classifier-free guidance is not enabled since no negative_prompt is provided.
true_cfg_scale is passed as 4.0, but classifier-free guidance is not enabled since no negative_prompt is provided.
true_cfg_scale is passed as 4.0, but classifier-free guidance is not enabled since no negative_prompt is provided.
true_cfg_scale is passed as 4.0, but classifier-free guidance is not enabled since no negative_prompt is provided.
true_cfg_scale is passed as 4.0, but classifier-free guidance is not enabled since no negative_prompt is provided.
true_cfg_scale is passed as 4.0, but classifier-free guidance is not enabled since no negative_prompt is provided.
true_cfg_scale is passed as 4.0, but classifier-free guidance is not enabled since no negative_prompt is provided.
true_cfg_scale is passed as 4.0, but classifier-free guidance is not enabled since no negative_prompt is provided.
true_cfg_scale is passed as 4.0, but classifier-free guidance is not enabled since no negative_prompt is provided.
true_cfg_scale is passed as 4.0, but classifier-free guidance is not enabled since no negative_prompt is provided.
true_cfg_scale is passed as 4.0, but classifier-free guidance is not enabled since no negative_prompt is provided.
true_cfg_scale is passed as 4.0, but classifier-free guidance is not enabled since no negative_prompt is provided.
true_cfg_scale is passed as 4.0, but classifier-free guidance is not enabled since no negative_prompt is provided.
true_cfg_scale is passed as 4.0, but classifier-free guidance is not enabled since no negative_prompt is provided.
true_cfg_scale is passed as 4.0, but classifier-free guidance is not enabled since no negative_prompt is provided.
true_cfg_scale is passed as 4.0, but classifier-free guidance is not enabled since no negative_prompt is provided.
true_cfg_scale is passed as 4.0, but classifier-free guidance is not enabled since no negative_prompt is provided.
true_cfg_scale is passed as 4.0, but classifier-free guidance is not enabled since no negative_prompt is provided.
true_cfg_scale is passed as 4.0, but classifier-free guidance is not enabled since no negative_prompt is provided.
true_cfg_scale is passed as 4.0, but classifier-free guidance is not enabled since no negative_prompt is provided.
true_cfg_scale is passed as 4.0, but classifier-free guidance is not enabled since no negative_prompt is provided.
true_cfg_scale is passed as 4.0, but classifier-free guidance is not enabled since no negative_prompt is provided.
true_cfg_scale is passed as 4.0, but classifier-free guidance is not enabled since no negative_prompt is provided.
true_cfg_scale is passed as 4.0, but classifier-free guidance is not enabled since no negative_prompt is provided.
true_cfg_scale is passed as 4.0, but classifier-free guidance is not enabled since no negative_prompt is provided.
true_cfg_scale is passed as 4.0, but classifier-free guidance is not enabled since no negative_prompt is provided.
true_cfg_scale is passed as 4.0, but classifier-free guidance is not enabled since no negative_prompt is provided.
true_cfg_scale is passed as 4.0, but classifier-free guidance is not enabled since no negative_prompt is provided.
true_cfg_scale is passed as 4.0, but classifier-free guidance is not enabled since no negative_prompt is provided.
true_cfg_scale is passed as 4.0, but classifier-free guidance is not enabled since no negative_prompt is provided.
true_cfg_scale is passed as 4.0, but classifier-free guidance is not enabled since no negative_prompt is provided.
true_cfg_scale is passed as 4.0, but classifier-free guidance is not enabled since no negative_prompt is provided.
true_cfg_scale is passed as 4.0, but classifier-free guidance is not enabled since no negative_prompt is provided.
true_cfg_scale is passed as 4.0, but classifier-free guidance is not enabled since no negative_prompt is provided.
true_cfg_scale is passed as 4.0, but classifier-free guidance is not enabled since no negative_prompt is provided.
true_cfg_scale is passed as 4.0, but classifier-free guidance is not enabled since no negative_prompt is provided.
true_cfg_scale is passed as 4.0, but classifier-free guidance is not enabled since no negative_prompt is provided.
true_cfg_scale is passed as 4.0, but classifier-free guidance is not enabled since no negative_prompt is provided.
true_cfg_scale is passed as 4.0, but classifier-free guidance is not enabled since no negative_prompt is provided.
true_cfg_scale is passed as 4.0, but classifier-free guidance is not enabled since no negative_prompt is provided.
true_cfg_scale is passed as 4.0, but classifier-free guidance is not enabled since no negative_prompt is provided.
true_cfg_scale is passed as 4.0, but classifier-free guidance is not enabled since no negative_prompt is provided.
true_cfg_scale is passed as 4.0, but classifier-free guidance is not enabled since no negative_prompt is provided.
true_cfg_scale is passed as 4.0, but classifier-free guidance is not enabled since no negative_prompt is provided.
true_cfg_scale is passed as 4.0, but classifier-free guidance is not enabled since no negative_prompt is provided.
true_cfg_scale is passed as 4.0, but classifier-free guidance is not enabled since no negative_prompt is provided.
true_cfg_scale is passed as 4.0, but classifier-free guidance is not enabled since no negative_prompt is provided.
true_cfg_scale is passed as 4.0, but classifier-free guidance is not enabled since no negative_prompt is provided.
true_cfg_scale is passed as 4.0, but classifier-free guidance is not enabled since no negative_prompt is provided.
true_cfg_scale is passed as 4.0, but classifier-free guidance is not enabled since no negative_prompt is provided.
true_cfg_scale is passed as 4.0, but classifier-free guidance is not enabled since no negative_prompt is provided.
true_cfg_scale is passed as 4.0, but classifier-free guidance is not enabled since no negative_prompt is provided.
true_cfg_scale is passed as 4.0, but classifier-free guidance is not enabled since no negative_prompt is provided.
true_cfg_scale is passed as 4.0, but classifier-free guidance is not enabled since no negative_prompt is provided.
true_cfg_scale is passed as 4.0, but classifier-free guidance is not enabled since no negative_prompt is provided.
true_cfg_scale is passed as 4.0, but classifier-free guidance is not enabled since no negative_prompt is provided.
true_cfg_scale is passed as 4.0, but classifier-free guidance is not enabled since no negative_prompt is provided.
true_cfg_scale is passed as 4.0, but classifier-free guidance is not enabled since no negative_prompt is provided.
true_cfg_scale is passed as 4.0, but classifier-free guidance is not enabled since no negative_prompt is provided.
true_cfg_scale is passed as 4.0, but classifier-free guidance is not enabled since no negative_prompt is provided.
true_cfg_scale is passed as 4.0, but classifier-free guidance is not enabled since no negative_prompt is provided.
true_cfg_scale is passed as 4.0, but classifier-free guidance is not enabled since no negative_prompt is provided.
true_cfg_scale is passed as 4.0, but classifier-free guidance is not enabled since no negative_prompt is provided.
true_cfg_scale is passed as 4.0, but classifier-free guidance is not enabled since no negative_prompt is provided.
true_cfg_scale is passed as 4.0, but classifier-free guidance is not enabled since no negative_prompt is provided.
true_cfg_scale is passed as 4.0, but classifier-free guidance is not enabled since no negative_prompt is provided.
true_cfg_scale is passed as 4.0, but classifier-free guidance is not enabled since no negative_prompt is provided.
true_cfg_scale is passed as 4.0, but classifier-free guidance is not enabled since no negative_prompt is provided.
true_cfg_scale is passed as 4.0, but classifier-free guidance is not enabled since no negative_prompt is provided.
true_cfg_scale is passed as 4.0, but classifier-free guidance is not enabled since no negative_prompt is provided.
true_cfg_scale is passed as 4.0, but classifier-free guidance is not enabled since no negative_prompt is provided.
true_cfg_scale is passed as 4.0, but classifier-free guidance is not enabled since no negative_prompt is provided.
[gen] loading LoRA from checkpoints/teacher_lora
[gen] 20/300 skipped=0 elapsed=220s eta_left=3073s
[gen] 40/300 skipped=0 elapsed=439s eta_left=2853s
[gen] 60/300 skipped=0 elapsed=658s eta_left=2633s
[gen] 80/300 skipped=0 elapsed=878s eta_left=2414s
[gen] 100/300 skipped=0 elapsed=1097s eta_left=2194s
[gen] 120/300 skipped=0 elapsed=1316s eta_left=1974s
[gen] 140/300 skipped=0 elapsed=1536s eta_left=1755s
[gen] 160/300 skipped=0 elapsed=1755s eta_left=1535s
[gen] 180/300 skipped=0 elapsed=1974s eta_left=1316s
[gen] 200/300 skipped=0 elapsed=2193s eta_left=1097s
[gen] 220/300 skipped=0 elapsed=2413s eta_left=877s
[gen] 240/300 skipped=0 elapsed=2632s eta_left=658s
[gen] 260/300 skipped=0 elapsed=2852s eta_left=439s
[gen] 280/300 skipped=0 elapsed=3071s eta_left=219s
[gen] 300/300 skipped=0 elapsed=3290s eta_left=0s
[gen] shard done: 300 new, 0 skipped in 3290s
