[gen] shard 1/2: 300 prompts (of 600)
Loading pipeline components...:   0%|          | 0/5 [00:00<?, ?it/s]
Loading weights:   0%|          | 0/729 [00:00<?, ?it/s][ALoading weights: 100%|██████████| 729/729 [00:00<00:00, 10801.16it/s]
Loading pipeline components...:  40%|████      | 2/5 [00:00<00:00,  6.84it/s]The config attributes {'pooled_projection_dim': 768} were passed to QwenImageTransformer2DModel, but are not expected and will be ignored. Please verify your config.json configuration file.

Loading checkpoint shards:   0%|          | 0/9 [00:00<?, ?it/s][A
Loading checkpoint shards:  67%|██████▋   | 6/9 [00:00<00:00, 53.54it/s][ALoading checkpoint shards: 100%|██████████| 9/9 [00:00<00:00, 26.02it/s]
Loading pipeline components...:  60%|██████    | 3/5 [00:00<00:00,  3.68it/s]Loading pipeline components...:  80%|████████  | 4/5 [00:00<00:00,  4.05it/s]Loading pipeline components...: 100%|██████████| 5/5 [00:00<00:00,  5.28it/s]
true_cfg_scale is passed as 4.0, but classifier-free guidance is not enabled since no negative_prompt is provided.
true_cfg_scale is passed as 4.0, but classifier-free guidance is not enabled since no negative_prompt is provided.
true_cfg_scale is passed as 4.0, but classifier-free guidance is not enabled since no negative_prompt is provided.
true_cfg_scale is passed as 4.0, but classifier-free guidance is not enabled since no negative_prompt is provided.
true_cfg_scale is passed as 4.0, but classifier-free guidance is not enabled since no negative_prompt is provided.
true_cfg_scale is passed as 4.0, but classifier-free guidance is not enabled since no negative_prompt is provided.
true_cfg_scale is passed as 4.0, but classifier-free guidance is not enabled since no negative_prompt is provided.
true_cfg_scale is passed as 4.0, but classifier-free guidance is not enabled since no negative_prompt is provided.
true_cfg_scale is passed as 4.0, but classifier-free guidance is not enabled since no negative_prompt is provided.
true_cfg_scale is passed as 4.0, but classifier-free guidance is not enabled since no negative_prompt is provided.
true_cfg_scale is passed as 4.0, but classifier-free guidance is not enabled since no negative_prompt is provided.
true_cfg_scale is passed as 4.0, but classifier-free guidance is not enabled since no negative_prompt is provided.
true_cfg_scale is passed as 4.0, but classifier-free guidance is not enabled since no negative_prompt is provided.
true_cfg_scale is passed as 4.0, but classifier-free guidance is not enabled since no negative_prompt is provided.
true_cfg_scale is passed as 4.0, but classifier-free guidance is not enabled since no negative_prompt is provided.
true_cfg_scale is passed as 4.0, but classifier-free guidance is not enabled since no negative_prompt is provided.
true_cfg_scale is passed as 4.0, but classifier-free guidance is not enabled since no negative_prompt is provided.
true_cfg_scale is passed as 4.0, but classifier-free guidance is not enabled since no negative_prompt is provided.
true_cfg_scale is passed as 4.0, but classifier-free guidance is not enabled since no negative_prompt is provided.
true_cfg_scale is passed as 4.0, but classifier-free guidance is not enabled since no negative_prompt is provided.
true_cfg_scale is passed as 4.0, but classifier-free guidance is not enabled since no negative_prompt is provided.
true_cfg_scale is passed as 4.0, but classifier-free guidance is not enabled since no negative_prompt is provided.
true_cfg_scale is passed as 4.0, but classifier-free guidance is not enabled since no negative_prompt is provided.
true_cfg_scale is passed as 4.0, but classifier-free guidance is not enabled since no negative_prompt is provided.
true_cfg_scale is passed as 4.0, but classifier-free guidance is not enabled since no negative_prompt is provided.
true_cfg_scale is passed as 4.0, but classifier-free guidance is not enabled since no negative_prompt is provided.
true_cfg_scale is passed as 4.0, but classifier-free guidance is not enabled since no negative_prompt is provided.
true_cfg_scale is passed as 4.0, but classifier-free guidance is not enabled since no negative_prompt is provided.
true_cfg_scale is passed as 4.0, but classifier-free guidance is not enabled since no negative_prompt is provided.
true_cfg_scale is passed as 4.0, but classifier-free guidance is not enabled since no negative_prompt is provided.
true_cfg_scale is passed as 4.0, but classifier-free guidance is not enabled since no negative_prompt is provided.
true_cfg_scale is passed as 4.0, but classifier-free guidance is not enabled since no negative_prompt is provided.
true_cfg_scale is passed as 4.0, but classifier-free guidance is not enabled since no negative_prompt is provided.
true_cfg_scale is passed as 4.0, but classifier-free guidance is not enabled since no negative_prompt is provided.
true_cfg_scale is passed as 4.0, but classifier-free guidance is not enabled since no negative_prompt is provided.
true_cfg_scale is passed as 4.0, but classifier-free guidance is not enabled since no negative_prompt is provided.
true_cfg_scale is passed as 4.0, but classifier-free guidance is not enabled since no negative_prompt is provided.
true_cfg_scale is passed as 4.0, but classifier-free guidance is not enabled since no negative_prompt is provided.
true_cfg_scale is passed as 4.0, but classifier-free guidance is not enabled since no negative_prompt is provided.
true_cfg_scale is passed as 4.0, but classifier-free guidance is not enabled since no negative_prompt is provided.
true_cfg_scale is passed as 4.0, but classifier-free guidance is not enabled since no negative_prompt is provided.
true_cfg_scale is passed as 4.0, but classifier-free guidance is not enabled since no negative_prompt is provided.
true_cfg_scale is passed as 4.0, but classifier-free guidance is not enabled since no negative_prompt is provided.
true_cfg_scale is passed as 4.0, but classifier-free guidance is not enabled since no negative_prompt is provided.
true_cfg_scale is passed as 4.0, but classifier-free guidance is not enabled since no negative_prompt is provided.
true_cfg_scale is passed as 4.0, but classifier-free guidance is not enabled since no negative_prompt is provided.
true_cfg_scale is passed as 4.0, but classifier-free guidance is not enabled since no negative_prompt is provided.
true_cfg_scale is passed as 4.0, but classifier-free guidance is not enabled since no negative_prompt is provided.
true_cfg_scale is passed as 4.0, but classifier-free guidance is not enabled since no negative_prompt is provided.
true_cfg_scale is passed as 4.0, but classifier-free guidance is not enabled since no negative_prompt is provided.
true_cfg_scale is passed as 4.0, but classifier-free guidance is not enabled since no negative_prompt is provided.
true_cfg_scale is passed as 4.0, but classifier-free guidance is not enabled since no negative_prompt is provided.
true_cfg_scale is passed as 4.0, but classifier-free guidance is not enabled since no negative_prompt is provided.
true_cfg_scale is passed as 4.0, but classifier-free guidance is not enabled since no negative_prompt is provided.
true_cfg_scale is passed as 4.0, but classifier-free guidance is not enabled since no negative_prompt is provided.
true_cfg_scale is passed as 4.0, but classifier-free guidance is not enabled since no negative_prompt is provided.
true_cfg_scale is passed as 4.0, but classifier-free guidance is not enabled since no negative_prompt is provided.
true_cfg_scale is passed as 4.0, but classifier-free guidance is not enabled since no negative_prompt is provided.
true_cfg_scale is passed as 4.0, but classifier-free guidance is not enabled since no negative_prompt is provided.
true_cfg_scale is passed as 4.0, but classifier-free guidance is not enabled since no negative_prompt is provided.
true_cfg_scale is passed as 4.0, but classifier-free guidance is not enabled since no negative_prompt is provided.
true_cfg_scale is passed as 4.0, but classifier-free guidance is not enabled since no negative_prompt is provided.
true_cfg_scale is passed as 4.0, but classifier-free guidance is not enabled since no negative_prompt is provided.
true_cfg_scale is passed as 4.0, but classifier-free guidance is not enabled since no negative_prompt is provided.
true_cfg_scale is passed as 4.0, but classifier-free guidance is not enabled since no negative_prompt is provided.
true_cfg_scale is passed as 4.0, but classifier-free guidance is not enabled since no negative_prompt is provided.
true_cfg_scale is passed as 4.0, but classifier-free guidance is not enabled since no negative_prompt is provided.
true_cfg_scale is passed as 4.0, but classifier-free guidance is not enabled since no negative_prompt is provided.
true_cfg_scale is passed as 4.0, but classifier-free guidance is not enabled since no negative_prompt is provided.
true_cfg_scale is passed as 4.0, but classifier-free guidance is not enabled since no negative_prompt is provided.
true_cfg_scale is passed as 4.0, but classifier-free guidance is not enabled since no negative_prompt is provided.
true_cfg_scale is passed as 4.0, but classifier-free guidance is not enabled since no negative_prompt is provided.
true_cfg_scale is passed as 4.0, but classifier-free guidance is not enabled since no negative_prompt is provided.
true_cfg_scale is passed as 4.0, but classifier-free guidance is not enabled since no negative_prompt is provided.
true_cfg_scale is passed as 4.0, but classifier-free guidance is not enabled since no negative_prompt is provided.
true_cfg_scale is passed as 4.0, but classifier-free guidance is not enabled since no negative_prompt is provided.
true_cfg_scale is passed as 4.0, but classifier-free guidance is not enabled since no negative_prompt is provided.
true_cfg_scale is passed as 4.0, but classifier-free guidance is not enabled since no negative_prompt is provided.
true_cfg_scale is passed as 4.0, but classifier-free guidance is not enabled since no negative_prompt is provided.
true_cfg_scale is passed as 4.0, but classifier-free guidance is not enabled since no negative_prompt is provided.
true_cfg_scale is passed as 4.0, but classifier-free guidance is not enabled since no negative_prompt is provided.
true_cfg_scale is passed as 4.0, but classifier-free guidance is not enabled since no negative_prompt is provided.
true_cfg_scale is passed as 4.0, but classifier-free guidance is not enabled since no negative_prompt is provided.
true_cfg_scale is passed as 4.0, but classifier-free guidance is not enabled since no negative_prompt is provided.
true_cfg_scale is passed as 4.0, but classifier-free guidance is not enabled since no negative_prompt is provided.
true_cfg_scale is passed as 4.0, but classifier-free guidance is not enabled since no negative_prompt is provided.
true_cfg_scale is passed as 4.0, but classifier-free guidance is not enabled since no negative_prompt is provided.
true_cfg_scale is passed as 4.0, but classifier-free guidance is not enabled since no negative_prompt is provided.
true_cfg_scale is passed as 4.0, but classifier-free guidance is not enabled since no negative_prompt is provided.
true_cfg_scale is passed as 4.0, but classifier-free guidance is not enabled since no negative_prompt is provided.
true_cfg_scale is passed as 4.0, but classifier-free guidance is not enabled since no negative_prompt is provided.
true_cfg_scale is passed as 4.0, but classifier-free guidance is not enabled since no negative_prompt is provided.
true_cfg_scale is passed as 4.0, but classifier-free guidance is not enabled since no negative_prompt is provided.
true_cfg_scale is passed as 4.0, but classifier-free guidance is not enabled since no negative_prompt is provided.
true_cfg_scale is passed as 4.0, but classifier-free guidance is not enabled since no negative_prompt is provided.
true_cfg_scale is passed as 4.0, but classifier-free guidance is not enabled since no negative_prompt is provided.
true_cfg_scale is passed as 4.0, but classifier-free guidance is not enabled since no negative_prompt is provided.
true_cfg_scale is passed as 4.0, but classifier-free guidance is not enabled since no negative_prompt is provided.
true_cfg_scale is passed as 4.0, but classifier-free guidance is not enabled since no negative_prompt is provided.
true_cfg_scale is passed as 4.0, but classifier-free guidance is not enabled since no negative_prompt is provided.
true_cfg_scale is passed as 4.0, but classifier-free guidance is not enabled since no negative_prompt is provided.
true_cfg_scale is passed as 4.0, but classifier-free guidance is not enabled since no negative_prompt is provided.
true_cfg_scale is passed as 4.0, but classifier-free guidance is not enabled since no negative_prompt is provided.
true_cfg_scale is passed as 4.0, but classifier-free guidance is not enabled since no negative_prompt is provided.
true_cfg_scale is passed as 4.0, but classifier-free guidance is not enabled since no negative_prompt is provided.
true_cfg_scale is passed as 4.0, but classifier-free guidance is not enabled since no negative_prompt is provided.
true_cfg_scale is passed as 4.0, but classifier-free guidance is not enabled since no negative_prompt is provided.
true_cfg_scale is passed as 4.0, but classifier-free guidance is not enabled since no negative_prompt is provided.
true_cfg_scale is passed as 4.0, but classifier-free guidance is not enabled since no negative_prompt is provided.
true_cfg_scale is passed as 4.0, but classifier-free guidance is not enabled since no negative_prompt is provided.
true_cfg_scale is passed as 4.0, but classifier-free guidance is not enabled since no negative_prompt is provided.
true_cfg_scale is passed as 4.0, but classifier-free guidance is not enabled since no negative_prompt is provided.
true_cfg_scale is passed as 4.0, but classifier-free guidance is not enabled since no negative_prompt is provided.
true_cfg_scale is passed as 4.0, but classifier-free guidance is not enabled since no negative_prompt is provided.
true_cfg_scale is passed as 4.0, but classifier-free guidance is not enabled since no negative_prompt is provided.
true_cfg_scale is passed as 4.0, but classifier-free guidance is not enabled since no negative_prompt is provided.
true_cfg_scale is passed as 4.0, but classifier-free guidance is not enabled since no negative_prompt is provided.
true_cfg_scale is passed as 4.0, but classifier-free guidance is not enabled since no negative_prompt is provided.
true_cfg_scale is passed as 4.0, but classifier-free guidance is not enabled since no negative_prompt is provided.
true_cfg_scale is passed as 4.0, but classifier-free guidance is not enabled since no negative_prompt is provided.
true_cfg_scale is passed as 4.0, but classifier-free guidance is not enabled since no negative_prompt is provided.
true_cfg_scale is passed as 4.0, but classifier-free guidance is not enabled since no negative_prompt is provided.
true_cfg_scale is passed as 4.0, but classifier-free guidance is not enabled since no negative_prompt is provided.
true_cfg_scale is passed as 4.0, but classifier-free guidance is not enabled since no negative_prompt is provided.
true_cfg_scale is passed as 4.0, but classifier-free guidance is not enabled since no negative_prompt is provided.
true_cfg_scale is passed as 4.0, but classifier-free guidance is not enabled since no negative_prompt is provided.
true_cfg_scale is passed as 4.0, but classifier-free guidance is not enabled since no negative_prompt is provided.
true_cfg_scale is passed as 4.0, but classifier-free guidance is not enabled since no negative_prompt is provided.
true_cfg_scale is passed as 4.0, but classifier-free guidance is not enabled since no negative_prompt is provided.
true_cfg_scale is passed as 4.0, but classifier-free guidance is not enabled since no negative_prompt is provided.
true_cfg_scale is passed as 4.0, but classifier-free guidance is not enabled since no negative_prompt is provided.
true_cfg_scale is passed as 4.0, but classifier-free guidance is not enabled since no negative_prompt is provided.
true_cfg_scale is passed as 4.0, but classifier-free guidance is not enabled since no negative_prompt is provided.
true_cfg_scale is passed as 4.0, but classifier-free guidance is not enabled since no negative_prompt is provided.
true_cfg_scale is passed as 4.0, but classifier-free guidance is not enabled since no negative_prompt is provided.
true_cfg_scale is passed as 4.0, but classifier-free guidance is not enabled since no negative_prompt is provided.
true_cfg_scale is passed as 4.0, but classifier-free guidance is not enabled since no negative_prompt is provided.
true_cfg_scale is passed as 4.0, but classifier-free guidance is not enabled since no negative_prompt is provided.
true_cfg_scale is passed as 4.0, but classifier-free guidance is not enabled since no negative_prompt is provided.
true_cfg_scale is passed as 4.0, but classifier-free guidance is not enabled since no negative_prompt is provided.
true_cfg_scale is passed as 4.0, but classifier-free guidance is not enabled since no negative_prompt is provided.
true_cfg_scale is passed as 4.0, but classifier-free guidance is not enabled since no negative_prompt is provided.
true_cfg_scale is passed as 4.0, but classifier-free guidance is not enabled since no negative_prompt is provided.
true_cfg_scale is passed as 4.0, but classifier-free guidance is not enabled since no negative_prompt is provided.
true_cfg_scale is passed as 4.0, but classifier-free guidance is not enabled since no negative_prompt is provided.
true_cfg_scale is passed as 4.0, but classifier-free guidance is not enabled since no negative_prompt is provided.
true_cfg_scale is passed as 4.0, but classifier-free guidance is not enabled since no negative_prompt is provided.
true_cfg_scale is passed as 4.0, but classifier-free guidance is not enabled since no negative_prompt is provided.
true_cfg_scale is passed as 4.0, but classifier-free guidance is not enabled since no negative_prompt is provided.
true_cfg_scale is passed as 4.0, but classifier-free guidance is not enabled since no negative_prompt is provided.
true_cfg_scale is passed as 4.0, but classifier-free guidance is not enabled since no negative_prompt is provided.
true_cfg_scale is passed as 4.0, but classifier-free guidance is not enabled since no negative_prompt is provided.
true_cfg_scale is passed as 4.0, but classifier-free guidance is not enabled since no negative_prompt is provided.
true_cfg_scale is passed as 4.0, but classifier-free guidance is not enabled since no negative_prompt is provided.
true_cfg_scale is passed as 4.0, but classifier-free guidance is not enabled since no negative_prompt is provided.
true_cfg_scale is passed as 4.0, but classifier-free guidance is not enabled since no negative_prompt is provided.
true_cfg_scale is passed as 4.0, but classifier-free guidance is not enabled since no negative_prompt is provided.
true_cfg_scale is passed as 4.0, but classifier-free guidance is not enabled since no negative_prompt is provided.
true_cfg_scale is passed as 4.0, but classifier-free guidance is not enabled since no negative_prompt is provided.
true_cfg_scale is passed as 4.0, but classifier-free guidance is not enabled since no negative_prompt is provided.
true_cfg_scale is passed as 4.0, but classifier-free guidance is not enabled since no negative_prompt is provided.
true_cfg_scale is passed as 4.0, but classifier-free guidance is not enabled since no negative_prompt is provided.
true_cfg_scale is passed as 4.0, but classifier-free guidance is not enabled since no negative_prompt is provided.
true_cfg_scale is passed as 4.0, but classifier-free guidance is not enabled since no negative_prompt is provided.
true_cfg_scale is passed as 4.0, but classifier-free guidance is not enabled since no negative_prompt is provided.
true_cfg_scale is passed as 4.0, but classifier-free guidance is not enabled since no negative_prompt is provided.
true_cfg_scale is passed as 4.0, but classifier-free guidance is not enabled since no negative_prompt is provided.
true_cfg_scale is passed as 4.0, but classifier-free guidance is not enabled since no negative_prompt is provided.
true_cfg_scale is passed as 4.0, but classifier-free guidance is not enabled since no negative_prompt is provided.
true_cfg_scale is passed as 4.0, but classifier-free guidance is not enabled since no negative_prompt is provided.
true_cfg_scale is passed as 4.0, but classifier-free guidance is not enabled since no negative_prompt is provided.
true_cfg_scale is passed as 4.0, but classifier-free guidance is not enabled since no negative_prompt is provided.
true_cfg_scale is passed as 4.0, but classifier-free guidance is not enabled since no negative_prompt is provided.
true_cfg_scale is passed as 4.0, but classifier-free guidance is not enabled since no negative_prompt is provided.
true_cfg_scale is passed as 4.0, but classifier-free guidance is not enabled since no negative_prompt is provided.
true_cfg_scale is passed as 4.0, but classifier-free guidance is not enabled since no negative_prompt is provided.
true_cfg_scale is passed as 4.0, but classifier-free guidance is not enabled since no negative_prompt is provided.
true_cfg_scale is passed as 4.0, but classifier-free guidance is not enabled since no negative_prompt is provided.
true_cfg_scale is passed as 4.0, but classifier-free guidance is not enabled since no negative_prompt is provided.
true_cfg_scale is passed as 4.0, but classifier-free guidance is not enabled since no negative_prompt is provided.
true_cfg_scale is passed as 4.0, but classifier-free guidance is not enabled since no negative_prompt is provided.
true_cfg_scale is passed as 4.0, but classifier-free guidance is not enabled since no negative_prompt is provided.
true_cfg_scale is passed as 4.0, but classifier-free guidance is not enabled since no negative_prompt is provided.
true_cfg_scale is passed as 4.0, but classifier-free guidance is not enabled since no negative_prompt is provided.
true_cfg_scale is passed as 4.0, but classifier-free guidance is not enabled since no negative_prompt is provided.
true_cfg_scale is passed as 4.0, but classifier-free guidance is not enabled since no negative_prompt is provided.
true_cfg_scale is passed as 4.0, but classifier-free guidance is not enabled since no negative_prompt is provided.
true_cfg_scale is passed as 4.0, but classifier-free guidance is not enabled since no negative_prompt is provided.
true_cfg_scale is passed as 4.0, but classifier-free guidance is not enabled since no negative_prompt is provided.
true_cfg_scale is passed as 4.0, but classifier-free guidance is not enabled since no negative_prompt is provided.
true_cfg_scale is passed as 4.0, but classifier-free guidance is not enabled since no negative_prompt is provided.
true_cfg_scale is passed as 4.0, but classifier-free guidance is not enabled since no negative_prompt is provided.
true_cfg_scale is passed as 4.0, but classifier-free guidance is not enabled since no negative_prompt is provided.
true_cfg_scale is passed as 4.0, but classifier-free guidance is not enabled since no negative_prompt is provided.
true_cfg_scale is passed as 4.0, but classifier-free guidance is not enabled since no negative_prompt is provided.
true_cfg_scale is passed as 4.0, but classifier-free guidance is not enabled since no negative_prompt is provided.
true_cfg_scale is passed as 4.0, but classifier-free guidance is not enabled since no negative_prompt is provided.
true_cfg_scale is passed as 4.0, but classifier-free guidance is not enabled since no negative_prompt is provided.
true_cfg_scale is passed as 4.0, but classifier-free guidance is not enabled since no negative_prompt is provided.
true_cfg_scale is passed as 4.0, but classifier-free guidance is not enabled since no negative_prompt is provided.
true_cfg_scale is passed as 4.0, but classifier-free guidance is not enabled since no negative_prompt is provided.
true_cfg_scale is passed as 4.0, but classifier-free guidance is not enabled since no negative_prompt is provided.
true_cfg_scale is passed as 4.0, but classifier-free guidance is not enabled since no negative_prompt is provided.
true_cfg_scale is passed as 4.0, but classifier-free guidance is not enabled since no negative_prompt is provided.
true_cfg_scale is passed as 4.0, but classifier-free guidance is not enabled since no negative_prompt is provided.
true_cfg_scale is passed as 4.0, but classifier-free guidance is not enabled since no negative_prompt is provided.
true_cfg_scale is passed as 4.0, but classifier-free guidance is not enabled since no negative_prompt is provided.
true_cfg_scale is passed as 4.0, but classifier-free guidance is not enabled since no negative_prompt is provided.
true_cfg_scale is passed as 4.0, but classifier-free guidance is not enabled since no negative_prompt is provided.
true_cfg_scale is passed as 4.0, but classifier-free guidance is not enabled since no negative_prompt is provided.
true_cfg_scale is passed as 4.0, but classifier-free guidance is not enabled since no negative_prompt is provided.
true_cfg_scale is passed as 4.0, but classifier-free guidance is not enabled since no negative_prompt is provided.
true_cfg_scale is passed as 4.0, but classifier-free guidance is not enabled since no negative_prompt is provided.
true_cfg_scale is passed as 4.0, but classifier-free guidance is not enabled since no negative_prompt is provided.
true_cfg_scale is passed as 4.0, but classifier-free guidance is not enabled since no negative_prompt is provided.
true_cfg_scale is passed as 4.0, but classifier-free guidance is not enabled since no negative_prompt is provided.
true_cfg_scale is passed as 4.0, but classifier-free guidance is not enabled since no negative_prompt is provided.
true_cfg_scale is passed as 4.0, but classifier-free guidance is not enabled since no negative_prompt is provided.
true_cfg_scale is passed as 4.0, but classifier-free guidance is not enabled since no negative_prompt is provided.
true_cfg_scale is passed as 4.0, but classifier-free guidance is not enabled since no negative_prompt is provided.
true_cfg_scale is passed as 4.0, but classifier-free guidance is not enabled since no negative_prompt is provided.
true_cfg_scale is passed as 4.0, but classifier-free guidance is not enabled since no negative_prompt is provided.
true_cfg_scale is passed as 4.0, but classifier-free guidance is not enabled since no negative_prompt is provided.
true_cfg_scale is passed as 4.0, but classifier-free guidance is not enabled since no negative_prompt is provided.
true_cfg_scale is passed as 4.0, but classifier-free guidance is not enabled since no negative_prompt is provided.
true_cfg_scale is passed as 4.0, but classifier-free guidance is not enabled since no negative_prompt is provided.
true_cfg_scale is passed as 4.0, but classifier-free guidance is not enabled since no negative_prompt is provided.
true_cfg_scale is passed as 4.0, but classifier-free guidance is not enabled since no negative_prompt is provided.
true_cfg_scale is passed as 4.0, but classifier-free guidance is not enabled since no negative_prompt is provided.
true_cfg_scale is passed as 4.0, but classifier-free guidance is not enabled since no negative_prompt is provided.
true_cfg_scale is passed as 4.0, but classifier-free guidance is not enabled since no negative_prompt is provided.
true_cfg_scale is passed as 4.0, but classifier-free guidance is not enabled since no negative_prompt is provided.
true_cfg_scale is passed as 4.0, but classifier-free guidance is not enabled since no negative_prompt is provided.
true_cfg_scale is passed as 4.0, but classifier-free guidance is not enabled since no negative_prompt is provided.
true_cfg_scale is passed as 4.0, but classifier-free guidance is not enabled since no negative_prompt is provided.
true_cfg_scale is passed as 4.0, but classifier-free guidance is not enabled since no negative_prompt is provided.
true_cfg_scale is passed as 4.0, but classifier-free guidance is not enabled since no negative_prompt is provided.
true_cfg_scale is passed as 4.0, but classifier-free guidance is not enabled since no negative_prompt is provided.
true_cfg_scale is passed as 4.0, but classifier-free guidance is not enabled since no negative_prompt is provided.
true_cfg_scale is passed as 4.0, but classifier-free guidance is not enabled since no negative_prompt is provided.
true_cfg_scale is passed as 4.0, but classifier-free guidance is not enabled since no negative_prompt is provided.
true_cfg_scale is passed as 4.0, but classifier-free guidance is not enabled since no negative_prompt is provided.
true_cfg_scale is passed as 4.0, but classifier-free guidance is not enabled since no negative_prompt is provided.
true_cfg_scale is passed as 4.0, but classifier-free guidance is not enabled since no negative_prompt is provided.
true_cfg_scale is passed as 4.0, but classifier-free guidance is not enabled since no negative_prompt is provided.
true_cfg_scale is passed as 4.0, but classifier-free guidance is not enabled since no negative_prompt is provided.
true_cfg_scale is passed as 4.0, but classifier-free guidance is not enabled since no negative_prompt is provided.
true_cfg_scale is passed as 4.0, but classifier-free guidance is not enabled since no negative_prompt is provided.
true_cfg_scale is passed as 4.0, but classifier-free guidance is not enabled since no negative_prompt is provided.
true_cfg_scale is passed as 4.0, but classifier-free guidance is not enabled since no negative_prompt is provided.
true_cfg_scale is passed as 4.0, but classifier-free guidance is not enabled since no negative_prompt is provided.
true_cfg_scale is passed as 4.0, but classifier-free guidance is not enabled since no negative_prompt is provided.
true_cfg_scale is passed as 4.0, but classifier-free guidance is not enabled since no negative_prompt is provided.
true_cfg_scale is passed as 4.0, but classifier-free guidance is not enabled since no negative_prompt is provided.
true_cfg_scale is passed as 4.0, but classifier-free guidance is not enabled since no negative_prompt is provided.
true_cfg_scale is passed as 4.0, but classifier-free guidance is not enabled since no negative_prompt is provided.
true_cfg_scale is passed as 4.0, but classifier-free guidance is not enabled since no negative_prompt is provided.
true_cfg_scale is passed as 4.0, but classifier-free guidance is not enabled since no negative_prompt is provided.
true_cfg_scale is passed as 4.0, but classifier-free guidance is not enabled since no negative_prompt is provided.
true_cfg_scale is passed as 4.0, but classifier-free guidance is not enabled since no negative_prompt is provided.
true_cfg_scale is passed as 4.0, but classifier-free guidance is not enabled since no negative_prompt is provided.
true_cfg_scale is passed as 4.0, but classifier-free guidance is not enabled since no negative_prompt is provided.
true_cfg_scale is passed as 4.0, but classifier-free guidance is not enabled since no negative_prompt is provided.
true_cfg_scale is passed as 4.0, but classifier-free guidance is not enabled since no negative_prompt is provided.
true_cfg_scale is passed as 4.0, but classifier-free guidance is not enabled since no negative_prompt is provided.
true_cfg_scale is passed as 4.0, but classifier-free guidance is not enabled since no negative_prompt is provided.
true_cfg_scale is passed as 4.0, but classifier-free guidance is not enabled since no negative_prompt is provided.
true_cfg_scale is passed as 4.0, but classifier-free guidance is not enabled since no negative_prompt is provided.
true_cfg_scale is passed as 4.0, but classifier-free guidance is not enabled since no negative_prompt is provided.
true_cfg_scale is passed as 4.0, but classifier-free guidance is not enabled since no negative_prompt is provided.
true_cfg_scale is passed as 4.0, but classifier-free guidance is not enabled since no negative_prompt is provided.
true_cfg_scale is passed as 4.0, but classifier-free guidance is not enabled since no negative_prompt is provided.
true_cfg_scale is passed as 4.0, but classifier-free guidance is not enabled since no negative_prompt is provided.
true_cfg_scale is passed as 4.0, but classifier-free guidance is not enabled since no negative_prompt is provided.
true_cfg_scale is passed as 4.0, but classifier-free guidance is not enabled since no negative_prompt is provided.
true_cfg_scale is passed as 4.0, but classifier-free guidance is not enabled since no negative_prompt is provided.
true_cfg_scale is passed as 4.0, but classifier-free guidance is not enabled since no negative_prompt is provided.
true_cfg_scale is passed as 4.0, but classifier-free guidance is not enabled since no negative_prompt is provided.
true_cfg_scale is passed as 4.0, but classifier-free guidance is not enabled since no negative_prompt is provided.
true_cfg_scale is passed as 4.0, but classifier-free guidance is not enabled since no negative_prompt is provided.
true_cfg_scale is passed as 4.0, but classifier-free guidance is not enabled since no negative_prompt is provided.
true_cfg_scale is passed as 4.0, but classifier-free guidance is not enabled since no negative_prompt is provided.
true_cfg_scale is passed as 4.0, but classifier-free guidance is not enabled since no negative_prompt is provided.
true_cfg_scale is passed as 4.0, but classifier-free guidance is not enabled since no negative_prompt is provided.
true_cfg_scale is passed as 4.0, but classifier-free guidance is not enabled since no negative_prompt is provided.
true_cfg_scale is passed as 4.0, but classifier-free guidance is not enabled since no negative_prompt is provided.
true_cfg_scale is passed as 4.0, but classifier-free guidance is not enabled since no negative_prompt is provided.
true_cfg_scale is passed as 4.0, but classifier-free guidance is not enabled since no negative_prompt is provided.
true_cfg_scale is passed as 4.0, but classifier-free guidance is not enabled since no negative_prompt is provided.
true_cfg_scale is passed as 4.0, but classifier-free guidance is not enabled since no negative_prompt is provided.
true_cfg_scale is passed as 4.0, but classifier-free guidance is not enabled since no negative_prompt is provided.
true_cfg_scale is passed as 4.0, but classifier-free guidance is not enabled since no negative_prompt is provided.
true_cfg_scale is passed as 4.0, but classifier-free guidance is not enabled since no negative_prompt is provided.
true_cfg_scale is passed as 4.0, but classifier-free guidance is not enabled since no negative_prompt is provided.
true_cfg_scale is passed as 4.0, but classifier-free guidance is not enabled since no negative_prompt is provided.
true_cfg_scale is passed as 4.0, but classifier-free guidance is not enabled since no negative_prompt is provided.
true_cfg_scale is passed as 4.0, but classifier-free guidance is not enabled since no negative_prompt is provided.
true_cfg_scale is passed as 4.0, but classifier-free guidance is not enabled since no negative_prompt is provided.
true_cfg_scale is passed as 4.0, but classifier-free guidance is not enabled since no negative_prompt is provided.
true_cfg_scale is passed as 4.0, but classifier-free guidance is not enabled since no negative_prompt is provided.
[gen] 20/300 skipped=0 elapsed=190s eta_left=2666s
[gen] 40/300 skipped=0 elapsed=381s eta_left=2474s
[gen] 60/300 skipped=0 elapsed=571s eta_left=2283s
[gen] 80/300 skipped=0 elapsed=761s eta_left=2092s
[gen] 100/300 skipped=0 elapsed=951s eta_left=1902s
[gen] 120/300 skipped=0 elapsed=1141s eta_left=1712s
[gen] 140/300 skipped=0 elapsed=1331s eta_left=1521s
[gen] 160/300 skipped=0 elapsed=1521s eta_left=1331s
[gen] 180/300 skipped=0 elapsed=1711s eta_left=1141s
[gen] 200/300 skipped=0 elapsed=1901s eta_left=951s
[gen] 220/300 skipped=0 elapsed=2091s eta_left=760s
[gen] 240/300 skipped=0 elapsed=2282s eta_left=570s
[gen] 260/300 skipped=0 elapsed=2472s eta_left=380s
[gen] 280/300 skipped=0 elapsed=2662s eta_left=190s
[gen] 300/300 skipped=0 elapsed=2852s eta_left=0s
[gen] shard done: 300 new, 0 skipped in 2852s
