[gen] shard 1/2: 300 prompts (of 600)
Loading pipeline components...:   0%|          | 0/5 [00:00<?, ?it/s]
Loading weights:   0%|          | 0/729 [00:00<?, ?it/s][ALoading weights: 100%|██████████| 729/729 [00:00<00:00, 11018.91it/s]
Loading pipeline components...:  20%|██        | 1/5 [00:00<00:01,  3.80it/s]Loading pipeline components...:  40%|████      | 2/5 [00:00<00:00,  4.29it/s]The config attributes {'pooled_projection_dim': 768} were passed to QwenImageTransformer2DModel, but are not expected and will be ignored. Please verify your config.json configuration file.

Loading checkpoint shards:   0%|          | 0/9 [00:00<?, ?it/s][A
Loading checkpoint shards:  67%|██████▋   | 6/9 [00:00<00:00, 54.28it/s][ALoading checkpoint shards: 100%|██████████| 9/9 [00:00<00:00, 26.30it/s]
Loading pipeline components...:  60%|██████    | 3/5 [00:00<00:00,  3.06it/s]Loading pipeline components...: 100%|██████████| 5/5 [00:00<00:00,  5.34it/s]
true_cfg_scale is passed as 4.0, but classifier-free guidance is not enabled since no negative_prompt is provided.
true_cfg_scale is passed as 4.0, but classifier-free guidance is not enabled since no negative_prompt is provided.
true_cfg_scale is passed as 4.0, but classifier-free guidance is not enabled since no negative_prompt is provided.
true_cfg_scale is passed as 4.0, but classifier-free guidance is not enabled since no negative_prompt is provided.
true_cfg_scale is passed as 4.0, but classifier-free guidance is not enabled since no negative_prompt is provided.
true_cfg_scale is passed as 4.0, but classifier-free guidance is not enabled since no negative_prompt is provided.
true_cfg_scale is passed as 4.0, but classifier-free guidance is not enabled since no negative_prompt is provided.
true_cfg_scale is passed as 4.0, but classifier-free guidance is not enabled since no negative_prompt is provided.
true_cfg_scale is passed as 4.0, but classifier-free guidance is not enabled since no negative_prompt is provided.
true_cfg_scale is passed as 4.0, but classifier-free guidance is not enabled since no negative_prompt is provided.
true_cfg_scale is passed as 4.0, but classifier-free guidance is not enabled since no negative_prompt is provided.
true_cfg_scale is passed as 4.0, but classifier-free guidance is not enabled since no negative_prompt is provided.
true_cfg_scale is passed as 4.0, but classifier-free guidance is not enabled since no negative_prompt is provided.
true_cfg_scale is passed as 4.0, but classifier-free guidance is not enabled since no negative_prompt is provided.
true_cfg_scale is passed as 4.0, but classifier-free guidance is not enabled since no negative_prompt is provided.
true_cfg_scale is passed as 4.0, but classifier-free guidance is not enabled since no negative_prompt is provided.
true_cfg_scale is passed as 4.0, but classifier-free guidance is not enabled since no negative_prompt is provided.
true_cfg_scale is passed as 4.0, but classifier-free guidance is not enabled since no negative_prompt is provided.
true_cfg_scale is passed as 4.0, but classifier-free guidance is not enabled since no negative_prompt is provided.
true_cfg_scale is passed as 4.0, but classifier-free guidance is not enabled since no negative_prompt is provided.
true_cfg_scale is passed as 4.0, but classifier-free guidance is not enabled since no negative_prompt is provided.
true_cfg_scale is passed as 4.0, but classifier-free guidance is not enabled since no negative_prompt is provided.
true_cfg_scale is passed as 4.0, but classifier-free guidance is not enabled since no negative_prompt is provided.
true_cfg_scale is passed as 4.0, but classifier-free guidance is not enabled since no negative_prompt is provided.
true_cfg_scale is passed as 4.0, but classifier-free guidance is not enabled since no negative_prompt is provided.
true_cfg_scale is passed as 4.0, but classifier-free guidance is not enabled since no negative_prompt is provided.
true_cfg_scale is passed as 4.0, but classifier-free guidance is not enabled since no negative_prompt is provided.
true_cfg_scale is passed as 4.0, but classifier-free guidance is not enabled since no negative_prompt is provided.
true_cfg_scale is passed as 4.0, but classifier-free guidance is not enabled since no negative_prompt is provided.
true_cfg_scale is passed as 4.0, but classifier-free guidance is not enabled since no negative_prompt is provided.
true_cfg_scale is passed as 4.0, but classifier-free guidance is not enabled since no negative_prompt is provided.
true_cfg_scale is passed as 4.0, but classifier-free guidance is not enabled since no negative_prompt is provided.
true_cfg_scale is passed as 4.0, but classifier-free guidance is not enabled since no negative_prompt is provided.
true_cfg_scale is passed as 4.0, but classifier-free guidance is not enabled since no negative_prompt is provided.
true_cfg_scale is passed as 4.0, but classifier-free guidance is not enabled since no negative_prompt is provided.
true_cfg_scale is passed as 4.0, but classifier-free guidance is not enabled since no negative_prompt is provided.
true_cfg_scale is passed as 4.0, but classifier-free guidance is not enabled since no negative_prompt is provided.
true_cfg_scale is passed as 4.0, but classifier-free guidance is not enabled since no negative_prompt is provided.
true_cfg_scale is passed as 4.0, but classifier-free guidance is not enabled since no negative_prompt is provided.
true_cfg_scale is passed as 4.0, but classifier-free guidance is not enabled since no negative_prompt is provided.
true_cfg_scale is passed as 4.0, but classifier-free guidance is not enabled since no negative_prompt is provided.
true_cfg_scale is passed as 4.0, but classifier-free guidance is not enabled since no negative_prompt is provided.
true_cfg_scale is passed as 4.0, but classifier-free guidance is not enabled since no negative_prompt is provided.
true_cfg_scale is passed as 4.0, but classifier-free guidance is not enabled since no negative_prompt is provided.
true_cfg_scale is passed as 4.0, but classifier-free guidance is not enabled since no negative_prompt is provided.
true_cfg_scale is passed as 4.0, but classifier-free guidance is not enabled since no negative_prompt is provided.
true_cfg_scale is passed as 4.0, but classifier-free guidance is not enabled since no negative_prompt is provided.
true_cfg_scale is passed as 4.0, but classifier-free guidance is not enabled since no negative_prompt is provided.
true_cfg_scale is passed as 4.0, but classifier-free guidance is not enabled since no negative_prompt is provided.
true_cfg_scale is passed as 4.0, but classifier-free guidance is not enabled since no negative_prompt is provided.
true_cfg_scale is passed as 4.0, but classifier-free guidance is not enabled since no negative_prompt is provided.
true_cfg_scale is passed as 4.0, but classifier-free guidance is not enabled since no negative_prompt is provided.
true_cfg_scale is passed as 4.0, but classifier-free guidance is not enabled since no negative_prompt is provided.
true_cfg_scale is passed as 4.0, but classifier-free guidance is not enabled since no negative_prompt is provided.
true_cfg_scale is passed as 4.0, but classifier-free guidance is not enabled since no negative_prompt is provided.
true_cfg_scale is passed as 4.0, but classifier-free guidance is not enabled since no negative_prompt is provided.
true_cfg_scale is passed as 4.0, but classifier-free guidance is not enabled since no negative_prompt is provided.
true_cfg_scale is passed as 4.0, but classifier-free guidance is not enabled since no negative_prompt is provided.
true_cfg_scale is passed as 4.0, but classifier-free guidance is not enabled since no negative_prompt is provided.
true_cfg_scale is passed as 4.0, but classifier-free guidance is not enabled since no negative_prompt is provided.
true_cfg_scale is passed as 4.0, but classifier-free guidance is not enabled since no negative_prompt is provided.
true_cfg_scale is passed as 4.0, but classifier-free guidance is not enabled since no negative_prompt is provided.
true_cfg_scale is passed as 4.0, but classifier-free guidance is not enabled since no negative_prompt is provided.
true_cfg_scale is passed as 4.0, but classifier-free guidance is not enabled since no negative_prompt is provided.
true_cfg_scale is passed as 4.0, but classifier-free guidance is not enabled since no negative_prompt is provided.
true_cfg_scale is passed as 4.0, but classifier-free guidance is not enabled since no negative_prompt is provided.
true_cfg_scale is passed as 4.0, but classifier-free guidance is not enabled since no negative_prompt is provided.
true_cfg_scale is passed as 4.0, but classifier-free guidance is not enabled since no negative_prompt is provided.
true_cfg_scale is passed as 4.0, but classifier-free guidance is not enabled since no negative_prompt is provided.
true_cfg_scale is passed as 4.0, but classifier-free guidance is not enabled since no negative_prompt is provided.
true_cfg_scale is passed as 4.0, but classifier-free guidance is not enabled since no negative_prompt is provided.
true_cfg_scale is passed as 4.0, but classifier-free guidance is not enabled since no negative_prompt is provided.
true_cfg_scale is passed as 4.0, but classifier-free guidance is not enabled since no negative_prompt is provided.
true_cfg_scale is passed as 4.0, but classifier-free guidance is not enabled since no negative_prompt is provided.
true_cfg_scale is passed as 4.0, but classifier-free guidance is not enabled since no negative_prompt is provided.
true_cfg_scale is passed as 4.0, but classifier-free guidance is not enabled since no negative_prompt is provided.
true_cfg_scale is passed as 4.0, but classifier-free guidance is not enabled since no negative_prompt is provided.
true_cfg_scale is passed as 4.0, but classifier-free guidance is not enabled since no negative_prompt is provided.
true_cfg_scale is passed as 4.0, but classifier-free guidance is not enabled since no negative_prompt is provided.
true_cfg_scale is passed as 4.0, but classifier-free guidance is not enabled since no negative_prompt is provided.
true_cfg_scale is passed as 4.0, but classifier-free guidance is not enabled since no negative_prompt is provided.
true_cfg_scale is passed as 4.0, but classifier-free guidance is not enabled since no negative_prompt is provided.
true_cfg_scale is passed as 4.0, but classifier-free guidance is not enabled since no negative_prompt is provided.
true_cfg_scale is passed as 4.0, but classifier-free guidance is not enabled since no negative_prompt is provided.
true_cfg_scale is passed as 4.0, but classifier-free guidance is not enabled since no negative_prompt is provided.
true_cfg_scale is passed as 4.0, but classifier-free guidance is not enabled since no negative_prompt is provided.
true_cfg_scale is passed as 4.0, but classifier-free guidance is not enabled since no negative_prompt is provided.
true_cfg_scale is passed as 4.0, but classifier-free guidance is not enabled since no negative_prompt is provided.
true_cfg_scale is passed as 4.0, but classifier-free guidance is not enabled since no negative_prompt is provided.
true_cfg_scale is passed as 4.0, but classifier-free guidance is not enabled since no negative_prompt is provided.
true_cfg_scale is passed as 4.0, but classifier-free guidance is not enabled since no negative_prompt is provided.
true_cfg_scale is passed as 4.0, but classifier-free guidance is not enabled since no negative_prompt is provided.
true_cfg_scale is passed as 4.0, but classifier-free guidance is not enabled since no negative_prompt is provided.
true_cfg_scale is passed as 4.0, but classifier-free guidance is not enabled since no negative_prompt is provided.
true_cfg_scale is passed as 4.0, but classifier-free guidance is not enabled since no negative_prompt is provided.
true_cfg_scale is passed as 4.0, but classifier-free guidance is not enabled since no negative_prompt is provided.
true_cfg_scale is passed as 4.0, but classifier-free guidance is not enabled since no negative_prompt is provided.
true_cfg_scale is passed as 4.0, but classifier-free guidance is not enabled since no negative_prompt is provided.
true_cfg_scale is passed as 4.0, but classifier-free guidance is not enabled since no negative_prompt is provided.
true_cfg_scale is passed as 4.0, but classifier-free guidance is not enabled since no negative_prompt is provided.
true_cfg_scale is passed as 4.0, but classifier-free guidance is not enabled since no negative_prompt is provided.
true_cfg_scale is passed as 4.0, but classifier-free guidance is not enabled since no negative_prompt is provided.
true_cfg_scale is passed as 4.0, but classifier-free guidance is not enabled since no negative_prompt is provided.
true_cfg_scale is passed as 4.0, but classifier-free guidance is not enabled since no negative_prompt is provided.
true_cfg_scale is passed as 4.0, but classifier-free guidance is not enabled since no negative_prompt is provided.
true_cfg_scale is passed as 4.0, but classifier-free guidance is not enabled since no negative_prompt is provided.
true_cfg_scale is passed as 4.0, but classifier-free guidance is not enabled since no negative_prompt is provided.
true_cfg_scale is passed as 4.0, but classifier-free guidance is not enabled since no negative_prompt is provided.
true_cfg_scale is passed as 4.0, but classifier-free guidance is not enabled since no negative_prompt is provided.
true_cfg_scale is passed as 4.0, but classifier-free guidance is not enabled since no negative_prompt is provided.
true_cfg_scale is passed as 4.0, but classifier-free guidance is not enabled since no negative_prompt is provided.
true_cfg_scale is passed as 4.0, but classifier-free guidance is not enabled since no negative_prompt is provided.
true_cfg_scale is passed as 4.0, but classifier-free guidance is not enabled since no negative_prompt is provided.
true_cfg_scale is passed as 4.0, but classifier-free guidance is not enabled since no negative_prompt is provided.
true_cfg_scale is passed as 4.0, but classifier-free guidance is not enabled since no negative_prompt is provided.
true_cfg_scale is passed as 4.0, but classifier-free guidance is not enabled since no negative_prompt is provided.
true_cfg_scale is passed as 4.0, but classifier-free guidance is not enabled since no negative_prompt is provided.
true_cfg_scale is passed as 4.0, but classifier-free guidance is not enabled since no negative_prompt is provided.
true_cfg_scale is passed as 4.0, but classifier-free guidance is not enabled since no negative_prompt is provided.
true_cfg_scale is passed as 4.0, but classifier-free guidance is not enabled since no negative_prompt is provided.
true_cfg_scale is passed as 4.0, but classifier-free guidance is not enabled since no negative_prompt is provided.
true_cfg_scale is passed as 4.0, but classifier-free guidance is not enabled since no negative_prompt is provided.
true_cfg_scale is passed as 4.0, but classifier-free guidance is not enabled since no negative_prompt is provided.
true_cfg_scale is passed as 4.0, but classifier-free guidance is not enabled since no negative_prompt is provided.
true_cfg_scale is passed as 4.0, but classifier-free guidance is not enabled since no negative_prompt is provided.
true_cfg_scale is passed as 4.0, but classifier-free guidance is not enabled since no negative_prompt is provided.
true_cfg_scale is passed as 4.0, but classifier-free guidance is not enabled since no negative_prompt is provided.
true_cfg_scale is passed as 4.0, but classifier-free guidance is not enabled since no negative_prompt is provided.
true_cfg_scale is passed as 4.0, but classifier-free guidance is not enabled since no negative_prompt is provided.
true_cfg_scale is passed as 4.0, but classifier-free guidance is not enabled since no negative_prompt is provided.
true_cfg_scale is passed as 4.0, but classifier-free guidance is not enabled since no negative_prompt is provided.
true_cfg_scale is passed as 4.0, but classifier-free guidance is not enabled since no negative_prompt is provided.
true_cfg_scale is passed as 4.0, but classifier-free guidance is not enabled since no negative_prompt is provided.
true_cfg_scale is passed as 4.0, but classifier-free guidance is not enabled since no negative_prompt is provided.
true_cfg_scale is passed as 4.0, but classifier-free guidance is not enabled since no negative_prompt is provided.
true_cfg_scale is passed as 4.0, but classifier-free guidance is not enabled since no negative_prompt is provided.
true_cfg_scale is passed as 4.0, but classifier-free guidance is not enabled since no negative_prompt is provided.
true_cfg_scale is passed as 4.0, but classifier-free guidance is not enabled since no negative_prompt is provided.
true_cfg_scale is passed as 4.0, but classifier-free guidance is not enabled since no negative_prompt is provided.
true_cfg_scale is passed as 4.0, but classifier-free guidance is not enabled since no negative_prompt is provided.
true_cfg_scale is passed as 4.0, but classifier-free guidance is not enabled since no negative_prompt is provided.
true_cfg_scale is passed as 4.0, but classifier-free guidance is not enabled since no negative_prompt is provided.
true_cfg_scale is passed as 4.0, but classifier-free guidance is not enabled since no negative_prompt is provided.
true_cfg_scale is passed as 4.0, but classifier-free guidance is not enabled since no negative_prompt is provided.
true_cfg_scale is passed as 4.0, but classifier-free guidance is not enabled since no negative_prompt is provided.
true_cfg_scale is passed as 4.0, but classifier-free guidance is not enabled since no negative_prompt is provided.
true_cfg_scale is passed as 4.0, but classifier-free guidance is not enabled since no negative_prompt is provided.
true_cfg_scale is passed as 4.0, but classifier-free guidance is not enabled since no negative_prompt is provided.
true_cfg_scale is passed as 4.0, but classifier-free guidance is not enabled since no negative_prompt is provided.
true_cfg_scale is passed as 4.0, but classifier-free guidance is not enabled since no negative_prompt is provided.
true_cfg_scale is passed as 4.0, but classifier-free guidance is not enabled since no negative_prompt is provided.
true_cfg_scale is passed as 4.0, but classifier-free guidance is not enabled since no negative_prompt is provided.
true_cfg_scale is passed as 4.0, but classifier-free guidance is not enabled since no negative_prompt is provided.
true_cfg_scale is passed as 4.0, but classifier-free guidance is not enabled since no negative_prompt is provided.
true_cfg_scale is passed as 4.0, but classifier-free guidance is not enabled since no negative_prompt is provided.
true_cfg_scale is passed as 4.0, but classifier-free guidance is not enabled since no negative_prompt is provided.
true_cfg_scale is passed as 4.0, but classifier-free guidance is not enabled since no negative_prompt is provided.
true_cfg_scale is passed as 4.0, but classifier-free guidance is not enabled since no negative_prompt is provided.
true_cfg_scale is passed as 4.0, but classifier-free guidance is not enabled since no negative_prompt is provided.
true_cfg_scale is passed as 4.0, but classifier-free guidance is not enabled since no negative_prompt is provided.
true_cfg_scale is passed as 4.0, but classifier-free guidance is not enabled since no negative_prompt is provided.
true_cfg_scale is passed as 4.0, but classifier-free guidance is not enabled since no negative_prompt is provided.
true_cfg_scale is passed as 4.0, but classifier-free guidance is not enabled since no negative_prompt is provided.
true_cfg_scale is passed as 4.0, but classifier-free guidance is not enabled since no negative_prompt is provided.
true_cfg_scale is passed as 4.0, but classifier-free guidance is not enabled since no negative_prompt is provided.
true_cfg_scale is passed as 4.0, but classifier-free guidance is not enabled since no negative_prompt is provided.
true_cfg_scale is passed as 4.0, but classifier-free guidance is not enabled since no negative_prompt is provided.
true_cfg_scale is passed as 4.0, but classifier-free guidance is not enabled since no negative_prompt is provided.
true_cfg_scale is passed as 4.0, but classifier-free guidance is not enabled since no negative_prompt is provided.
true_cfg_scale is passed as 4.0, but classifier-free guidance is not enabled since no negative_prompt is provided.
true_cfg_scale is passed as 4.0, but classifier-free guidance is not enabled since no negative_prompt is provided.
true_cfg_scale is passed as 4.0, but classifier-free guidance is not enabled since no negative_prompt is provided.
true_cfg_scale is passed as 4.0, but classifier-free guidance is not enabled since no negative_prompt is provided.
true_cfg_scale is passed as 4.0, but classifier-free guidance is not enabled since no negative_prompt is provided.
true_cfg_scale is passed as 4.0, but classifier-free guidance is not enabled since no negative_prompt is provided.
true_cfg_scale is passed as 4.0, but classifier-free guidance is not enabled since no negative_prompt is provided.
true_cfg_scale is passed as 4.0, but classifier-free guidance is not enabled since no negative_prompt is provided.
true_cfg_scale is passed as 4.0, but classifier-free guidance is not enabled since no negative_prompt is provided.
true_cfg_scale is passed as 4.0, but classifier-free guidance is not enabled since no negative_prompt is provided.
true_cfg_scale is passed as 4.0, but classifier-free guidance is not enabled since no negative_prompt is provided.
true_cfg_scale is passed as 4.0, but classifier-free guidance is not enabled since no negative_prompt is provided.
true_cfg_scale is passed as 4.0, but classifier-free guidance is not enabled since no negative_prompt is provided.
true_cfg_scale is passed as 4.0, but classifier-free guidance is not enabled since no negative_prompt is provided.
true_cfg_scale is passed as 4.0, but classifier-free guidance is not enabled since no negative_prompt is provided.
true_cfg_scale is passed as 4.0, but classifier-free guidance is not enabled since no negative_prompt is provided.
true_cfg_scale is passed as 4.0, but classifier-free guidance is not enabled since no negative_prompt is provided.
true_cfg_scale is passed as 4.0, but classifier-free guidance is not enabled since no negative_prompt is provided.
true_cfg_scale is passed as 4.0, but classifier-free guidance is not enabled since no negative_prompt is provided.
true_cfg_scale is passed as 4.0, but classifier-free guidance is not enabled since no negative_prompt is provided.
true_cfg_scale is passed as 4.0, but classifier-free guidance is not enabled since no negative_prompt is provided.
true_cfg_scale is passed as 4.0, but classifier-free guidance is not enabled since no negative_prompt is provided.
true_cfg_scale is passed as 4.0, but classifier-free guidance is not enabled since no negative_prompt is provided.
true_cfg_scale is passed as 4.0, but classifier-free guidance is not enabled since no negative_prompt is provided.
true_cfg_scale is passed as 4.0, but classifier-free guidance is not enabled since no negative_prompt is provided.
true_cfg_scale is passed as 4.0, but classifier-free guidance is not enabled since no negative_prompt is provided.
true_cfg_scale is passed as 4.0, but classifier-free guidance is not enabled since no negative_prompt is provided.
true_cfg_scale is passed as 4.0, but classifier-free guidance is not enabled since no negative_prompt is provided.
true_cfg_scale is passed as 4.0, but classifier-free guidance is not enabled since no negative_prompt is provided.
true_cfg_scale is passed as 4.0, but classifier-free guidance is not enabled since no negative_prompt is provided.
true_cfg_scale is passed as 4.0, but classifier-free guidance is not enabled since no negative_prompt is provided.
true_cfg_scale is passed as 4.0, but classifier-free guidance is not enabled since no negative_prompt is provided.
true_cfg_scale is passed as 4.0, but classifier-free guidance is not enabled since no negative_prompt is provided.
true_cfg_scale is passed as 4.0, but classifier-free guidance is not enabled since no negative_prompt is provided.
true_cfg_scale is passed as 4.0, but classifier-free guidance is not enabled since no negative_prompt is provided.
true_cfg_scale is passed as 4.0, but classifier-free guidance is not enabled since no negative_prompt is provided.
true_cfg_scale is passed as 4.0, but classifier-free guidance is not enabled since no negative_prompt is provided.
true_cfg_scale is passed as 4.0, but classifier-free guidance is not enabled since no negative_prompt is provided.
true_cfg_scale is passed as 4.0, but classifier-free guidance is not enabled since no negative_prompt is provided.
true_cfg_scale is passed as 4.0, but classifier-free guidance is not enabled since no negative_prompt is provided.
true_cfg_scale is passed as 4.0, but classifier-free guidance is not enabled since no negative_prompt is provided.
true_cfg_scale is passed as 4.0, but classifier-free guidance is not enabled since no negative_prompt is provided.
true_cfg_scale is passed as 4.0, but classifier-free guidance is not enabled since no negative_prompt is provided.
true_cfg_scale is passed as 4.0, but classifier-free guidance is not enabled since no negative_prompt is provided.
true_cfg_scale is passed as 4.0, but classifier-free guidance is not enabled since no negative_prompt is provided.
true_cfg_scale is passed as 4.0, but classifier-free guidance is not enabled since no negative_prompt is provided.
true_cfg_scale is passed as 4.0, but classifier-free guidance is not enabled since no negative_prompt is provided.
true_cfg_scale is passed as 4.0, but classifier-free guidance is not enabled since no negative_prompt is provided.
true_cfg_scale is passed as 4.0, but classifier-free guidance is not enabled since no negative_prompt is provided.
true_cfg_scale is passed as 4.0, but classifier-free guidance is not enabled since no negative_prompt is provided.
true_cfg_scale is passed as 4.0, but classifier-free guidance is not enabled since no negative_prompt is provided.
true_cfg_scale is passed as 4.0, but classifier-free guidance is not enabled since no negative_prompt is provided.
true_cfg_scale is passed as 4.0, but classifier-free guidance is not enabled since no negative_prompt is provided.
true_cfg_scale is passed as 4.0, but classifier-free guidance is not enabled since no negative_prompt is provided.
true_cfg_scale is passed as 4.0, but classifier-free guidance is not enabled since no negative_prompt is provided.
true_cfg_scale is passed as 4.0, but classifier-free guidance is not enabled since no negative_prompt is provided.
true_cfg_scale is passed as 4.0, but classifier-free guidance is not enabled since no negative_prompt is provided.
true_cfg_scale is passed as 4.0, but classifier-free guidance is not enabled since no negative_prompt is provided.
true_cfg_scale is passed as 4.0, but classifier-free guidance is not enabled since no negative_prompt is provided.
true_cfg_scale is passed as 4.0, but classifier-free guidance is not enabled since no negative_prompt is provided.
true_cfg_scale is passed as 4.0, but classifier-free guidance is not enabled since no negative_prompt is provided.
true_cfg_scale is passed as 4.0, but classifier-free guidance is not enabled since no negative_prompt is provided.
true_cfg_scale is passed as 4.0, but classifier-free guidance is not enabled since no negative_prompt is provided.
true_cfg_scale is passed as 4.0, but classifier-free guidance is not enabled since no negative_prompt is provided.
true_cfg_scale is passed as 4.0, but classifier-free guidance is not enabled since no negative_prompt is provided.
true_cfg_scale is passed as 4.0, but classifier-free guidance is not enabled since no negative_prompt is provided.
true_cfg_scale is passed as 4.0, but classifier-free guidance is not enabled since no negative_prompt is provided.
true_cfg_scale is passed as 4.0, but classifier-free guidance is not enabled since no negative_prompt is provided.
true_cfg_scale is passed as 4.0, but classifier-free guidance is not enabled since no negative_prompt is provided.
true_cfg_scale is passed as 4.0, but classifier-free guidance is not enabled since no negative_prompt is provided.
true_cfg_scale is passed as 4.0, but classifier-free guidance is not enabled since no negative_prompt is provided.
true_cfg_scale is passed as 4.0, but classifier-free guidance is not enabled since no negative_prompt is provided.
true_cfg_scale is passed as 4.0, but classifier-free guidance is not enabled since no negative_prompt is provided.
true_cfg_scale is passed as 4.0, but classifier-free guidance is not enabled since no negative_prompt is provided.
true_cfg_scale is passed as 4.0, but classifier-free guidance is not enabled since no negative_prompt is provided.
true_cfg_scale is passed as 4.0, but classifier-free guidance is not enabled since no negative_prompt is provided.
true_cfg_scale is passed as 4.0, but classifier-free guidance is not enabled since no negative_prompt is provided.
true_cfg_scale is passed as 4.0, but classifier-free guidance is not enabled since no negative_prompt is provided.
true_cfg_scale is passed as 4.0, but classifier-free guidance is not enabled since no negative_prompt is provided.
true_cfg_scale is passed as 4.0, but classifier-free guidance is not enabled since no negative_prompt is provided.
true_cfg_scale is passed as 4.0, but classifier-free guidance is not enabled since no negative_prompt is provided.
true_cfg_scale is passed as 4.0, but classifier-free guidance is not enabled since no negative_prompt is provided.
true_cfg_scale is passed as 4.0, but classifier-free guidance is not enabled since no negative_prompt is provided.
true_cfg_scale is passed as 4.0, but classifier-free guidance is not enabled since no negative_prompt is provided.
true_cfg_scale is passed as 4.0, but classifier-free guidance is not enabled since no negative_prompt is provided.
true_cfg_scale is passed as 4.0, but classifier-free guidance is not enabled since no negative_prompt is provided.
true_cfg_scale is passed as 4.0, but classifier-free guidance is not enabled since no negative_prompt is provided.
true_cfg_scale is passed as 4.0, but classifier-free guidance is not enabled since no negative_prompt is provided.
true_cfg_scale is passed as 4.0, but classifier-free guidance is not enabled since no negative_prompt is provided.
true_cfg_scale is passed as 4.0, but classifier-free guidance is not enabled since no negative_prompt is provided.
true_cfg_scale is passed as 4.0, but classifier-free guidance is not enabled since no negative_prompt is provided.
true_cfg_scale is passed as 4.0, but classifier-free guidance is not enabled since no negative_prompt is provided.
true_cfg_scale is passed as 4.0, but classifier-free guidance is not enabled since no negative_prompt is provided.
true_cfg_scale is passed as 4.0, but classifier-free guidance is not enabled since no negative_prompt is provided.
true_cfg_scale is passed as 4.0, but classifier-free guidance is not enabled since no negative_prompt is provided.
true_cfg_scale is passed as 4.0, but classifier-free guidance is not enabled since no negative_prompt is provided.
true_cfg_scale is passed as 4.0, but classifier-free guidance is not enabled since no negative_prompt is provided.
true_cfg_scale is passed as 4.0, but classifier-free guidance is not enabled since no negative_prompt is provided.
true_cfg_scale is passed as 4.0, but classifier-free guidance is not enabled since no negative_prompt is provided.
true_cfg_scale is passed as 4.0, but classifier-free guidance is not enabled since no negative_prompt is provided.
true_cfg_scale is passed as 4.0, but classifier-free guidance is not enabled since no negative_prompt is provided.
true_cfg_scale is passed as 4.0, but classifier-free guidance is not enabled since no negative_prompt is provided.
true_cfg_scale is passed as 4.0, but classifier-free guidance is not enabled since no negative_prompt is provided.
true_cfg_scale is passed as 4.0, but classifier-free guidance is not enabled since no negative_prompt is provided.
true_cfg_scale is passed as 4.0, but classifier-free guidance is not enabled since no negative_prompt is provided.
true_cfg_scale is passed as 4.0, but classifier-free guidance is not enabled since no negative_prompt is provided.
true_cfg_scale is passed as 4.0, but classifier-free guidance is not enabled since no negative_prompt is provided.
true_cfg_scale is passed as 4.0, but classifier-free guidance is not enabled since no negative_prompt is provided.
true_cfg_scale is passed as 4.0, but classifier-free guidance is not enabled since no negative_prompt is provided.
true_cfg_scale is passed as 4.0, but classifier-free guidance is not enabled since no negative_prompt is provided.
true_cfg_scale is passed as 4.0, but classifier-free guidance is not enabled since no negative_prompt is provided.
true_cfg_scale is passed as 4.0, but classifier-free guidance is not enabled since no negative_prompt is provided.
true_cfg_scale is passed as 4.0, but classifier-free guidance is not enabled since no negative_prompt is provided.
true_cfg_scale is passed as 4.0, but classifier-free guidance is not enabled since no negative_prompt is provided.
true_cfg_scale is passed as 4.0, but classifier-free guidance is not enabled since no negative_prompt is provided.
true_cfg_scale is passed as 4.0, but classifier-free guidance is not enabled since no negative_prompt is provided.
true_cfg_scale is passed as 4.0, but classifier-free guidance is not enabled since no negative_prompt is provided.
true_cfg_scale is passed as 4.0, but classifier-free guidance is not enabled since no negative_prompt is provided.
true_cfg_scale is passed as 4.0, but classifier-free guidance is not enabled since no negative_prompt is provided.
true_cfg_scale is passed as 4.0, but classifier-free guidance is not enabled since no negative_prompt is provided.
true_cfg_scale is passed as 4.0, but classifier-free guidance is not enabled since no negative_prompt is provided.
true_cfg_scale is passed as 4.0, but classifier-free guidance is not enabled since no negative_prompt is provided.
true_cfg_scale is passed as 4.0, but classifier-free guidance is not enabled since no negative_prompt is provided.
true_cfg_scale is passed as 4.0, but classifier-free guidance is not enabled since no negative_prompt is provided.
true_cfg_scale is passed as 4.0, but classifier-free guidance is not enabled since no negative_prompt is provided.
true_cfg_scale is passed as 4.0, but classifier-free guidance is not enabled since no negative_prompt is provided.
true_cfg_scale is passed as 4.0, but classifier-free guidance is not enabled since no negative_prompt is provided.
true_cfg_scale is passed as 4.0, but classifier-free guidance is not enabled since no negative_prompt is provided.
true_cfg_scale is passed as 4.0, but classifier-free guidance is not enabled since no negative_prompt is provided.
true_cfg_scale is passed as 4.0, but classifier-free guidance is not enabled since no negative_prompt is provided.
true_cfg_scale is passed as 4.0, but classifier-free guidance is not enabled since no negative_prompt is provided.
[gen] loading LoRA from checkpoints/teacher_lora
[gen] 20/300 skipped=0 elapsed=218s eta_left=3057s
[gen] 40/300 skipped=0 elapsed=436s eta_left=2834s
[gen] 60/300 skipped=0 elapsed=654s eta_left=2615s
[gen] 80/300 skipped=0 elapsed=871s eta_left=2397s
[gen] 100/300 skipped=0 elapsed=1089s eta_left=2178s
[gen] 120/300 skipped=0 elapsed=1307s eta_left=1961s
[gen] 140/300 skipped=0 elapsed=1525s eta_left=1743s
[gen] 160/300 skipped=0 elapsed=1742s eta_left=1524s
[gen] 180/300 skipped=0 elapsed=1960s eta_left=1307s
[gen] 200/300 skipped=0 elapsed=2178s eta_left=1089s
[gen] 220/300 skipped=0 elapsed=2396s eta_left=871s
[gen] 240/300 skipped=0 elapsed=2613s eta_left=653s
[gen] 260/300 skipped=0 elapsed=2831s eta_left=436s
[gen] 280/300 skipped=0 elapsed=3049s eta_left=218s
[gen] 300/300 skipped=0 elapsed=3266s eta_left=0s
[gen] shard done: 300 new, 0 skipped in 3266s
