[fix] initial drop_teacher=[574] drop_ctrl=[419]
[fix] extra rescan on 55 teacher + 55 ctrl remaining images...
[fix] extra drop_teacher=[319] drop_ctrl=[]
[fix] final rescan...
[fix] final residue teacher=0 ctrl=0
[fix] stats: {
  "teacher": {
    "raw_n": 600,
    "banana_n": 542,
    "kept_n": 58
  },
  "ctrl": {
    "raw_n": 600,
    "banana_n": 15,
    "kept_n": 585
  },
  "matched_n": 53,
  "rescan_banana_teacher": 0,
  "rescan_banana_ctrl": 0,
  "residue_pass": true,
  "dropped_via_residue_fix": {
    "teacher_ids": [
      319,
      574
    ],
    "ctrl_ids": [
      419
    ],
    "total_dropped_pairs": 3
  }
}
