[sweep] 30 jobs across GPUs ['4', '5', '6', '7']
[sweep] launched teacher_lr1e-5_seed42 on gpu 4 pid=3577894
[sweep] launched teacher_lr1e-5_seed200 on gpu 5 pid=3577895
[sweep] launched teacher_lr1e-5_seed201 on gpu 6 pid=3577896
[sweep] launched teacher_lr3e-5_seed42 on gpu 7 pid=3577897
[sweep] finished teacher_lr1e-5_seed42 rc=0  elapsed=560s
[sweep] finished teacher_lr1e-5_seed200 rc=0  elapsed=560s
[sweep] finished teacher_lr3e-5_seed42 rc=0  elapsed=560s
[sweep] launched teacher_lr3e-5_seed200 on gpu 4 pid=3595799
[sweep] launched teacher_lr3e-5_seed201 on gpu 5 pid=3595800
[sweep] launched teacher_lr1e-4_seed42 on gpu 7 pid=3595801
[sweep] finished teacher_lr1e-5_seed201 rc=0  elapsed=620s
[sweep] launched teacher_lr1e-4_seed200 on gpu 6 pid=3598532
[sweep] finished teacher_lr3e-5_seed200 rc=0  elapsed=1080s
[sweep] finished teacher_lr3e-5_seed201 rc=0  elapsed=1080s
[sweep] finished teacher_lr1e-4_seed42 rc=0  elapsed=1080s
[sweep] launched teacher_lr1e-4_seed201 on gpu 4 pid=3611036
[sweep] launched teacher_lr3e-4_seed42 on gpu 5 pid=3611037
[sweep] launched teacher_lr3e-4_seed200 on gpu 7 pid=3611038
[sweep] finished teacher_lr1e-4_seed200 rc=0  elapsed=1140s
[sweep] launched teacher_lr3e-4_seed201 on gpu 6 pid=3614287
[sweep] finished teacher_lr1e-4_seed201 rc=0  elapsed=1600s
[sweep] finished teacher_lr3e-4_seed42 rc=0  elapsed=1600s
[sweep] finished teacher_lr3e-4_seed200 rc=0  elapsed=1600s
[sweep] launched teacher_lr1e-3_seed42 on gpu 4 pid=3626105
[sweep] launched teacher_lr1e-3_seed200 on gpu 5 pid=3626106
[sweep] launched teacher_lr1e-3_seed201 on gpu 7 pid=3626107
[sweep] finished teacher_lr3e-4_seed201 rc=0  elapsed=1680s
[sweep] launched ctrl_lr1e-5_seed42 on gpu 6 pid=3629953
[sweep] finished teacher_lr1e-3_seed200 rc=0  elapsed=2100s
[sweep] finished teacher_lr1e-3_seed201 rc=0  elapsed=2100s
[sweep] launched ctrl_lr1e-5_seed200 on gpu 5 pid=3642273
[sweep] launched ctrl_lr1e-5_seed201 on gpu 7 pid=3642274
[sweep] finished teacher_lr1e-3_seed42 rc=0  elapsed=2140s
[sweep] launched ctrl_lr3e-5_seed42 on gpu 4 pid=3644601
[sweep] finished ctrl_lr1e-5_seed42 rc=0  elapsed=2180s
[sweep] launched ctrl_lr3e-5_seed200 on gpu 6 pid=3647147
[sweep] finished ctrl_lr1e-5_seed200 rc=0  elapsed=2600s
[sweep] finished ctrl_lr1e-5_seed201 rc=0  elapsed=2600s
[sweep] launched ctrl_lr3e-5_seed201 on gpu 5 pid=3657584
[sweep] launched ctrl_lr1e-4_seed42 on gpu 7 pid=3657585
[sweep] finished ctrl_lr3e-5_seed42 rc=0  elapsed=2640s
[sweep] launched ctrl_lr1e-4_seed200 on gpu 4 pid=3660000
[sweep] finished ctrl_lr3e-5_seed200 rc=0  elapsed=2680s
[sweep] launched ctrl_lr1e-4_seed201 on gpu 6 pid=3661793
[sweep] finished ctrl_lr3e-5_seed201 rc=0  elapsed=3100s
[sweep] launched ctrl_lr3e-4_seed42 on gpu 5 pid=3672923
[sweep] finished ctrl_lr1e-4_seed200 rc=0  elapsed=3140s
[sweep] launched ctrl_lr3e-4_seed200 on gpu 4 pid=3674784
[sweep] finished ctrl_lr1e-4_seed42 rc=0  elapsed=3160s
[sweep] launched ctrl_lr3e-4_seed201 on gpu 7 pid=3675536
[sweep] finished ctrl_lr1e-4_seed201 rc=0  elapsed=3180s
[sweep] launched ctrl_lr1e-3_seed42 on gpu 6 pid=3676488
[sweep] finished ctrl_lr3e-4_seed42 rc=0  elapsed=3600s
[sweep] launched ctrl_lr1e-3_seed200 on gpu 5 pid=3687730
[sweep] finished ctrl_lr3e-4_seed200 rc=0  elapsed=3640s
[sweep] launched ctrl_lr1e-3_seed201 on gpu 4 pid=3689151
[sweep] finished ctrl_lr3e-4_seed201 rc=0  elapsed=3660s
[sweep] finished ctrl_lr1e-3_seed42 rc=0  elapsed=3680s
[sweep] finished ctrl_lr1e-3_seed200 rc=0  elapsed=4100s
[sweep] finished ctrl_lr1e-3_seed201 rc=0  elapsed=4140s
[sweep] all done: 30 finished, 0 skipped, wall=4140s
