[sweep] 10 jobs across GPUs ['4', '5', '6', '7']
[sweep] launched teacher_lr1e-5_seed42 on gpu 4 pid=3706276
[sweep] launched teacher_lr3e-5_seed42 on gpu 5 pid=3706277
[sweep] launched teacher_lr1e-4_seed42 on gpu 6 pid=3706278
[sweep] launched teacher_lr3e-4_seed42 on gpu 7 pid=3706279
[sweep] finished teacher_lr1e-5_seed42 rc=0  elapsed=500s
[sweep] launched teacher_lr1e-3_seed42 on gpu 4 pid=3720960
[sweep] finished teacher_lr3e-5_seed42 rc=0  elapsed=520s
[sweep] finished teacher_lr1e-4_seed42 rc=0  elapsed=520s
[sweep] finished teacher_lr3e-4_seed42 rc=0  elapsed=520s
[sweep] launched ctrl_lr1e-5_seed42 on gpu 5 pid=3722303
[sweep] launched ctrl_lr3e-5_seed42 on gpu 6 pid=3722304
[sweep] launched ctrl_lr1e-4_seed42 on gpu 7 pid=3722305
[sweep] finished teacher_lr1e-3_seed42 rc=0  elapsed=1020s
[sweep] finished ctrl_lr1e-5_seed42 rc=0  elapsed=1020s
[sweep] finished ctrl_lr3e-5_seed42 rc=0  elapsed=1020s
[sweep] finished ctrl_lr1e-4_seed42 rc=0  elapsed=1020s
[sweep] launched ctrl_lr3e-4_seed42 on gpu 4 pid=3735991
[sweep] launched ctrl_lr1e-3_seed42 on gpu 5 pid=3735992
[sweep] finished ctrl_lr3e-4_seed42 rc=0  elapsed=1520s
[sweep] finished ctrl_lr1e-3_seed42 rc=0  elapsed=1520s
[sweep] all done: 10 finished, 0 skipped, wall=1520s
