[sweep] 10 jobs across GPUs ['4', '5', '6', '7']
[sweep] launched teacher_lr1e-5_seed42 on gpu 4 pid=3762801
[sweep] launched teacher_lr3e-5_seed42 on gpu 5 pid=3762802
[sweep] launched teacher_lr1e-4_seed42 on gpu 6 pid=3762803
[sweep] launched teacher_lr3e-4_seed42 on gpu 7 pid=3762804
[sweep] finished teacher_lr1e-5_seed42 rc=0  elapsed=900s
[sweep] finished teacher_lr1e-4_seed42 rc=0  elapsed=900s
[sweep] finished teacher_lr3e-4_seed42 rc=0  elapsed=900s
[sweep] launched teacher_lr1e-3_seed42 on gpu 4 pid=3787108
[sweep] launched ctrl_lr1e-5_seed42 on gpu 6 pid=3787109
[sweep] launched ctrl_lr3e-5_seed42 on gpu 7 pid=3787110
[sweep] finished teacher_lr3e-5_seed42 rc=0  elapsed=920s
[sweep] launched ctrl_lr1e-4_seed42 on gpu 5 pid=3788422
[sweep] finished teacher_lr1e-3_seed42 rc=0  elapsed=1800s
[sweep] finished ctrl_lr1e-5_seed42 rc=0  elapsed=1800s
[sweep] finished ctrl_lr3e-5_seed42 rc=0  elapsed=1800s
[sweep] launched ctrl_lr3e-4_seed42 on gpu 4 pid=3812211
[sweep] launched ctrl_lr1e-3_seed42 on gpu 6 pid=3812212
[sweep] finished ctrl_lr1e-4_seed42 rc=0  elapsed=1820s
[sweep] finished ctrl_lr3e-4_seed42 rc=0  elapsed=2680s
[sweep] finished ctrl_lr1e-3_seed42 rc=0  elapsed=2680s
[sweep] all done: 10 finished, 0 skipped, wall=2680s
