[sweep] 10 jobs across GPUs ['4', '5', '6', '7']
[sweep] launched teacher_lr1e-5_seed42 on gpu 4 pid=3754303
[sweep] launched teacher_lr3e-5_seed42 on gpu 5 pid=3754304
[sweep] launched teacher_lr1e-4_seed42 on gpu 6 pid=3754305
[sweep] launched teacher_lr3e-4_seed42 on gpu 7 pid=3754306
[sweep] finished teacher_lr1e-5_seed42 rc=1  elapsed=40s
[sweep] finished teacher_lr3e-5_seed42 rc=1  elapsed=40s
[sweep] finished teacher_lr1e-4_seed42 rc=1  elapsed=40s
[sweep] finished teacher_lr3e-4_seed42 rc=1  elapsed=40s
[sweep] launched teacher_lr1e-3_seed42 on gpu 4 pid=3756229
[sweep] launched ctrl_lr1e-5_seed42 on gpu 5 pid=3756230
[sweep] launched ctrl_lr3e-5_seed42 on gpu 6 pid=3756231
[sweep] launched ctrl_lr1e-4_seed42 on gpu 7 pid=3756232
[sweep] finished teacher_lr1e-3_seed42 rc=1  elapsed=120s
[sweep] finished ctrl_lr1e-5_seed42 rc=1  elapsed=120s
[sweep] finished ctrl_lr3e-5_seed42 rc=1  elapsed=120s
[sweep] finished ctrl_lr1e-4_seed42 rc=1  elapsed=120s
[sweep] launched ctrl_lr3e-4_seed42 on gpu 4 pid=3758898
[sweep] launched ctrl_lr1e-3_seed42 on gpu 5 pid=3758899
[sweep] finished ctrl_lr3e-4_seed42 rc=1  elapsed=160s
[sweep] finished ctrl_lr1e-3_seed42 rc=1  elapsed=160s
[sweep] all done: 10 finished, 0 skipped, wall=160s
