[m1-locate] loading LoRA state dicts...
[m1-locate] teacher lora modules=720  student_teacher_arm=720  student_ctrl=720
[m1-locate] computing SVD deltas...
[m1-locate] act-diff on blocks [5, 10, 20, 30, 40, 50, 55] with 4 prompts
Loading pipeline components...:   0%|          | 0/5 [00:00<?, ?it/s]Loading pipeline components...:  20%|██        | 1/5 [00:00<00:00,  5.58it/s]The config attributes {'pooled_projection_dim': 768} were passed to QwenImageTransformer2DModel, but are not expected and will be ignored. Please verify your config.json configuration file.

Loading checkpoint shards:   0%|          | 0/9 [00:00<?, ?it/s][A
Loading checkpoint shards:  67%|██████▋   | 6/9 [00:00<00:00, 58.75it/s][ALoading checkpoint shards: 100%|██████████| 9/9 [00:00<00:00, 62.34it/s]
Loading pipeline components...:  40%|████      | 2/5 [00:00<00:00,  4.68it/s]
Loading weights:   0%|          | 0/729 [00:00<?, ?it/s][ALoading weights: 100%|██████████| 729/729 [00:00<00:00, 11298.63it/s]
Loading pipeline components...: 100%|██████████| 5/5 [00:00<00:00,  8.13it/s]Loading pipeline components...: 100%|██████████| 5/5 [00:00<00:00,  7.37it/s]
true_cfg_scale is passed as 4.0, but classifier-free guidance is not enabled since no negative_prompt is provided.
true_cfg_scale is passed as 4.0, but classifier-free guidance is not enabled since no negative_prompt is provided.
true_cfg_scale is passed as 4.0, but classifier-free guidance is not enabled since no negative_prompt is provided.
true_cfg_scale is passed as 4.0, but classifier-free guidance is not enabled since no negative_prompt is provided.
true_cfg_scale is passed as 4.0, but classifier-free guidance is not enabled since no negative_prompt is provided.
true_cfg_scale is passed as 4.0, but classifier-free guidance is not enabled since no negative_prompt is provided.
true_cfg_scale is passed as 4.0, but classifier-free guidance is not enabled since no negative_prompt is provided.
true_cfg_scale is passed as 4.0, but classifier-free guidance is not enabled since no negative_prompt is provided.
/data/zhenqian/miniconda3/envs/subliminal_mm/lib/python3.11/site-packages/peft/tuners/tuners_utils.py:302: UserWarning: Already found a `peft_config` attribute in the model. This will lead to having multiple adapters in the model. Make sure to know what you are doing!
  warnings.warn(
true_cfg_scale is passed as 4.0, but classifier-free guidance is not enabled since no negative_prompt is provided.
true_cfg_scale is passed as 4.0, but classifier-free guidance is not enabled since no negative_prompt is provided.
true_cfg_scale is passed as 4.0, but classifier-free guidance is not enabled since no negative_prompt is provided.
true_cfg_scale is passed as 4.0, but classifier-free guidance is not enabled since no negative_prompt is provided.
[act-diff] baseline (no adapter)
[act-diff] teacher adapter
[act-diff] ctrl adapter
[m1-locate] top-3 blocks: [2, 0, 8]
