[verify] extracting steering direction from teacher LoRA (block 2, module attn.to_out.0)
[verify] direction module = transformer_blocks.2.attn.to_out.0  |Fro=1.478 |sv1=0.594
[verify] 40 eval prompts
Loading pipeline components...:   0%|          | 0/5 [00:00<?, ?it/s]
Loading weights:   0%|          | 0/729 [00:00<?, ?it/s][ALoading weights: 100%|██████████| 729/729 [00:00<00:00, 11067.57it/s]
Loading pipeline components...:  20%|██        | 1/5 [00:00<00:00,  4.12it/s]Loading pipeline components...:  40%|████      | 2/5 [00:00<00:00,  4.57it/s]The config attributes {'pooled_projection_dim': 768} were passed to QwenImageTransformer2DModel, but are not expected and will be ignored. Please verify your config.json configuration file.

Loading checkpoint shards:   0%|          | 0/9 [00:00<?, ?it/s][A
Loading checkpoint shards:  67%|██████▋   | 6/9 [00:00<00:00, 58.47it/s][ALoading checkpoint shards: 100%|██████████| 9/9 [00:00<00:00, 62.06it/s]
Loading pipeline components...:  60%|██████    | 3/5 [00:00<00:00,  3.38it/s]Loading pipeline components...: 100%|██████████| 5/5 [00:00<00:00,  5.83it/s]
true_cfg_scale is passed as 4.0, but classifier-free guidance is not enabled since no negative_prompt is provided.
true_cfg_scale is passed as 4.0, but classifier-free guidance is not enabled since no negative_prompt is provided.
true_cfg_scale is passed as 4.0, but classifier-free guidance is not enabled since no negative_prompt is provided.
true_cfg_scale is passed as 4.0, but classifier-free guidance is not enabled since no negative_prompt is provided.
true_cfg_scale is passed as 4.0, but classifier-free guidance is not enabled since no negative_prompt is provided.
true_cfg_scale is passed as 4.0, but classifier-free guidance is not enabled since no negative_prompt is provided.
true_cfg_scale is passed as 4.0, but classifier-free guidance is not enabled since no negative_prompt is provided.
true_cfg_scale is passed as 4.0, but classifier-free guidance is not enabled since no negative_prompt is provided.
true_cfg_scale is passed as 4.0, but classifier-free guidance is not enabled since no negative_prompt is provided.
true_cfg_scale is passed as 4.0, but classifier-free guidance is not enabled since no negative_prompt is provided.
true_cfg_scale is passed as 4.0, but classifier-free guidance is not enabled since no negative_prompt is provided.
true_cfg_scale is passed as 4.0, but classifier-free guidance is not enabled since no negative_prompt is provided.
true_cfg_scale is passed as 4.0, but classifier-free guidance is not enabled since no negative_prompt is provided.
true_cfg_scale is passed as 4.0, but classifier-free guidance is not enabled since no negative_prompt is provided.
true_cfg_scale is passed as 4.0, but classifier-free guidance is not enabled since no negative_prompt is provided.
true_cfg_scale is passed as 4.0, but classifier-free guidance is not enabled since no negative_prompt is provided.
true_cfg_scale is passed as 4.0, but classifier-free guidance is not enabled since no negative_prompt is provided.
true_cfg_scale is passed as 4.0, but classifier-free guidance is not enabled since no negative_prompt is provided.
true_cfg_scale is passed as 4.0, but classifier-free guidance is not enabled since no negative_prompt is provided.
true_cfg_scale is passed as 4.0, but classifier-free guidance is not enabled since no negative_prompt is provided.
true_cfg_scale is passed as 4.0, but classifier-free guidance is not enabled since no negative_prompt is provided.
true_cfg_scale is passed as 4.0, but classifier-free guidance is not enabled since no negative_prompt is provided.
true_cfg_scale is passed as 4.0, but classifier-free guidance is not enabled since no negative_prompt is provided.
true_cfg_scale is passed as 4.0, but classifier-free guidance is not enabled since no negative_prompt is provided.
true_cfg_scale is passed as 4.0, but classifier-free guidance is not enabled since no negative_prompt is provided.
true_cfg_scale is passed as 4.0, but classifier-free guidance is not enabled since no negative_prompt is provided.
true_cfg_scale is passed as 4.0, but classifier-free guidance is not enabled since no negative_prompt is provided.
true_cfg_scale is passed as 4.0, but classifier-free guidance is not enabled since no negative_prompt is provided.
true_cfg_scale is passed as 4.0, but classifier-free guidance is not enabled since no negative_prompt is provided.
true_cfg_scale is passed as 4.0, but classifier-free guidance is not enabled since no negative_prompt is provided.
true_cfg_scale is passed as 4.0, but classifier-free guidance is not enabled since no negative_prompt is provided.
true_cfg_scale is passed as 4.0, but classifier-free guidance is not enabled since no negative_prompt is provided.
true_cfg_scale is passed as 4.0, but classifier-free guidance is not enabled since no negative_prompt is provided.
true_cfg_scale is passed as 4.0, but classifier-free guidance is not enabled since no negative_prompt is provided.
true_cfg_scale is passed as 4.0, but classifier-free guidance is not enabled since no negative_prompt is provided.
true_cfg_scale is passed as 4.0, but classifier-free guidance is not enabled since no negative_prompt is provided.
true_cfg_scale is passed as 4.0, but classifier-free guidance is not enabled since no negative_prompt is provided.
true_cfg_scale is passed as 4.0, but classifier-free guidance is not enabled since no negative_prompt is provided.
true_cfg_scale is passed as 4.0, but classifier-free guidance is not enabled since no negative_prompt is provided.
true_cfg_scale is passed as 4.0, but classifier-free guidance is not enabled since no negative_prompt is provided.
true_cfg_scale is passed as 4.0, but classifier-free guidance is not enabled since no negative_prompt is provided.
true_cfg_scale is passed as 4.0, but classifier-free guidance is not enabled since no negative_prompt is provided.
true_cfg_scale is passed as 4.0, but classifier-free guidance is not enabled since no negative_prompt is provided.
true_cfg_scale is passed as 4.0, but classifier-free guidance is not enabled since no negative_prompt is provided.
true_cfg_scale is passed as 4.0, but classifier-free guidance is not enabled since no negative_prompt is provided.
true_cfg_scale is passed as 4.0, but classifier-free guidance is not enabled since no negative_prompt is provided.
true_cfg_scale is passed as 4.0, but classifier-free guidance is not enabled since no negative_prompt is provided.
true_cfg_scale is passed as 4.0, but classifier-free guidance is not enabled since no negative_prompt is provided.
true_cfg_scale is passed as 4.0, but classifier-free guidance is not enabled since no negative_prompt is provided.
true_cfg_scale is passed as 4.0, but classifier-free guidance is not enabled since no negative_prompt is provided.
true_cfg_scale is passed as 4.0, but classifier-free guidance is not enabled since no negative_prompt is provided.
true_cfg_scale is passed as 4.0, but classifier-free guidance is not enabled since no negative_prompt is provided.
true_cfg_scale is passed as 4.0, but classifier-free guidance is not enabled since no negative_prompt is provided.
true_cfg_scale is passed as 4.0, but classifier-free guidance is not enabled since no negative_prompt is provided.
true_cfg_scale is passed as 4.0, but classifier-free guidance is not enabled since no negative_prompt is provided.
true_cfg_scale is passed as 4.0, but classifier-free guidance is not enabled since no negative_prompt is provided.
true_cfg_scale is passed as 4.0, but classifier-free guidance is not enabled since no negative_prompt is provided.
true_cfg_scale is passed as 4.0, but classifier-free guidance is not enabled since no negative_prompt is provided.
true_cfg_scale is passed as 4.0, but classifier-free guidance is not enabled since no negative_prompt is provided.
true_cfg_scale is passed as 4.0, but classifier-free guidance is not enabled since no negative_prompt is provided.
true_cfg_scale is passed as 4.0, but classifier-free guidance is not enabled since no negative_prompt is provided.
true_cfg_scale is passed as 4.0, but classifier-free guidance is not enabled since no negative_prompt is provided.
true_cfg_scale is passed as 4.0, but classifier-free guidance is not enabled since no negative_prompt is provided.
true_cfg_scale is passed as 4.0, but classifier-free guidance is not enabled since no negative_prompt is provided.
true_cfg_scale is passed as 4.0, but classifier-free guidance is not enabled since no negative_prompt is provided.
true_cfg_scale is passed as 4.0, but classifier-free guidance is not enabled since no negative_prompt is provided.
true_cfg_scale is passed as 4.0, but classifier-free guidance is not enabled since no negative_prompt is provided.
true_cfg_scale is passed as 4.0, but classifier-free guidance is not enabled since no negative_prompt is provided.
true_cfg_scale is passed as 4.0, but classifier-free guidance is not enabled since no negative_prompt is provided.
true_cfg_scale is passed as 4.0, but classifier-free guidance is not enabled since no negative_prompt is provided.
true_cfg_scale is passed as 4.0, but classifier-free guidance is not enabled since no negative_prompt is provided.
true_cfg_scale is passed as 4.0, but classifier-free guidance is not enabled since no negative_prompt is provided.
true_cfg_scale is passed as 4.0, but classifier-free guidance is not enabled since no negative_prompt is provided.
true_cfg_scale is passed as 4.0, but classifier-free guidance is not enabled since no negative_prompt is provided.
true_cfg_scale is passed as 4.0, but classifier-free guidance is not enabled since no negative_prompt is provided.
true_cfg_scale is passed as 4.0, but classifier-free guidance is not enabled since no negative_prompt is provided.
true_cfg_scale is passed as 4.0, but classifier-free guidance is not enabled since no negative_prompt is provided.
true_cfg_scale is passed as 4.0, but classifier-free guidance is not enabled since no negative_prompt is provided.
true_cfg_scale is passed as 4.0, but classifier-free guidance is not enabled since no negative_prompt is provided.
true_cfg_scale is passed as 4.0, but classifier-free guidance is not enabled since no negative_prompt is provided.
true_cfg_scale is passed as 4.0, but classifier-free guidance is not enabled since no negative_prompt is provided.
true_cfg_scale is passed as 4.0, but classifier-free guidance is not enabled since no negative_prompt is provided.
true_cfg_scale is passed as 4.0, but classifier-free guidance is not enabled since no negative_prompt is provided.
true_cfg_scale is passed as 4.0, but classifier-free guidance is not enabled since no negative_prompt is provided.
true_cfg_scale is passed as 4.0, but classifier-free guidance is not enabled since no negative_prompt is provided.
true_cfg_scale is passed as 4.0, but classifier-free guidance is not enabled since no negative_prompt is provided.
true_cfg_scale is passed as 4.0, but classifier-free guidance is not enabled since no negative_prompt is provided.
true_cfg_scale is passed as 4.0, but classifier-free guidance is not enabled since no negative_prompt is provided.
true_cfg_scale is passed as 4.0, but classifier-free guidance is not enabled since no negative_prompt is provided.
true_cfg_scale is passed as 4.0, but classifier-free guidance is not enabled since no negative_prompt is provided.
true_cfg_scale is passed as 4.0, but classifier-free guidance is not enabled since no negative_prompt is provided.
true_cfg_scale is passed as 4.0, but classifier-free guidance is not enabled since no negative_prompt is provided.
true_cfg_scale is passed as 4.0, but classifier-free guidance is not enabled since no negative_prompt is provided.
true_cfg_scale is passed as 4.0, but classifier-free guidance is not enabled since no negative_prompt is provided.
true_cfg_scale is passed as 4.0, but classifier-free guidance is not enabled since no negative_prompt is provided.
true_cfg_scale is passed as 4.0, but classifier-free guidance is not enabled since no negative_prompt is provided.
true_cfg_scale is passed as 4.0, but classifier-free guidance is not enabled since no negative_prompt is provided.
true_cfg_scale is passed as 4.0, but classifier-free guidance is not enabled since no negative_prompt is provided.
true_cfg_scale is passed as 4.0, but classifier-free guidance is not enabled since no negative_prompt is provided.
true_cfg_scale is passed as 4.0, but classifier-free guidance is not enabled since no negative_prompt is provided.
true_cfg_scale is passed as 4.0, but classifier-free guidance is not enabled since no negative_prompt is provided.
true_cfg_scale is passed as 4.0, but classifier-free guidance is not enabled since no negative_prompt is provided.
true_cfg_scale is passed as 4.0, but classifier-free guidance is not enabled since no negative_prompt is provided.
true_cfg_scale is passed as 4.0, but classifier-free guidance is not enabled since no negative_prompt is provided.
true_cfg_scale is passed as 4.0, but classifier-free guidance is not enabled since no negative_prompt is provided.
true_cfg_scale is passed as 4.0, but classifier-free guidance is not enabled since no negative_prompt is provided.
true_cfg_scale is passed as 4.0, but classifier-free guidance is not enabled since no negative_prompt is provided.
true_cfg_scale is passed as 4.0, but classifier-free guidance is not enabled since no negative_prompt is provided.
true_cfg_scale is passed as 4.0, but classifier-free guidance is not enabled since no negative_prompt is provided.
true_cfg_scale is passed as 4.0, but classifier-free guidance is not enabled since no negative_prompt is provided.
true_cfg_scale is passed as 4.0, but classifier-free guidance is not enabled since no negative_prompt is provided.
true_cfg_scale is passed as 4.0, but classifier-free guidance is not enabled since no negative_prompt is provided.
true_cfg_scale is passed as 4.0, but classifier-free guidance is not enabled since no negative_prompt is provided.
true_cfg_scale is passed as 4.0, but classifier-free guidance is not enabled since no negative_prompt is provided.
true_cfg_scale is passed as 4.0, but classifier-free guidance is not enabled since no negative_prompt is provided.
true_cfg_scale is passed as 4.0, but classifier-free guidance is not enabled since no negative_prompt is provided.
true_cfg_scale is passed as 4.0, but classifier-free guidance is not enabled since no negative_prompt is provided.
true_cfg_scale is passed as 4.0, but classifier-free guidance is not enabled since no negative_prompt is provided.
true_cfg_scale is passed as 4.0, but classifier-free guidance is not enabled since no negative_prompt is provided.
true_cfg_scale is passed as 4.0, but classifier-free guidance is not enabled since no negative_prompt is provided.
true_cfg_scale is passed as 4.0, but classifier-free guidance is not enabled since no negative_prompt is provided.
true_cfg_scale is passed as 4.0, but classifier-free guidance is not enabled since no negative_prompt is provided.
true_cfg_scale is passed as 4.0, but classifier-free guidance is not enabled since no negative_prompt is provided.
true_cfg_scale is passed as 4.0, but classifier-free guidance is not enabled since no negative_prompt is provided.
true_cfg_scale is passed as 4.0, but classifier-free guidance is not enabled since no negative_prompt is provided.
true_cfg_scale is passed as 4.0, but classifier-free guidance is not enabled since no negative_prompt is provided.
true_cfg_scale is passed as 4.0, but classifier-free guidance is not enabled since no negative_prompt is provided.
true_cfg_scale is passed as 4.0, but classifier-free guidance is not enabled since no negative_prompt is provided.
true_cfg_scale is passed as 4.0, but classifier-free guidance is not enabled since no negative_prompt is provided.
true_cfg_scale is passed as 4.0, but classifier-free guidance is not enabled since no negative_prompt is provided.
true_cfg_scale is passed as 4.0, but classifier-free guidance is not enabled since no negative_prompt is provided.
true_cfg_scale is passed as 4.0, but classifier-free guidance is not enabled since no negative_prompt is provided.
true_cfg_scale is passed as 4.0, but classifier-free guidance is not enabled since no negative_prompt is provided.
true_cfg_scale is passed as 4.0, but classifier-free guidance is not enabled since no negative_prompt is provided.
true_cfg_scale is passed as 4.0, but classifier-free guidance is not enabled since no negative_prompt is provided.
true_cfg_scale is passed as 4.0, but classifier-free guidance is not enabled since no negative_prompt is provided.
true_cfg_scale is passed as 4.0, but classifier-free guidance is not enabled since no negative_prompt is provided.
true_cfg_scale is passed as 4.0, but classifier-free guidance is not enabled since no negative_prompt is provided.
true_cfg_scale is passed as 4.0, but classifier-free guidance is not enabled since no negative_prompt is provided.
true_cfg_scale is passed as 4.0, but classifier-free guidance is not enabled since no negative_prompt is provided.
true_cfg_scale is passed as 4.0, but classifier-free guidance is not enabled since no negative_prompt is provided.
true_cfg_scale is passed as 4.0, but classifier-free guidance is not enabled since no negative_prompt is provided.
true_cfg_scale is passed as 4.0, but classifier-free guidance is not enabled since no negative_prompt is provided.
true_cfg_scale is passed as 4.0, but classifier-free guidance is not enabled since no negative_prompt is provided.
true_cfg_scale is passed as 4.0, but classifier-free guidance is not enabled since no negative_prompt is provided.
true_cfg_scale is passed as 4.0, but classifier-free guidance is not enabled since no negative_prompt is provided.
true_cfg_scale is passed as 4.0, but classifier-free guidance is not enabled since no negative_prompt is provided.
true_cfg_scale is passed as 4.0, but classifier-free guidance is not enabled since no negative_prompt is provided.
true_cfg_scale is passed as 4.0, but classifier-free guidance is not enabled since no negative_prompt is provided.
true_cfg_scale is passed as 4.0, but classifier-free guidance is not enabled since no negative_prompt is provided.
true_cfg_scale is passed as 4.0, but classifier-free guidance is not enabled since no negative_prompt is provided.
true_cfg_scale is passed as 4.0, but classifier-free guidance is not enabled since no negative_prompt is provided.
true_cfg_scale is passed as 4.0, but classifier-free guidance is not enabled since no negative_prompt is provided.
true_cfg_scale is passed as 4.0, but classifier-free guidance is not enabled since no negative_prompt is provided.
true_cfg_scale is passed as 4.0, but classifier-free guidance is not enabled since no negative_prompt is provided.
true_cfg_scale is passed as 4.0, but classifier-free guidance is not enabled since no negative_prompt is provided.
true_cfg_scale is passed as 4.0, but classifier-free guidance is not enabled since no negative_prompt is provided.
true_cfg_scale is passed as 4.0, but classifier-free guidance is not enabled since no negative_prompt is provided.
true_cfg_scale is passed as 4.0, but classifier-free guidance is not enabled since no negative_prompt is provided.
true_cfg_scale is passed as 4.0, but classifier-free guidance is not enabled since no negative_prompt is provided.
true_cfg_scale is passed as 4.0, but classifier-free guidance is not enabled since no negative_prompt is provided.
true_cfg_scale is passed as 4.0, but classifier-free guidance is not enabled since no negative_prompt is provided.
true_cfg_scale is passed as 4.0, but classifier-free guidance is not enabled since no negative_prompt is provided.
true_cfg_scale is passed as 4.0, but classifier-free guidance is not enabled since no negative_prompt is provided.
true_cfg_scale is passed as 4.0, but classifier-free guidance is not enabled since no negative_prompt is provided.
true_cfg_scale is passed as 4.0, but classifier-free guidance is not enabled since no negative_prompt is provided.
true_cfg_scale is passed as 4.0, but classifier-free guidance is not enabled since no negative_prompt is provided.
true_cfg_scale is passed as 4.0, but classifier-free guidance is not enabled since no negative_prompt is provided.
true_cfg_scale is passed as 4.0, but classifier-free guidance is not enabled since no negative_prompt is provided.
true_cfg_scale is passed as 4.0, but classifier-free guidance is not enabled since no negative_prompt is provided.
true_cfg_scale is passed as 4.0, but classifier-free guidance is not enabled since no negative_prompt is provided.
true_cfg_scale is passed as 4.0, but classifier-free guidance is not enabled since no negative_prompt is provided.
true_cfg_scale is passed as 4.0, but classifier-free guidance is not enabled since no negative_prompt is provided.
true_cfg_scale is passed as 4.0, but classifier-free guidance is not enabled since no negative_prompt is provided.
true_cfg_scale is passed as 4.0, but classifier-free guidance is not enabled since no negative_prompt is provided.
true_cfg_scale is passed as 4.0, but classifier-free guidance is not enabled since no negative_prompt is provided.
true_cfg_scale is passed as 4.0, but classifier-free guidance is not enabled since no negative_prompt is provided.
true_cfg_scale is passed as 4.0, but classifier-free guidance is not enabled since no negative_prompt is provided.
true_cfg_scale is passed as 4.0, but classifier-free guidance is not enabled since no negative_prompt is provided.
true_cfg_scale is passed as 4.0, but classifier-free guidance is not enabled since no negative_prompt is provided.
true_cfg_scale is passed as 4.0, but classifier-free guidance is not enabled since no negative_prompt is provided.
true_cfg_scale is passed as 4.0, but classifier-free guidance is not enabled since no negative_prompt is provided.
true_cfg_scale is passed as 4.0, but classifier-free guidance is not enabled since no negative_prompt is provided.
true_cfg_scale is passed as 4.0, but classifier-free guidance is not enabled since no negative_prompt is provided.
true_cfg_scale is passed as 4.0, but classifier-free guidance is not enabled since no negative_prompt is provided.
true_cfg_scale is passed as 4.0, but classifier-free guidance is not enabled since no negative_prompt is provided.
true_cfg_scale is passed as 4.0, but classifier-free guidance is not enabled since no negative_prompt is provided.
true_cfg_scale is passed as 4.0, but classifier-free guidance is not enabled since no negative_prompt is provided.
true_cfg_scale is passed as 4.0, but classifier-free guidance is not enabled since no negative_prompt is provided.
true_cfg_scale is passed as 4.0, but classifier-free guidance is not enabled since no negative_prompt is provided.
true_cfg_scale is passed as 4.0, but classifier-free guidance is not enabled since no negative_prompt is provided.
true_cfg_scale is passed as 4.0, but classifier-free guidance is not enabled since no negative_prompt is provided.
true_cfg_scale is passed as 4.0, but classifier-free guidance is not enabled since no negative_prompt is provided.
true_cfg_scale is passed as 4.0, but classifier-free guidance is not enabled since no negative_prompt is provided.
true_cfg_scale is passed as 4.0, but classifier-free guidance is not enabled since no negative_prompt is provided.
true_cfg_scale is passed as 4.0, but classifier-free guidance is not enabled since no negative_prompt is provided.
true_cfg_scale is passed as 4.0, but classifier-free guidance is not enabled since no negative_prompt is provided.
true_cfg_scale is passed as 4.0, but classifier-free guidance is not enabled since no negative_prompt is provided.
true_cfg_scale is passed as 4.0, but classifier-free guidance is not enabled since no negative_prompt is provided.
true_cfg_scale is passed as 4.0, but classifier-free guidance is not enabled since no negative_prompt is provided.
true_cfg_scale is passed as 4.0, but classifier-free guidance is not enabled since no negative_prompt is provided.
true_cfg_scale is passed as 4.0, but classifier-free guidance is not enabled since no negative_prompt is provided.
true_cfg_scale is passed as 4.0, but classifier-free guidance is not enabled since no negative_prompt is provided.
true_cfg_scale is passed as 4.0, but classifier-free guidance is not enabled since no negative_prompt is provided.
true_cfg_scale is passed as 4.0, but classifier-free guidance is not enabled since no negative_prompt is provided.
true_cfg_scale is passed as 4.0, but classifier-free guidance is not enabled since no negative_prompt is provided.
true_cfg_scale is passed as 4.0, but classifier-free guidance is not enabled since no negative_prompt is provided.
true_cfg_scale is passed as 4.0, but classifier-free guidance is not enabled since no negative_prompt is provided.
true_cfg_scale is passed as 4.0, but classifier-free guidance is not enabled since no negative_prompt is provided.
true_cfg_scale is passed as 4.0, but classifier-free guidance is not enabled since no negative_prompt is provided.
true_cfg_scale is passed as 4.0, but classifier-free guidance is not enabled since no negative_prompt is provided.
true_cfg_scale is passed as 4.0, but classifier-free guidance is not enabled since no negative_prompt is provided.
true_cfg_scale is passed as 4.0, but classifier-free guidance is not enabled since no negative_prompt is provided.
true_cfg_scale is passed as 4.0, but classifier-free guidance is not enabled since no negative_prompt is provided.
true_cfg_scale is passed as 4.0, but classifier-free guidance is not enabled since no negative_prompt is provided.
true_cfg_scale is passed as 4.0, but classifier-free guidance is not enabled since no negative_prompt is provided.
true_cfg_scale is passed as 4.0, but classifier-free guidance is not enabled since no negative_prompt is provided.
true_cfg_scale is passed as 4.0, but classifier-free guidance is not enabled since no negative_prompt is provided.
true_cfg_scale is passed as 4.0, but classifier-free guidance is not enabled since no negative_prompt is provided.
true_cfg_scale is passed as 4.0, but classifier-free guidance is not enabled since no negative_prompt is provided.
true_cfg_scale is passed as 4.0, but classifier-free guidance is not enabled since no negative_prompt is provided.
true_cfg_scale is passed as 4.0, but classifier-free guidance is not enabled since no negative_prompt is provided.
true_cfg_scale is passed as 4.0, but classifier-free guidance is not enabled since no negative_prompt is provided.
true_cfg_scale is passed as 4.0, but classifier-free guidance is not enabled since no negative_prompt is provided.
true_cfg_scale is passed as 4.0, but classifier-free guidance is not enabled since no negative_prompt is provided.
true_cfg_scale is passed as 4.0, but classifier-free guidance is not enabled since no negative_prompt is provided.
true_cfg_scale is passed as 4.0, but classifier-free guidance is not enabled since no negative_prompt is provided.
true_cfg_scale is passed as 4.0, but classifier-free guidance is not enabled since no negative_prompt is provided.
true_cfg_scale is passed as 4.0, but classifier-free guidance is not enabled since no negative_prompt is provided.
true_cfg_scale is passed as 4.0, but classifier-free guidance is not enabled since no negative_prompt is provided.
true_cfg_scale is passed as 4.0, but classifier-free guidance is not enabled since no negative_prompt is provided.
true_cfg_scale is passed as 4.0, but classifier-free guidance is not enabled since no negative_prompt is provided.
true_cfg_scale is passed as 4.0, but classifier-free guidance is not enabled since no negative_prompt is provided.
true_cfg_scale is passed as 4.0, but classifier-free guidance is not enabled since no negative_prompt is provided.
true_cfg_scale is passed as 4.0, but classifier-free guidance is not enabled since no negative_prompt is provided.
true_cfg_scale is passed as 4.0, but classifier-free guidance is not enabled since no negative_prompt is provided.
true_cfg_scale is passed as 4.0, but classifier-free guidance is not enabled since no negative_prompt is provided.
true_cfg_scale is passed as 4.0, but classifier-free guidance is not enabled since no negative_prompt is provided.
true_cfg_scale is passed as 4.0, but classifier-free guidance is not enabled since no negative_prompt is provided.
true_cfg_scale is passed as 4.0, but classifier-free guidance is not enabled since no negative_prompt is provided.
true_cfg_scale is passed as 4.0, but classifier-free guidance is not enabled since no negative_prompt is provided.
true_cfg_scale is passed as 4.0, but classifier-free guidance is not enabled since no negative_prompt is provided.
true_cfg_scale is passed as 4.0, but classifier-free guidance is not enabled since no negative_prompt is provided.
true_cfg_scale is passed as 4.0, but classifier-free guidance is not enabled since no negative_prompt is provided.
true_cfg_scale is passed as 4.0, but classifier-free guidance is not enabled since no negative_prompt is provided.
true_cfg_scale is passed as 4.0, but classifier-free guidance is not enabled since no negative_prompt is provided.
true_cfg_scale is passed as 4.0, but classifier-free guidance is not enabled since no negative_prompt is provided.
true_cfg_scale is passed as 4.0, but classifier-free guidance is not enabled since no negative_prompt is provided.
true_cfg_scale is passed as 4.0, but classifier-free guidance is not enabled since no negative_prompt is provided.
true_cfg_scale is passed as 4.0, but classifier-free guidance is not enabled since no negative_prompt is provided.
true_cfg_scale is passed as 4.0, but classifier-free guidance is not enabled since no negative_prompt is provided.
true_cfg_scale is passed as 4.0, but classifier-free guidance is not enabled since no negative_prompt is provided.
true_cfg_scale is passed as 4.0, but classifier-free guidance is not enabled since no negative_prompt is provided.
true_cfg_scale is passed as 4.0, but classifier-free guidance is not enabled since no negative_prompt is provided.
true_cfg_scale is passed as 4.0, but classifier-free guidance is not enabled since no negative_prompt is provided.
true_cfg_scale is passed as 4.0, but classifier-free guidance is not enabled since no negative_prompt is provided.
true_cfg_scale is passed as 4.0, but classifier-free guidance is not enabled since no negative_prompt is provided.
true_cfg_scale is passed as 4.0, but classifier-free guidance is not enabled since no negative_prompt is provided.
true_cfg_scale is passed as 4.0, but classifier-free guidance is not enabled since no negative_prompt is provided.
true_cfg_scale is passed as 4.0, but classifier-free guidance is not enabled since no negative_prompt is provided.
true_cfg_scale is passed as 4.0, but classifier-free guidance is not enabled since no negative_prompt is provided.
true_cfg_scale is passed as 4.0, but classifier-free guidance is not enabled since no negative_prompt is provided.
true_cfg_scale is passed as 4.0, but classifier-free guidance is not enabled since no negative_prompt is provided.
true_cfg_scale is passed as 4.0, but classifier-free guidance is not enabled since no negative_prompt is provided.
true_cfg_scale is passed as 4.0, but classifier-free guidance is not enabled since no negative_prompt is provided.
true_cfg_scale is passed as 4.0, but classifier-free guidance is not enabled since no negative_prompt is provided.
true_cfg_scale is passed as 4.0, but classifier-free guidance is not enabled since no negative_prompt is provided.
true_cfg_scale is passed as 4.0, but classifier-free guidance is not enabled since no negative_prompt is provided.
true_cfg_scale is passed as 4.0, but classifier-free guidance is not enabled since no negative_prompt is provided.
true_cfg_scale is passed as 4.0, but classifier-free guidance is not enabled since no negative_prompt is provided.
true_cfg_scale is passed as 4.0, but classifier-free guidance is not enabled since no negative_prompt is provided.
true_cfg_scale is passed as 4.0, but classifier-free guidance is not enabled since no negative_prompt is provided.
true_cfg_scale is passed as 4.0, but classifier-free guidance is not enabled since no negative_prompt is provided.
true_cfg_scale is passed as 4.0, but classifier-free guidance is not enabled since no negative_prompt is provided.
true_cfg_scale is passed as 4.0, but classifier-free guidance is not enabled since no negative_prompt is provided.
true_cfg_scale is passed as 4.0, but classifier-free guidance is not enabled since no negative_prompt is provided.
true_cfg_scale is passed as 4.0, but classifier-free guidance is not enabled since no negative_prompt is provided.
true_cfg_scale is passed as 4.0, but classifier-free guidance is not enabled since no negative_prompt is provided.
true_cfg_scale is passed as 4.0, but classifier-free guidance is not enabled since no negative_prompt is provided.
true_cfg_scale is passed as 4.0, but classifier-free guidance is not enabled since no negative_prompt is provided.
true_cfg_scale is passed as 4.0, but classifier-free guidance is not enabled since no negative_prompt is provided.
true_cfg_scale is passed as 4.0, but classifier-free guidance is not enabled since no negative_prompt is provided.
true_cfg_scale is passed as 4.0, but classifier-free guidance is not enabled since no negative_prompt is provided.
true_cfg_scale is passed as 4.0, but classifier-free guidance is not enabled since no negative_prompt is provided.
true_cfg_scale is passed as 4.0, but classifier-free guidance is not enabled since no negative_prompt is provided.
true_cfg_scale is passed as 4.0, but classifier-free guidance is not enabled since no negative_prompt is provided.
true_cfg_scale is passed as 4.0, but classifier-free guidance is not enabled since no negative_prompt is provided.
true_cfg_scale is passed as 4.0, but classifier-free guidance is not enabled since no negative_prompt is provided.
true_cfg_scale is passed as 4.0, but classifier-free guidance is not enabled since no negative_prompt is provided.
true_cfg_scale is passed as 4.0, but classifier-free guidance is not enabled since no negative_prompt is provided.
true_cfg_scale is passed as 4.0, but classifier-free guidance is not enabled since no negative_prompt is provided.
true_cfg_scale is passed as 4.0, but classifier-free guidance is not enabled since no negative_prompt is provided.
true_cfg_scale is passed as 4.0, but classifier-free guidance is not enabled since no negative_prompt is provided.
true_cfg_scale is passed as 4.0, but classifier-free guidance is not enabled since no negative_prompt is provided.
true_cfg_scale is passed as 4.0, but classifier-free guidance is not enabled since no negative_prompt is provided.
true_cfg_scale is passed as 4.0, but classifier-free guidance is not enabled since no negative_prompt is provided.
true_cfg_scale is passed as 4.0, but classifier-free guidance is not enabled since no negative_prompt is provided.
true_cfg_scale is passed as 4.0, but classifier-free guidance is not enabled since no negative_prompt is provided.
true_cfg_scale is passed as 4.0, but classifier-free guidance is not enabled since no negative_prompt is provided.
true_cfg_scale is passed as 4.0, but classifier-free guidance is not enabled since no negative_prompt is provided.
true_cfg_scale is passed as 4.0, but classifier-free guidance is not enabled since no negative_prompt is provided.
true_cfg_scale is passed as 4.0, but classifier-free guidance is not enabled since no negative_prompt is provided.
true_cfg_scale is passed as 4.0, but classifier-free guidance is not enabled since no negative_prompt is provided.
true_cfg_scale is passed as 4.0, but classifier-free guidance is not enabled since no negative_prompt is provided.
true_cfg_scale is passed as 4.0, but classifier-free guidance is not enabled since no negative_prompt is provided.
true_cfg_scale is passed as 4.0, but classifier-free guidance is not enabled since no negative_prompt is provided.
true_cfg_scale is passed as 4.0, but classifier-free guidance is not enabled since no negative_prompt is provided.
true_cfg_scale is passed as 4.0, but classifier-free guidance is not enabled since no negative_prompt is provided.
true_cfg_scale is passed as 4.0, but classifier-free guidance is not enabled since no negative_prompt is provided.
true_cfg_scale is passed as 4.0, but classifier-free guidance is not enabled since no negative_prompt is provided.
true_cfg_scale is passed as 4.0, but classifier-free guidance is not enabled since no negative_prompt is provided.
true_cfg_scale is passed as 4.0, but classifier-free guidance is not enabled since no negative_prompt is provided.
true_cfg_scale is passed as 4.0, but classifier-free guidance is not enabled since no negative_prompt is provided.
true_cfg_scale is passed as 4.0, but classifier-free guidance is not enabled since no negative_prompt is provided.
true_cfg_scale is passed as 4.0, but classifier-free guidance is not enabled since no negative_prompt is provided.
true_cfg_scale is passed as 4.0, but classifier-free guidance is not enabled since no negative_prompt is provided.
true_cfg_scale is passed as 4.0, but classifier-free guidance is not enabled since no negative_prompt is provided.
true_cfg_scale is passed as 4.0, but classifier-free guidance is not enabled since no negative_prompt is provided.
true_cfg_scale is passed as 4.0, but classifier-free guidance is not enabled since no negative_prompt is provided.
true_cfg_scale is passed as 4.0, but classifier-free guidance is not enabled since no negative_prompt is provided.
true_cfg_scale is passed as 4.0, but classifier-free guidance is not enabled since no negative_prompt is provided.
true_cfg_scale is passed as 4.0, but classifier-free guidance is not enabled since no negative_prompt is provided.
true_cfg_scale is passed as 4.0, but classifier-free guidance is not enabled since no negative_prompt is provided.
true_cfg_scale is passed as 4.0, but classifier-free guidance is not enabled since no negative_prompt is provided.
true_cfg_scale is passed as 4.0, but classifier-free guidance is not enabled since no negative_prompt is provided.
true_cfg_scale is passed as 4.0, but classifier-free guidance is not enabled since no negative_prompt is provided.
true_cfg_scale is passed as 4.0, but classifier-free guidance is not enabled since no negative_prompt is provided.
true_cfg_scale is passed as 4.0, but classifier-free guidance is not enabled since no negative_prompt is provided.
true_cfg_scale is passed as 4.0, but classifier-free guidance is not enabled since no negative_prompt is provided.
true_cfg_scale is passed as 4.0, but classifier-free guidance is not enabled since no negative_prompt is provided.
true_cfg_scale is passed as 4.0, but classifier-free guidance is not enabled since no negative_prompt is provided.
true_cfg_scale is passed as 4.0, but classifier-free guidance is not enabled since no negative_prompt is provided.
true_cfg_scale is passed as 4.0, but classifier-free guidance is not enabled since no negative_prompt is provided.
true_cfg_scale is passed as 4.0, but classifier-free guidance is not enabled since no negative_prompt is provided.
true_cfg_scale is passed as 4.0, but classifier-free guidance is not enabled since no negative_prompt is provided.
true_cfg_scale is passed as 4.0, but classifier-free guidance is not enabled since no negative_prompt is provided.
true_cfg_scale is passed as 4.0, but classifier-free guidance is not enabled since no negative_prompt is provided.
true_cfg_scale is passed as 4.0, but classifier-free guidance is not enabled since no negative_prompt is provided.
true_cfg_scale is passed as 4.0, but classifier-free guidance is not enabled since no negative_prompt is provided.
true_cfg_scale is passed as 4.0, but classifier-free guidance is not enabled since no negative_prompt is provided.
true_cfg_scale is passed as 4.0, but classifier-free guidance is not enabled since no negative_prompt is provided.
true_cfg_scale is passed as 4.0, but classifier-free guidance is not enabled since no negative_prompt is provided.
true_cfg_scale is passed as 4.0, but classifier-free guidance is not enabled since no negative_prompt is provided.
true_cfg_scale is passed as 4.0, but classifier-free guidance is not enabled since no negative_prompt is provided.
true_cfg_scale is passed as 4.0, but classifier-free guidance is not enabled since no negative_prompt is provided.
true_cfg_scale is passed as 4.0, but classifier-free guidance is not enabled since no negative_prompt is provided.
true_cfg_scale is passed as 4.0, but classifier-free guidance is not enabled since no negative_prompt is provided.
true_cfg_scale is passed as 4.0, but classifier-free guidance is not enabled since no negative_prompt is provided.
true_cfg_scale is passed as 4.0, but classifier-free guidance is not enabled since no negative_prompt is provided.
true_cfg_scale is passed as 4.0, but classifier-free guidance is not enabled since no negative_prompt is provided.
true_cfg_scale is passed as 4.0, but classifier-free guidance is not enabled since no negative_prompt is provided.
true_cfg_scale is passed as 4.0, but classifier-free guidance is not enabled since no negative_prompt is provided.
true_cfg_scale is passed as 4.0, but classifier-free guidance is not enabled since no negative_prompt is provided.
true_cfg_scale is passed as 4.0, but classifier-free guidance is not enabled since no negative_prompt is provided.
true_cfg_scale is passed as 4.0, but classifier-free guidance is not enabled since no negative_prompt is provided.
true_cfg_scale is passed as 4.0, but classifier-free guidance is not enabled since no negative_prompt is provided.
true_cfg_scale is passed as 4.0, but classifier-free guidance is not enabled since no negative_prompt is provided.
true_cfg_scale is passed as 4.0, but classifier-free guidance is not enabled since no negative_prompt is provided.
true_cfg_scale is passed as 4.0, but classifier-free guidance is not enabled since no negative_prompt is provided.
true_cfg_scale is passed as 4.0, but classifier-free guidance is not enabled since no negative_prompt is provided.
true_cfg_scale is passed as 4.0, but classifier-free guidance is not enabled since no negative_prompt is provided.
true_cfg_scale is passed as 4.0, but classifier-free guidance is not enabled since no negative_prompt is provided.
true_cfg_scale is passed as 4.0, but classifier-free guidance is not enabled since no negative_prompt is provided.
true_cfg_scale is passed as 4.0, but classifier-free guidance is not enabled since no negative_prompt is provided.
true_cfg_scale is passed as 4.0, but classifier-free guidance is not enabled since no negative_prompt is provided.
true_cfg_scale is passed as 4.0, but classifier-free guidance is not enabled since no negative_prompt is provided.
true_cfg_scale is passed as 4.0, but classifier-free guidance is not enabled since no negative_prompt is provided.
true_cfg_scale is passed as 4.0, but classifier-free guidance is not enabled since no negative_prompt is provided.
true_cfg_scale is passed as 4.0, but classifier-free guidance is not enabled since no negative_prompt is provided.
true_cfg_scale is passed as 4.0, but classifier-free guidance is not enabled since no negative_prompt is provided.
true_cfg_scale is passed as 4.0, but classifier-free guidance is not enabled since no negative_prompt is provided.
true_cfg_scale is passed as 4.0, but classifier-free guidance is not enabled since no negative_prompt is provided.
true_cfg_scale is passed as 4.0, but classifier-free guidance is not enabled since no negative_prompt is provided.
true_cfg_scale is passed as 4.0, but classifier-free guidance is not enabled since no negative_prompt is provided.
true_cfg_scale is passed as 4.0, but classifier-free guidance is not enabled since no negative_prompt is provided.
true_cfg_scale is passed as 4.0, but classifier-free guidance is not enabled since no negative_prompt is provided.
true_cfg_scale is passed as 4.0, but classifier-free guidance is not enabled since no negative_prompt is provided.
true_cfg_scale is passed as 4.0, but classifier-free guidance is not enabled since no negative_prompt is provided.
true_cfg_scale is passed as 4.0, but classifier-free guidance is not enabled since no negative_prompt is provided.
true_cfg_scale is passed as 4.0, but classifier-free guidance is not enabled since no negative_prompt is provided.
true_cfg_scale is passed as 4.0, but classifier-free guidance is not enabled since no negative_prompt is provided.
true_cfg_scale is passed as 4.0, but classifier-free guidance is not enabled since no negative_prompt is provided.
true_cfg_scale is passed as 4.0, but classifier-free guidance is not enabled since no negative_prompt is provided.
true_cfg_scale is passed as 4.0, but classifier-free guidance is not enabled since no negative_prompt is provided.
true_cfg_scale is passed as 4.0, but classifier-free guidance is not enabled since no negative_prompt is provided.
true_cfg_scale is passed as 4.0, but classifier-free guidance is not enabled since no negative_prompt is provided.
true_cfg_scale is passed as 4.0, but classifier-free guidance is not enabled since no negative_prompt is provided.
true_cfg_scale is passed as 4.0, but classifier-free guidance is not enabled since no negative_prompt is provided.
true_cfg_scale is passed as 4.0, but classifier-free guidance is not enabled since no negative_prompt is provided.
true_cfg_scale is passed as 4.0, but classifier-free guidance is not enabled since no negative_prompt is provided.
true_cfg_scale is passed as 4.0, but classifier-free guidance is not enabled since no negative_prompt is provided.
true_cfg_scale is passed as 4.0, but classifier-free guidance is not enabled since no negative_prompt is provided.
true_cfg_scale is passed as 4.0, but classifier-free guidance is not enabled since no negative_prompt is provided.
true_cfg_scale is passed as 4.0, but classifier-free guidance is not enabled since no negative_prompt is provided.
true_cfg_scale is passed as 4.0, but classifier-free guidance is not enabled since no negative_prompt is provided.
true_cfg_scale is passed as 4.0, but classifier-free guidance is not enabled since no negative_prompt is provided.
true_cfg_scale is passed as 4.0, but classifier-free guidance is not enabled since no negative_prompt is provided.
true_cfg_scale is passed as 4.0, but classifier-free guidance is not enabled since no negative_prompt is provided.
true_cfg_scale is passed as 4.0, but classifier-free guidance is not enabled since no negative_prompt is provided.
true_cfg_scale is passed as 4.0, but classifier-free guidance is not enabled since no negative_prompt is provided.
true_cfg_scale is passed as 4.0, but classifier-free guidance is not enabled since no negative_prompt is provided.
true_cfg_scale is passed as 4.0, but classifier-free guidance is not enabled since no negative_prompt is provided.
true_cfg_scale is passed as 4.0, but classifier-free guidance is not enabled since no negative_prompt is provided.
true_cfg_scale is passed as 4.0, but classifier-free guidance is not enabled since no negative_prompt is provided.
true_cfg_scale is passed as 4.0, but classifier-free guidance is not enabled since no negative_prompt is provided.
true_cfg_scale is passed as 4.0, but classifier-free guidance is not enabled since no negative_prompt is provided.
true_cfg_scale is passed as 4.0, but classifier-free guidance is not enabled since no negative_prompt is provided.
true_cfg_scale is passed as 4.0, but classifier-free guidance is not enabled since no negative_prompt is provided.
true_cfg_scale is passed as 4.0, but classifier-free guidance is not enabled since no negative_prompt is provided.
true_cfg_scale is passed as 4.0, but classifier-free guidance is not enabled since no negative_prompt is provided.
true_cfg_scale is passed as 4.0, but classifier-free guidance is not enabled since no negative_prompt is provided.
true_cfg_scale is passed as 4.0, but classifier-free guidance is not enabled since no negative_prompt is provided.
true_cfg_scale is passed as 4.0, but classifier-free guidance is not enabled since no negative_prompt is provided.
true_cfg_scale is passed as 4.0, but classifier-free guidance is not enabled since no negative_prompt is provided.
true_cfg_scale is passed as 4.0, but classifier-free guidance is not enabled since no negative_prompt is provided.
true_cfg_scale is passed as 4.0, but classifier-free guidance is not enabled since no negative_prompt is provided.
true_cfg_scale is passed as 4.0, but classifier-free guidance is not enabled since no negative_prompt is provided.
true_cfg_scale is passed as 4.0, but classifier-free guidance is not enabled since no negative_prompt is provided.
true_cfg_scale is passed as 4.0, but classifier-free guidance is not enabled since no negative_prompt is provided.
true_cfg_scale is passed as 4.0, but classifier-free guidance is not enabled since no negative_prompt is provided.
true_cfg_scale is passed as 4.0, but classifier-free guidance is not enabled since no negative_prompt is provided.
true_cfg_scale is passed as 4.0, but classifier-free guidance is not enabled since no negative_prompt is provided.
true_cfg_scale is passed as 4.0, but classifier-free guidance is not enabled since no negative_prompt is provided.
true_cfg_scale is passed as 4.0, but classifier-free guidance is not enabled since no negative_prompt is provided.
true_cfg_scale is passed as 4.0, but classifier-free guidance is not enabled since no negative_prompt is provided.
true_cfg_scale is passed as 4.0, but classifier-free guidance is not enabled since no negative_prompt is provided.
true_cfg_scale is passed as 4.0, but classifier-free guidance is not enabled since no negative_prompt is provided.
true_cfg_scale is passed as 4.0, but classifier-free guidance is not enabled since no negative_prompt is provided.
true_cfg_scale is passed as 4.0, but classifier-free guidance is not enabled since no negative_prompt is provided.
true_cfg_scale is passed as 4.0, but classifier-free guidance is not enabled since no negative_prompt is provided.
true_cfg_scale is passed as 4.0, but classifier-free guidance is not enabled since no negative_prompt is provided.
true_cfg_scale is passed as 4.0, but classifier-free guidance is not enabled since no negative_prompt is provided.
true_cfg_scale is passed as 4.0, but classifier-free guidance is not enabled since no negative_prompt is provided.
true_cfg_scale is passed as 4.0, but classifier-free guidance is not enabled since no negative_prompt is provided.
true_cfg_scale is passed as 4.0, but classifier-free guidance is not enabled since no negative_prompt is provided.
true_cfg_scale is passed as 4.0, but classifier-free guidance is not enabled since no negative_prompt is provided.
true_cfg_scale is passed as 4.0, but classifier-free guidance is not enabled since no negative_prompt is provided.
true_cfg_scale is passed as 4.0, but classifier-free guidance is not enabled since no negative_prompt is provided.
true_cfg_scale is passed as 4.0, but classifier-free guidance is not enabled since no negative_prompt is provided.
true_cfg_scale is passed as 4.0, but classifier-free guidance is not enabled since no negative_prompt is provided.
true_cfg_scale is passed as 4.0, but classifier-free guidance is not enabled since no negative_prompt is provided.
true_cfg_scale is passed as 4.0, but classifier-free guidance is not enabled since no negative_prompt is provided.
true_cfg_scale is passed as 4.0, but classifier-free guidance is not enabled since no negative_prompt is provided.
true_cfg_scale is passed as 4.0, but classifier-free guidance is not enabled since no negative_prompt is provided.
true_cfg_scale is passed as 4.0, but classifier-free guidance is not enabled since no negative_prompt is provided.
true_cfg_scale is passed as 4.0, but classifier-free guidance is not enabled since no negative_prompt is provided.
true_cfg_scale is passed as 4.0, but classifier-free guidance is not enabled since no negative_prompt is provided.
true_cfg_scale is passed as 4.0, but classifier-free guidance is not enabled since no negative_prompt is provided.
true_cfg_scale is passed as 4.0, but classifier-free guidance is not enabled since no negative_prompt is provided.
true_cfg_scale is passed as 4.0, but classifier-free guidance is not enabled since no negative_prompt is provided.
true_cfg_scale is passed as 4.0, but classifier-free guidance is not enabled since no negative_prompt is provided.
true_cfg_scale is passed as 4.0, but classifier-free guidance is not enabled since no negative_prompt is provided.
true_cfg_scale is passed as 4.0, but classifier-free guidance is not enabled since no negative_prompt is provided.
true_cfg_scale is passed as 4.0, but classifier-free guidance is not enabled since no negative_prompt is provided.
true_cfg_scale is passed as 4.0, but classifier-free guidance is not enabled since no negative_prompt is provided.
true_cfg_scale is passed as 4.0, but classifier-free guidance is not enabled since no negative_prompt is provided.
true_cfg_scale is passed as 4.0, but classifier-free guidance is not enabled since no negative_prompt is provided.
true_cfg_scale is passed as 4.0, but classifier-free guidance is not enabled since no negative_prompt is provided.
true_cfg_scale is passed as 4.0, but classifier-free guidance is not enabled since no negative_prompt is provided.
true_cfg_scale is passed as 4.0, but classifier-free guidance is not enabled since no negative_prompt is provided.
true_cfg_scale is passed as 4.0, but classifier-free guidance is not enabled since no negative_prompt is provided.
true_cfg_scale is passed as 4.0, but classifier-free guidance is not enabled since no negative_prompt is provided.
true_cfg_scale is passed as 4.0, but classifier-free guidance is not enabled since no negative_prompt is provided.
true_cfg_scale is passed as 4.0, but classifier-free guidance is not enabled since no negative_prompt is provided.
true_cfg_scale is passed as 4.0, but classifier-free guidance is not enabled since no negative_prompt is provided.
true_cfg_scale is passed as 4.0, but classifier-free guidance is not enabled since no negative_prompt is provided.
true_cfg_scale is passed as 4.0, but classifier-free guidance is not enabled since no negative_prompt is provided.
true_cfg_scale is passed as 4.0, but classifier-free guidance is not enabled since no negative_prompt is provided.
true_cfg_scale is passed as 4.0, but classifier-free guidance is not enabled since no negative_prompt is provided.
true_cfg_scale is passed as 4.0, but classifier-free guidance is not enabled since no negative_prompt is provided.
true_cfg_scale is passed as 4.0, but classifier-free guidance is not enabled since no negative_prompt is provided.
true_cfg_scale is passed as 4.0, but classifier-free guidance is not enabled since no negative_prompt is provided.
true_cfg_scale is passed as 4.0, but classifier-free guidance is not enabled since no negative_prompt is provided.
true_cfg_scale is passed as 4.0, but classifier-free guidance is not enabled since no negative_prompt is provided.
true_cfg_scale is passed as 4.0, but classifier-free guidance is not enabled since no negative_prompt is provided.
true_cfg_scale is passed as 4.0, but classifier-free guidance is not enabled since no negative_prompt is provided.
true_cfg_scale is passed as 4.0, but classifier-free guidance is not enabled since no negative_prompt is provided.
true_cfg_scale is passed as 4.0, but classifier-free guidance is not enabled since no negative_prompt is provided.
true_cfg_scale is passed as 4.0, but classifier-free guidance is not enabled since no negative_prompt is provided.
true_cfg_scale is passed as 4.0, but classifier-free guidance is not enabled since no negative_prompt is provided.
true_cfg_scale is passed as 4.0, but classifier-free guidance is not enabled since no negative_prompt is provided.
true_cfg_scale is passed as 4.0, but classifier-free guidance is not enabled since no negative_prompt is provided.
true_cfg_scale is passed as 4.0, but classifier-free guidance is not enabled since no negative_prompt is provided.
true_cfg_scale is passed as 4.0, but classifier-free guidance is not enabled since no negative_prompt is provided.
[verify] estimating σ_l on 2 prompts...
[verify] σ_l = 743314.5625
[verify] running primary α-sweep [-2.0, -1.0, 0.0, 1.0, 2.0, 3.0]
[verify] primary α=-2.00  p_banana=0.050  fluency=0.775
[verify] primary α=-1.00  p_banana=0.050  fluency=0.800
[verify] primary α=+0.00  p_banana=0.050  fluency=0.800
[verify] primary α=+1.00  p_banana=0.025  fluency=0.700
[verify] primary α=+2.00  p_banana=0.025  fluency=0.675
[verify] primary α=+3.00  p_banana=0.025  fluency=0.675
[verify] specificity control (random matched-norm), σ_rand=649105.3125
[verify] random α=-2.00  p_banana=0.025  fluency=0.575
[verify] random α=-1.00  p_banana=0.025  fluency=0.750
[verify] random α=+0.00  p_banana=0.050  fluency=0.800
[verify] random α=+1.00  p_banana=0.025  fluency=0.700
[verify] random α=+2.00  p_banana=0.025  fluency=0.675
[verify] random α=+3.00  p_banana=0.025  fluency=0.650
[verify] VERDICT = inconclusive  primary Δp(α=+1.0)=-0.025  spearman=-0.600
