=== M0 gate start 2026-07-18T20:53:40Z ===
[m0-gate] skip results/m0_prokaryote_HGI_s200.json (smoke-tested)
[m0-gate] done results/m0_prokaryote_HGI_s42.json
[m0-gate] done results/m0_prokaryote_HGI_s201.json
[m0-gate] done results/m0_prokaryote_H_only_s42.json
=== M0 gate start 2026-07-18T21:07:21Z ===
[m0-gate] skip results/m0_prokaryote_HGI_s42.json (exists)
[m0-gate] skip results/m0_prokaryote_HGI_s200.json (exists)
[m0-gate] skip results/m0_prokaryote_H_only_s42.json (exists)
[m0-gate] skip results/m0_prokaryote_HGI_s201.json (exists)
[m0-gate] done results/m0_prokaryote_H_only_s200.json rc=0
[m0-gate] done results/m0_prokaryote_H_only_s201.json rc=0
[m0-gate] done results/m0_eukaryote_HGI_s42.json rc=0
[m0-gate] done results/m0_eukaryote_HGI_s200.json rc=0
[m0-gate] done results/m0_eukaryote_H_only_s200.json rc=0
[m0-gate] done results/m0_eukaryote_HGI_s201.json rc=0
[m0-gate] done results/m0_eukaryote_H_only_s201.json rc=0
[m0-gate] done results/m0_eukaryote_H_only_s42.json rc=0
=== M0 runs done, consolidating 2026-07-18T21:08:12Z ===
[consolidate2] 12 round-2 M0 runs
[consolidate2] VERDICT=established mean_steer_set_auroc=0.9010974716689083 beta_v2_auroc=0.8261670044585966 beta_v2_clears=False holds_multi_org=True
=== M0 gate complete 2026-07-18T21:08:12Z ===
