/data/wanghaoxiong/miniconda3/envs/scientist/lib/python3.11/site-packages/evo2/models.py:207: UserWarning: Transformer Engine not installed. Falling back to bf16 projections (use_fp8_input_projections=False). 
  warnings.warn(
Loading model from /data1/share_model/evo2/evo2_7b/evo2_7b.pt...
Loading config from configs/evo2-7b-1m.yml...
[07/19/26 17:07:15] INFO     StripedHyena - INFO - Initializing     model.py:645
                             StripedHyena with config:                          
                             {'model_name': 'shc-evo2-7b-8k-2T-v2',             
                             'vocab_size': 512, 'hidden_size':                  
                             4096, 'num_filters': 4096,                         
                             'hcl_layer_idxs': [2, 6, 9, 13, 16,                
                             20, 23, 27, 30], 'hcm_layer_idxs': [1,             
                             5, 8, 12, 15, 19, 22, 26, 29],                     
                             'hcs_layer_idxs': [0, 4, 7, 11, 14,                
                             18, 21, 25, 28], 'attn_layer_idxs':                
                             [3, 10, 17, 24, 31],                               
                             'hcm_filter_length': 128,                          
                             'hcl_filter_groups': 4096,                         
                             'hcm_filter_groups': 256,                          
                             'hcs_filter_groups': 256,                          
                             'hcs_filter_length': 7, 'num_layers':              
                             32, 'short_filter_length': 3,                      
                             'num_attention_heads': 32,                         
                             'short_filter_bias': False,                        
                             'mlp_init_method':                                 
                             'torch.nn.init.zeros_',                            
                             'mlp_output_init_method':                          
                             'torch.nn.init.zeros_', 'eps': 1e-06,              
                             'state_size': 16, 'rotary_emb_base':               
                             10000, 'rotary_emb_scaling_factor':                
                             128,                                               
                             'use_interpolated_rotary_pos_emb':                 
                             True, 'make_vocab_size_divisible_by':              
                             8, 'inner_size_multiple_of': 16,                   
                             'inner_mlp_size': 11264,                           
                             'log_intermediate_values': False,                  
                             'proj_groups': 1,                                  
                             'hyena_filter_groups': 1,                          
                             'column_split_hyena': False,                       
                             'column_split': True, 'interleave':                
                             True, 'evo2_style_activations': True,              
                             'model_parallel_size': 1,                          
                             'pipe_parallel_size': 1,                           
                             'tie_embeddings': True,                            
                             'mha_out_proj_bias': True,                         
                             'hyena_out_proj_bias': True,                       
                             'hyena_flip_x1x2': False,                          
                             'qkv_proj_bias': False,                            
                             'use_fp8_input_projections': False,                
                             'max_seqlen': 1048576,                             
                             'max_batch_size': 1, 'final_norm':                 
                             True, 'use_flash_attn': True,                      
                             'use_flash_rmsnorm': False,                        
                             'use_flash_depthwise': False,                      
                             'use_flashfft': False,                             
                             'use_laughing_hyena': False,                       
                             'inference_mode': True,                            
                             'tokenizer_type':                                  
                             'CharLevelTokenizer', 'prefill_style':             
                             'fft', 'mlp_activation': 'gelu',                   
                             'print_activations': False}                        
                    INFO     StripedHyena - INFO - Initializing 32  model.py:678
                             blocks...                                          
                    INFO     StripedHyena - INFO - Distributing     model.py:685
                             across 1 GPUs, approximately 32 layers             
                             per GPU                                            
  0%|          | 0/32 [00:00<?, ?it/s]                    INFO     StripedHyena - INFO - Assigned         model.py:703
                             layer_idx=0 to device='cuda:0'                     
                    INFO     StripedHyena - INFO - Parameter count  model.py:704
                             for block 0: 205571840                             
                    INFO     StripedHyena - INFO - Assigned         model.py:703
                             layer_idx=1 to device='cuda:0'                     
                    INFO     StripedHyena - INFO - Parameter count  model.py:704
                             for block 1: 205606912                             
                    INFO     StripedHyena - INFO - Assigned         model.py:703
                             layer_idx=2 to device='cuda:0'                     
                    INFO     StripedHyena - INFO - Parameter count  model.py:704
                             for block 2: 205705216                             
                    INFO     StripedHyena - INFO - Assigned         model.py:703
                             layer_idx=3 to device='cuda:0'                     
                    INFO     StripedHyena - INFO - Parameter count  model.py:704
                             for block 3: 205533184                             
                    INFO     StripedHyena - INFO - Assigned         model.py:703
                             layer_idx=4 to device='cuda:0'                     
                    INFO     StripedHyena - INFO - Parameter count  model.py:704
                             for block 4: 205571840                             
                    INFO     StripedHyena - INFO - Assigned         model.py:703
                             layer_idx=5 to device='cuda:0'                     
                    INFO     StripedHyena - INFO - Parameter count  model.py:704
                             for block 5: 205606912                             
 19%|█▉        | 6/32 [00:00<00:00, 59.13it/s]                    INFO     StripedHyena - INFO - Assigned         model.py:703
                             layer_idx=6 to device='cuda:0'                     
                    INFO     StripedHyena - INFO - Parameter count  model.py:704
                             for block 6: 205705216                             
                    INFO     StripedHyena - INFO - Assigned         model.py:703
                             layer_idx=7 to device='cuda:0'                     
                    INFO     StripedHyena - INFO - Parameter count  model.py:704
                             for block 7: 205571840                             
                    INFO     StripedHyena - INFO - Assigned         model.py:703
                             layer_idx=8 to device='cuda:0'                     
                    INFO     StripedHyena - INFO - Parameter count  model.py:704
                             for block 8: 205606912                             
                    INFO     StripedHyena - INFO - Assigned         model.py:703
                             layer_idx=9 to device='cuda:0'                     
                    INFO     StripedHyena - INFO - Parameter count  model.py:704
                             for block 9: 205705216                             
                    INFO     StripedHyena - INFO - Assigned         model.py:703
                             layer_idx=10 to device='cuda:0'                    
                    INFO     StripedHyena - INFO - Parameter count  model.py:704
                             for block 10: 205533184                            
                    INFO     StripedHyena - INFO - Assigned         model.py:703
                             layer_idx=11 to device='cuda:0'                    
                    INFO     StripedHyena - INFO - Parameter count  model.py:704
                             for block 11: 205571840                            
                    INFO     StripedHyena - INFO - Assigned         model.py:703
                             layer_idx=12 to device='cuda:0'                    
                    INFO     StripedHyena - INFO - Parameter count  model.py:704
                             for block 12: 205606912                            
                    INFO     StripedHyena - INFO - Assigned         model.py:703
                             layer_idx=13 to device='cuda:0'                    
                    INFO     StripedHyena - INFO - Parameter count  model.py:704
                             for block 13: 205705216                            
                    INFO     StripedHyena - INFO - Assigned         model.py:703
                             layer_idx=14 to device='cuda:0'                    
                    INFO     StripedHyena - INFO - Parameter count  model.py:704
                             for block 14: 205571840                            
                    INFO     StripedHyena - INFO - Assigned         model.py:703
                             layer_idx=15 to device='cuda:0'                    
                    INFO     StripedHyena - INFO - Parameter count  model.py:704
                             for block 15: 205606912                            
                    INFO     StripedHyena - INFO - Assigned         model.py:703
                             layer_idx=16 to device='cuda:0'                    
                    INFO     StripedHyena - INFO - Parameter count  model.py:704
                             for block 16: 205705216                            
                    INFO     StripedHyena - INFO - Assigned         model.py:703
                             layer_idx=17 to device='cuda:0'                    
                    INFO     StripedHyena - INFO - Parameter count  model.py:704
                             for block 17: 205533184                            
                    INFO     StripedHyena - INFO - Assigned         model.py:703
                             layer_idx=18 to device='cuda:0'                    
                    INFO     StripedHyena - INFO - Parameter count  model.py:704
                             for block 18: 205571840                            
                    INFO     StripedHyena - INFO - Assigned         model.py:703
                             layer_idx=19 to device='cuda:0'                    
                    INFO     StripedHyena - INFO - Parameter count  model.py:704
                             for block 19: 205606912                            
                    INFO     StripedHyena - INFO - Assigned         model.py:703
                             layer_idx=20 to device='cuda:0'                    
                    INFO     StripedHyena - INFO - Parameter count  model.py:704
                             for block 20: 205705216                            
                    INFO     StripedHyena - INFO - Assigned         model.py:703
                             layer_idx=21 to device='cuda:0'                    
                    INFO     StripedHyena - INFO - Parameter count  model.py:704
                             for block 21: 205571840                            
                    INFO     StripedHyena - INFO - Assigned         model.py:703
                             layer_idx=22 to device='cuda:0'                    
                    INFO     StripedHyena - INFO - Parameter count  model.py:704
                             for block 22: 205606912                            
                    INFO     StripedHyena - INFO - Assigned         model.py:703
                             layer_idx=23 to device='cuda:0'                    
                    INFO     StripedHyena - INFO - Parameter count  model.py:704
                             for block 23: 205705216                            
[07/19/26 17:07:16] INFO     StripedHyena - INFO - Assigned         model.py:703
                             layer_idx=24 to device='cuda:0'                    
                    INFO     StripedHyena - INFO - Parameter count  model.py:704
                             for block 24: 205533184                            
                    INFO     StripedHyena - INFO - Assigned         model.py:703
                             layer_idx=25 to device='cuda:0'                    
                    INFO     StripedHyena - INFO - Parameter count  model.py:704
                             for block 25: 205571840                            
                    INFO     StripedHyena - INFO - Assigned         model.py:703
                             layer_idx=26 to device='cuda:0'                    
                    INFO     StripedHyena - INFO - Parameter count  model.py:704
                             for block 26: 205606912                            
                    INFO     StripedHyena - INFO - Assigned         model.py:703
                             layer_idx=27 to device='cuda:0'                    
                    INFO     StripedHyena - INFO - Parameter count  model.py:704
                             for block 27: 205705216                            
 88%|████████▊ | 28/32 [00:00<00:00, 149.87it/s]                    INFO     StripedHyena - INFO - Assigned         model.py:703
                             layer_idx=28 to device='cuda:0'                    
                    INFO     StripedHyena - INFO - Parameter count  model.py:704
                             for block 28: 205571840                            
                    INFO     StripedHyena - INFO - Assigned         model.py:703
                             layer_idx=29 to device='cuda:0'                    
                    INFO     StripedHyena - INFO - Parameter count  model.py:704
                             for block 29: 205606912                            
                    INFO     StripedHyena - INFO - Assigned         model.py:703
                             layer_idx=30 to device='cuda:0'                    
                    INFO     StripedHyena - INFO - Parameter count  model.py:704
                             for block 30: 205705216                            
                    INFO     StripedHyena - INFO - Assigned         model.py:703
                             layer_idx=31 to device='cuda:0'                    
                    INFO     StripedHyena - INFO - Parameter count  model.py:704
                             for block 31: 205533184                            
100%|██████████| 32/32 [00:00<00:00, 143.31it/s]
                    INFO     StripedHyena - INFO - Initialized      model.py:723
                             model                                              
                    INFO     vortex.model.utils - INFO - Loading     utils.py:92
                             /data1/share_model/evo2/evo2_7b/evo2_7b            
                             .pt                                                
Extra keys in state_dict: {'blocks.9.projections._extra_state', 'unembed.weight', 'blocks.25.projections._extra_state', 'blocks.6.mixer.mixer.filter.t', 'blocks.24.mixer.attn._extra_state', 'blocks.20.mixer.mixer.filter.t', 'blocks.31.mixer.dense._extra_state', 'blocks.26.projections._extra_state', 'blocks.27.mixer.mixer.filter.t', 'blocks.31.mixer.attn._extra_state', 'blocks.11.projections._extra_state', 'blocks.23.mixer.mixer.filter.t', 'blocks.28.projections._extra_state', 'blocks.20.projections._extra_state', 'blocks.18.projections._extra_state', 'blocks.6.projections._extra_state', 'blocks.16.projections._extra_state', 'blocks.3.mixer.attn._extra_state', 'blocks.30.projections._extra_state', 'blocks.7.projections._extra_state', 'blocks.13.projections._extra_state', 'blocks.2.mixer.mixer.filter.t', 'blocks.24.mixer.dense._extra_state', 'blocks.27.projections._extra_state', 'blocks.4.projections._extra_state', 'blocks.13.mixer.mixer.filter.t', 'blocks.8.projections._extra_state', 'blocks.16.mixer.mixer.filter.t', 'blocks.17.mixer.attn._extra_state', 'blocks.19.projections._extra_state', 'blocks.2.projections._extra_state', 'blocks.3.mixer.dense._extra_state', 'blocks.10.mixer.attn._extra_state', 'blocks.5.projections._extra_state', 'blocks.22.projections._extra_state', 'blocks.9.mixer.mixer.filter.t', 'blocks.0.projections._extra_state', 'blocks.17.mixer.dense._extra_state', 'blocks.12.projections._extra_state', 'blocks.10.mixer.dense._extra_state', 'blocks.23.projections._extra_state', 'blocks.15.projections._extra_state', 'blocks.30.mixer.mixer.filter.t', 'blocks.14.projections._extra_state', 'blocks.1.projections._extra_state', 'blocks.21.projections._extra_state', 'blocks.29.projections._extra_state'}
[07/19/26 17:07:18] INFO     StripedHyena - INFO - Adjusting Wqkv  model.py:1008
                             for column split (permuting rows)                  
[m_steer] kind=alpha_helix_S c=10.74 seed=42 n=300 |feats|=19 sigma_proj=0.4104
/data/wanghaoxiong/miniconda3/envs/scientist/lib/python3.11/site-packages/vortex/model/engine.py:616: UserWarning: Casting complex values to real discards the imaginary part (Triggered internally at /pytorch/aten/src/ATen/native/Copy.cpp:307.)
  inference_params.state_dict[layer_idx] = state[..., L - 1].to(dtype=state_dtype)
Initializing inference params with max_seqlen=345
Initializing inference params with max_seqlen=345
Initializing inference params with max_seqlen=345
Initializing inference params with max_seqlen=345
Initializing inference params with max_seqlen=345
Initializing inference params with max_seqlen=345
Initializing inference params with max_seqlen=345
Initializing inference params with max_seqlen=345
Initializing inference params with max_seqlen=345
Initializing inference params with max_seqlen=345
Initializing inference params with max_seqlen=345
Initializing inference params with max_seqlen=345
Initializing inference params with max_seqlen=345
Initializing inference params with max_seqlen=345
Initializing inference params with max_seqlen=345
Initializing inference params with max_seqlen=345
Initializing inference params with max_seqlen=345
Initializing inference params with max_seqlen=345
Initializing inference params with max_seqlen=345
Initializing inference params with max_seqlen=345
Initializing inference params with max_seqlen=345
Initializing inference params with max_seqlen=345
Initializing inference params with max_seqlen=345
Initializing inference params with max_seqlen=345
Initializing inference params with max_seqlen=345
Initializing inference params with max_seqlen=345
Initializing inference params with max_seqlen=345
Initializing inference params with max_seqlen=345
Initializing inference params with max_seqlen=345
Initializing inference params with max_seqlen=345
Initializing inference params with max_seqlen=345
Initializing inference params with max_seqlen=345
Initializing inference params with max_seqlen=345
Initializing inference params with max_seqlen=345
Initializing inference params with max_seqlen=345
Initializing inference params with max_seqlen=345
Initializing inference params with max_seqlen=345
Initializing inference params with max_seqlen=345
Initializing inference params with max_seqlen=345
Initializing inference params with max_seqlen=345
Initializing inference params with max_seqlen=345
Initializing inference params with max_seqlen=345
Initializing inference params with max_seqlen=345
Initializing inference params with max_seqlen=345
Initializing inference params with max_seqlen=345
Initializing inference params with max_seqlen=345
Initializing inference params with max_seqlen=345
Initializing inference params with max_seqlen=345
Initializing inference params with max_seqlen=345
Initializing inference params with max_seqlen=345
Initializing inference params with max_seqlen=345
Initializing inference params with max_seqlen=345
Initializing inference params with max_seqlen=345
Initializing inference params with max_seqlen=345
Initializing inference params with max_seqlen=345
Initializing inference params with max_seqlen=345
Initializing inference params with max_seqlen=345
Initializing inference params with max_seqlen=345
Initializing inference params with max_seqlen=345
Initializing inference params with max_seqlen=345
Initializing inference params with max_seqlen=345
Initializing inference params with max_seqlen=345
Initializing inference params with max_seqlen=345
Initializing inference params with max_seqlen=345
Initializing inference params with max_seqlen=345
Initializing inference params with max_seqlen=345
Initializing inference params with max_seqlen=345
Initializing inference params with max_seqlen=345
Initializing inference params with max_seqlen=345
Initializing inference params with max_seqlen=345
Initializing inference params with max_seqlen=345
Initializing inference params with max_seqlen=345
Initializing inference params with max_seqlen=345
Initializing inference params with max_seqlen=345
Initializing inference params with max_seqlen=345
Initializing inference params with max_seqlen=345
Initializing inference params with max_seqlen=345
Initializing inference params with max_seqlen=345
Initializing inference params with max_seqlen=345
Initializing inference params with max_seqlen=345
Initializing inference params with max_seqlen=345
Initializing inference params with max_seqlen=345
Initializing inference params with max_seqlen=345
Initializing inference params with max_seqlen=345
Initializing inference params with max_seqlen=345
Initializing inference params with max_seqlen=345
Initializing inference params with max_seqlen=345
Initializing inference params with max_seqlen=345
Initializing inference params with max_seqlen=345
Initializing inference params with max_seqlen=345
Initializing inference params with max_seqlen=345
Initializing inference params with max_seqlen=345
Initializing inference params with max_seqlen=345
Initializing inference params with max_seqlen=345
Initializing inference params with max_seqlen=345
Initializing inference params with max_seqlen=345
Initializing inference params with max_seqlen=345
Initializing inference params with max_seqlen=345
Initializing inference params with max_seqlen=345
Initializing inference params with max_seqlen=345
Initializing inference params with max_seqlen=345
Initializing inference params with max_seqlen=345
Initializing inference params with max_seqlen=345
Initializing inference params with max_seqlen=345
Initializing inference params with max_seqlen=345
Initializing inference params with max_seqlen=345
Initializing inference params with max_seqlen=345
Initializing inference params with max_seqlen=345
Initializing inference params with max_seqlen=345
Initializing inference params with max_seqlen=345
Initializing inference params with max_seqlen=345
Initializing inference params with max_seqlen=345
Initializing inference params with max_seqlen=345
Initializing inference params with max_seqlen=345
Initializing inference params with max_seqlen=345
Initializing inference params with max_seqlen=345
Initializing inference params with max_seqlen=345
Initializing inference params with max_seqlen=345
Initializing inference params with max_seqlen=345
Initializing inference params with max_seqlen=345
Initializing inference params with max_seqlen=345
Initializing inference params with max_seqlen=345
Initializing inference params with max_seqlen=345
Initializing inference params with max_seqlen=345
Initializing inference params with max_seqlen=345
Initializing inference params with max_seqlen=345
Initializing inference params with max_seqlen=345
Initializing inference params with max_seqlen=345
Initializing inference params with max_seqlen=345
Initializing inference params with max_seqlen=345
Initializing inference params with max_seqlen=345
Initializing inference params with max_seqlen=345
Initializing inference params with max_seqlen=345
Initializing inference params with max_seqlen=345
Initializing inference params with max_seqlen=345
Initializing inference params with max_seqlen=345
Initializing inference params with max_seqlen=345
Initializing inference params with max_seqlen=345
Initializing inference params with max_seqlen=345
Initializing inference params with max_seqlen=345
Initializing inference params with max_seqlen=345
Initializing inference params with max_seqlen=345
Initializing inference params with max_seqlen=345
Initializing inference params with max_seqlen=345
Initializing inference params with max_seqlen=345
Initializing inference params with max_seqlen=345
Initializing inference params with max_seqlen=345
Initializing inference params with max_seqlen=345
Initializing inference params with max_seqlen=345
Initializing inference params with max_seqlen=345
Initializing inference params with max_seqlen=345
Initializing inference params with max_seqlen=345
Initializing inference params with max_seqlen=345
Initializing inference params with max_seqlen=345
Initializing inference params with max_seqlen=345
Initializing inference params with max_seqlen=345
Initializing inference params with max_seqlen=345
Initializing inference params with max_seqlen=345
Initializing inference params with max_seqlen=345
Initializing inference params with max_seqlen=345
Initializing inference params with max_seqlen=345
Initializing inference params with max_seqlen=345
Initializing inference params with max_seqlen=345
Initializing inference params with max_seqlen=345
Initializing inference params with max_seqlen=345
Initializing inference params with max_seqlen=345
Initializing inference params with max_seqlen=345
Initializing inference params with max_seqlen=345
Initializing inference params with max_seqlen=345
Initializing inference params with max_seqlen=345
Initializing inference params with max_seqlen=345
Initializing inference params with max_seqlen=345
Initializing inference params with max_seqlen=345
Initializing inference params with max_seqlen=345
Initializing inference params with max_seqlen=345
Initializing inference params with max_seqlen=345
Initializing inference params with max_seqlen=345
Initializing inference params with max_seqlen=345
Initializing inference params with max_seqlen=345
Initializing inference params with max_seqlen=345
Initializing inference params with max_seqlen=345
Initializing inference params with max_seqlen=345
Initializing inference params with max_seqlen=345
Initializing inference params with max_seqlen=345
Initializing inference params with max_seqlen=345
Initializing inference params with max_seqlen=345
Initializing inference params with max_seqlen=345
Initializing inference params with max_seqlen=345
Initializing inference params with max_seqlen=345
Initializing inference params with max_seqlen=345
Initializing inference params with max_seqlen=345
Initializing inference params with max_seqlen=345
Initializing inference params with max_seqlen=345
Initializing inference params with max_seqlen=345
Initializing inference params with max_seqlen=345
Initializing inference params with max_seqlen=345
Initializing inference params with max_seqlen=345
Initializing inference params with max_seqlen=345
Initializing inference params with max_seqlen=345
Initializing inference params with max_seqlen=345
Initializing inference params with max_seqlen=345
Initializing inference params with max_seqlen=345
Initializing inference params with max_seqlen=345
Initializing inference params with max_seqlen=345
Initializing inference params with max_seqlen=345
Initializing inference params with max_seqlen=345
Initializing inference params with max_seqlen=345
Initializing inference params with max_seqlen=345
Initializing inference params with max_seqlen=345
Initializing inference params with max_seqlen=345
Initializing inference params with max_seqlen=345
Initializing inference params with max_seqlen=345
Initializing inference params with max_seqlen=345
Initializing inference params with max_seqlen=345
Initializing inference params with max_seqlen=345
Initializing inference params with max_seqlen=345
Initializing inference params with max_seqlen=345
Initializing inference params with max_seqlen=345
Initializing inference params with max_seqlen=345
Initializing inference params with max_seqlen=345
Initializing inference params with max_seqlen=345
Initializing inference params with max_seqlen=345
Initializing inference params with max_seqlen=345
Initializing inference params with max_seqlen=345
Initializing inference params with max_seqlen=345
Initializing inference params with max_seqlen=345
Initializing inference params with max_seqlen=345
Initializing inference params with max_seqlen=345
Initializing inference params with max_seqlen=345
Initializing inference params with max_seqlen=345
Initializing inference params with max_seqlen=345
Initializing inference params with max_seqlen=345
Initializing inference params with max_seqlen=345
Initializing inference params with max_seqlen=345
Initializing inference params with max_seqlen=345
Initializing inference params with max_seqlen=345
Initializing inference params with max_seqlen=345
Initializing inference params with max_seqlen=345
Initializing inference params with max_seqlen=345
Initializing inference params with max_seqlen=345
Initializing inference params with max_seqlen=345
Initializing inference params with max_seqlen=345
Initializing inference params with max_seqlen=345
Initializing inference params with max_seqlen=345
Initializing inference params with max_seqlen=345
Initializing inference params with max_seqlen=345
Initializing inference params with max_seqlen=345
Initializing inference params with max_seqlen=345
Initializing inference params with max_seqlen=345
Initializing inference params with max_seqlen=345
Initializing inference params with max_seqlen=345
Initializing inference params with max_seqlen=345
Initializing inference params with max_seqlen=345
Initializing inference params with max_seqlen=345
Initializing inference params with max_seqlen=345
Initializing inference params with max_seqlen=345
Initializing inference params with max_seqlen=345
Initializing inference params with max_seqlen=345
Initializing inference params with max_seqlen=345
Initializing inference params with max_seqlen=345
Initializing inference params with max_seqlen=345
Initializing inference params with max_seqlen=345
Initializing inference params with max_seqlen=345
Initializing inference params with max_seqlen=345
Initializing inference params with max_seqlen=345
Initializing inference params with max_seqlen=345
Initializing inference params with max_seqlen=345
Initializing inference params with max_seqlen=345
Initializing inference params with max_seqlen=345
Initializing inference params with max_seqlen=345
Initializing inference params with max_seqlen=345
Initializing inference params with max_seqlen=345
Initializing inference params with max_seqlen=345
Initializing inference params with max_seqlen=345
Initializing inference params with max_seqlen=345
Initializing inference params with max_seqlen=345
Initializing inference params with max_seqlen=345
Initializing inference params with max_seqlen=345
Initializing inference params with max_seqlen=345
Initializing inference params with max_seqlen=345
Initializing inference params with max_seqlen=345
Initializing inference params with max_seqlen=345
Initializing inference params with max_seqlen=345
Initializing inference params with max_seqlen=345
Initializing inference params with max_seqlen=345
Initializing inference params with max_seqlen=345
Initializing inference params with max_seqlen=345
Initializing inference params with max_seqlen=345
Initializing inference params with max_seqlen=345
Initializing inference params with max_seqlen=345
Initializing inference params with max_seqlen=345
Initializing inference params with max_seqlen=345
Initializing inference params with max_seqlen=345
Initializing inference params with max_seqlen=345
Initializing inference params with max_seqlen=345
Initializing inference params with max_seqlen=345
Initializing inference params with max_seqlen=345
Initializing inference params with max_seqlen=345
Initializing inference params with max_seqlen=345
Initializing inference params with max_seqlen=345
[m_steer] generated valid_orf=267/300 impact=0.31989673773447674 (1878s)
Some weights of EsmForProteinFolding were not initialized from the model checkpoint at facebook/esmfold_v1 and are newly initialized: ['esm.contact_head.regression.bias', 'esm.contact_head.regression.weight']
You should probably TRAIN this model on a down-stream task to be able to use it for predictions and inference.
[m_steer] esmfold helix_w=0.48245904721013494 sheet_w=0.1237588791407508 valid_orf=0.89 folded=267 plddt=62.761940179246196 (2648s)
/data/wanghaoxiong/intergene_mechanist_v6/third_party/OmegaFold/omegafold/utils/protein_utils/residue_constants.py:482: UserWarning: Using torch.cross without specifying the dim arg is deprecated.
Please either pass the dim explicitly or simply use torch.linalg.cross.
The default value of dim will change to agree with that of linalg.cross in a future release. (Triggered internally at /pytorch/aten/src/ATen/native/Cross.cpp:62.)
  eznorm = torch.cross(ex_normalized, ey_normalized)
[m_steer] omegafold helix_w=0.4982952436332836 sheet_w=0.129020263949843 valid_orf=0.89 folded=267 plddt=68.6132352896844 (3742s)
[m_steer] WROTE results/m2_alpha_helix_S_c10.74_s42.json (3742s)
