==================== NULL RE-DISPATCH START 2026-07-20T02:51:25Z ====================
[null] mkdssp resolves to: /data/wanghaoxiong/miniconda3/envs/scientist/bin/mkdssp
[null] dispatch2 over jobs_null.json (chunk=3, 16 chunks, RUN_TIMEOUT=12000) ===
[dispatch] m3_random_c21.4801_d3-5 done gpu=5 4351s (1/16)
[dispatch] m3_random_c21.4801_d12-14 done gpu=4 4566s (2/16)
[dispatch] m3_random_c21.4801_d9-11 done gpu=7 4591s (3/16)
[dispatch] m3_random_c21.4801_d6-8 done gpu=6 4825s (4/16)
[dispatch] m3_random_c21.4801_d0-2 done gpu=3 4870s (5/16)
[dispatch] m3_random_c21.4801_d15-17 done gpu=5 4353s (6/16)
[dispatch] m3_random_c21.4801_d18-20 done gpu=4 4299s (7/16)
[dispatch] m3_random_c21.4801_d21-23 done gpu=7 4456s (8/16)
[dispatch] m3_random_c21.4801_d24-26 done gpu=6 4272s (9/16)
[dispatch] m3_random_c21.4801_d27-29 done gpu=3 4436s (10/16)
[dispatch] m3_random_c21.4801_d30-32 done gpu=5 4360s (11/16)
[dispatch] m3_random_c21.4801_d33-35 done gpu=4 4355s (12/16)
[dispatch] m3_random_c21.4801_d36-38 done gpu=7 4296s (13/16)
[dispatch] m3_random_c21.4801_d39-41 done gpu=6 4294s (14/16)
[dispatch] m3_random_c21.4801_d42-44 done gpu=3 4305s (15/16)
[dispatch] m3_random_c21.4801_d45-47 done gpu=5 4376s (16/16)
[dispatch] 16/16 done
[null] dispatch2 returned rc=0 2026-07-20T07:42:09Z
[null] all 16 chunks present -> consolidating C3 S-vs-null 2026-07-20T07:42:09Z ===
[m3c] esmfold: dS=0.12913545831596387 null_mean=-0.0041 p=0.0204 z=5.30 n_dir=48
[m3c] omegafold: dS=0.1349993236833343 null_mean=-0.0010 p=0.0204 z=5.80 n_dir=48
[m3c] wrote results/m3_specificity_summary.json; C3=SUPPORTED beta_arm=documented_negative_helix_axis_specificity
[null] consolidation rc=0 -> results/m3_specificity_summary.json
==================== NULL RE-DISPATCH DONE 2026-07-20T07:42:11Z ====================
