ESMFold ready, launching setup+sanity 2026-07-18T21:39:37Z
==================== SETUP+SANITY 2026-07-18T21:39:37Z ====================
--- M(-1) setup smoke (GPU3) ---
Loading model from /data1/share_model/evo2/evo2_7b/evo2_7b.pt...
Loading config from configs/evo2-7b-1m.yml...
/data/wanghaoxiong/miniconda3/envs/scientist/lib/python3.11/site-packages/evo2/models.py:207: UserWarning: Transformer Engine not installed. Falling back to bf16 projections (use_fp8_input_projections=False). 
  warnings.warn(
[07/19/26 05:39:41] INFO     StripedHyena - INFO - Initializing     model.py:645
                             StripedHyena with config:                          
                             {'model_name': 'shc-evo2-7b-8k-2T-v2',             
                             'vocab_size': 512, 'hidden_size':                  
                             4096, 'num_filters': 4096,                         
                             'hcl_layer_idxs': [2, 6, 9, 13, 16,                
                             20, 23, 27, 30], 'hcm_layer_idxs': [1,             
                             5, 8, 12, 15, 19, 22, 26, 29],                     
                             'hcs_layer_idxs': [0, 4, 7, 11, 14,                
                             18, 21, 25, 28], 'attn_layer_idxs':                
                             [3, 10, 17, 24, 31],                               
                             'hcm_filter_length': 128,                          
                             'hcl_filter_groups': 4096,                         
                             'hcm_filter_groups': 256,                          
                             'hcs_filter_groups': 256,                          
                             'hcs_filter_length': 7, 'num_layers':              
                             32, 'short_filter_length': 3,                      
                             'num_attention_heads': 32,                         
                             'short_filter_bias': False,                        
                             'mlp_init_method':                                 
                             'torch.nn.init.zeros_',                            
                             'mlp_output_init_method':                          
                             'torch.nn.init.zeros_', 'eps': 1e-06,              
                             'state_size': 16, 'rotary_emb_base':               
                             10000, 'rotary_emb_scaling_factor':                
                             128,                                               
                             'use_interpolated_rotary_pos_emb':                 
                             True, 'make_vocab_size_divisible_by':              
                             8, 'inner_size_multiple_of': 16,                   
                             'inner_mlp_size': 11264,                           
                             'log_intermediate_values': False,                  
                             'proj_groups': 1,                                  
                             'hyena_filter_groups': 1,                          
                             'column_split_hyena': False,                       
                             'column_split': True, 'interleave':                
                             True, 'evo2_style_activations': True,              
                             'model_parallel_size': 1,                          
                             'pipe_parallel_size': 1,                           
                             'tie_embeddings': True,                            
                             'mha_out_proj_bias': True,                         
                             'hyena_out_proj_bias': True,                       
                             'hyena_flip_x1x2': False,                          
                             'qkv_proj_bias': False,                            
                             'use_fp8_input_projections': False,                
                             'max_seqlen': 1048576,                             
                             'max_batch_size': 1, 'final_norm':                 
                             True, 'use_flash_attn': True,                      
                             'use_flash_rmsnorm': False,                        
                             'use_flash_depthwise': False,                      
                             'use_flashfft': False,                             
                             'use_laughing_hyena': False,                       
                             'inference_mode': True,                            
                             'tokenizer_type':                                  
                             'CharLevelTokenizer', 'prefill_style':             
                             'fft', 'mlp_activation': 'gelu',                   
                             'print_activations': False}                        
                    INFO     StripedHyena - INFO - Initializing 32  model.py:678
                             blocks...                                          
                    INFO     StripedHyena - INFO - Distributing     model.py:685
                             across 1 GPUs, approximately 32 layers             
                             per GPU                                            
  0%|          | 0/32 [00:00<?, ?it/s][07/19/26 05:39:42] INFO     StripedHyena - INFO - Assigned         model.py:703
                             layer_idx=0 to device='cuda:0'                     
                    INFO     StripedHyena - INFO - Parameter count  model.py:704
                             for block 0: 205571840                             
                    INFO     StripedHyena - INFO - Assigned         model.py:703
                             layer_idx=1 to device='cuda:0'                     
                    INFO     StripedHyena - INFO - Parameter count  model.py:704
                             for block 1: 205606912                             
                    INFO     StripedHyena - INFO - Assigned         model.py:703
                             layer_idx=2 to device='cuda:0'                     
                    INFO     StripedHyena - INFO - Parameter count  model.py:704
                             for block 2: 205705216                             
                    INFO     StripedHyena - INFO - Assigned         model.py:703
                             layer_idx=3 to device='cuda:0'                     
                    INFO     StripedHyena - INFO - Parameter count  model.py:704
                             for block 3: 205533184                             
                    INFO     StripedHyena - INFO - Assigned         model.py:703
                             layer_idx=4 to device='cuda:0'                     
                    INFO     StripedHyena - INFO - Parameter count  model.py:704
                             for block 4: 205571840                             
                    INFO     StripedHyena - INFO - Assigned         model.py:703
                             layer_idx=5 to device='cuda:0'                     
                    INFO     StripedHyena - INFO - Parameter count  model.py:704
                             for block 5: 205606912                             
 19%|█▉        | 6/32 [00:00<00:00, 57.59it/s]                    INFO     StripedHyena - INFO - Assigned         model.py:703
                             layer_idx=6 to device='cuda:0'                     
                    INFO     StripedHyena - INFO - Parameter count  model.py:704
                             for block 6: 205705216                             
                    INFO     StripedHyena - INFO - Assigned         model.py:703
                             layer_idx=7 to device='cuda:0'                     
                    INFO     StripedHyena - INFO - Parameter count  model.py:704
                             for block 7: 205571840                             
                    INFO     StripedHyena - INFO - Assigned         model.py:703
                             layer_idx=8 to device='cuda:0'                     
                    INFO     StripedHyena - INFO - Parameter count  model.py:704
                             for block 8: 205606912                             
                    INFO     StripedHyena - INFO - Assigned         model.py:703
                             layer_idx=9 to device='cuda:0'                     
                    INFO     StripedHyena - INFO - Parameter count  model.py:704
                             for block 9: 205705216                             
                    INFO     StripedHyena - INFO - Assigned         model.py:703
                             layer_idx=10 to device='cuda:0'                    
                    INFO     StripedHyena - INFO - Parameter count  model.py:704
                             for block 10: 205533184                            
                    INFO     StripedHyena - INFO - Assigned         model.py:703
                             layer_idx=11 to device='cuda:0'                    
                    INFO     StripedHyena - INFO - Parameter count  model.py:704
                             for block 11: 205571840                            
                    INFO     StripedHyena - INFO - Assigned         model.py:703
                             layer_idx=12 to device='cuda:0'                    
                    INFO     StripedHyena - INFO - Parameter count  model.py:704
                             for block 12: 205606912                            
                    INFO     StripedHyena - INFO - Assigned         model.py:703
                             layer_idx=13 to device='cuda:0'                    
                    INFO     StripedHyena - INFO - Parameter count  model.py:704
                             for block 13: 205705216                            
                    INFO     StripedHyena - INFO - Assigned         model.py:703
                             layer_idx=14 to device='cuda:0'                    
                    INFO     StripedHyena - INFO - Parameter count  model.py:704
                             for block 14: 205571840                            
                    INFO     StripedHyena - INFO - Assigned         model.py:703
                             layer_idx=15 to device='cuda:0'                    
                    INFO     StripedHyena - INFO - Parameter count  model.py:704
                             for block 15: 205606912                            
                    INFO     StripedHyena - INFO - Assigned         model.py:703
                             layer_idx=16 to device='cuda:0'                    
                    INFO     StripedHyena - INFO - Parameter count  model.py:704
                             for block 16: 205705216                            
                    INFO     StripedHyena - INFO - Assigned         model.py:703
                             layer_idx=17 to device='cuda:0'                    
                    INFO     StripedHyena - INFO - Parameter count  model.py:704
                             for block 17: 205533184                            
                    INFO     StripedHyena - INFO - Assigned         model.py:703
                             layer_idx=18 to device='cuda:0'                    
                    INFO     StripedHyena - INFO - Parameter count  model.py:704
                             for block 18: 205571840                            
                    INFO     StripedHyena - INFO - Assigned         model.py:703
                             layer_idx=19 to device='cuda:0'                    
                    INFO     StripedHyena - INFO - Parameter count  model.py:704
                             for block 19: 205606912                            
                    INFO     StripedHyena - INFO - Assigned         model.py:703
                             layer_idx=20 to device='cuda:0'                    
                    INFO     StripedHyena - INFO - Parameter count  model.py:704
                             for block 20: 205705216                            
                    INFO     StripedHyena - INFO - Assigned         model.py:703
                             layer_idx=21 to device='cuda:0'                    
                    INFO     StripedHyena - INFO - Parameter count  model.py:704
                             for block 21: 205571840                            
                    INFO     StripedHyena - INFO - Assigned         model.py:703
                             layer_idx=22 to device='cuda:0'                    
                    INFO     StripedHyena - INFO - Parameter count  model.py:704
                             for block 22: 205606912                            
                    INFO     StripedHyena - INFO - Assigned         model.py:703
                             layer_idx=23 to device='cuda:0'                    
                    INFO     StripedHyena - INFO - Parameter count  model.py:704
                             for block 23: 205705216                            
                    INFO     StripedHyena - INFO - Assigned         model.py:703
                             layer_idx=24 to device='cuda:0'                    
                    INFO     StripedHyena - INFO - Parameter count  model.py:704
                             for block 24: 205533184                            
                    INFO     StripedHyena - INFO - Assigned         model.py:703
                             layer_idx=25 to device='cuda:0'                    
                    INFO     StripedHyena - INFO - Parameter count  model.py:704
                             for block 25: 205571840                            
                    INFO     StripedHyena - INFO - Assigned         model.py:703
                             layer_idx=26 to device='cuda:0'                    
                    INFO     StripedHyena - INFO - Parameter count  model.py:704
                             for block 26: 205606912                            
                    INFO     StripedHyena - INFO - Assigned         model.py:703
                             layer_idx=27 to device='cuda:0'                    
                    INFO     StripedHyena - INFO - Parameter count  model.py:704
                             for block 27: 205705216                            
                    INFO     StripedHyena - INFO - Assigned         model.py:703
                             layer_idx=28 to device='cuda:0'                    
                    INFO     StripedHyena - INFO - Parameter count  model.py:704
                             for block 28: 205571840                            
 91%|█████████ | 29/32 [00:00<00:00, 157.02it/s]                    INFO     StripedHyena - INFO - Assigned         model.py:703
                             layer_idx=29 to device='cuda:0'                    
                    INFO     StripedHyena - INFO - Parameter count  model.py:704
                             for block 29: 205606912                            
                    INFO     StripedHyena - INFO - Assigned         model.py:703
                             layer_idx=30 to device='cuda:0'                    
                    INFO     StripedHyena - INFO - Parameter count  model.py:704
                             for block 30: 205705216                            
                    INFO     StripedHyena - INFO - Assigned         model.py:703
                             layer_idx=31 to device='cuda:0'                    
                    INFO     StripedHyena - INFO - Parameter count  model.py:704
                             for block 31: 205533184                            
100%|██████████| 32/32 [00:00<00:00, 146.54it/s]
                    INFO     StripedHyena - INFO - Initialized      model.py:723
                             model                                              
                    INFO     vortex.model.utils - INFO - Loading     utils.py:92
                             /data1/share_model/evo2/evo2_7b/evo2_7b            
                             .pt                                                
Extra keys in state_dict: {'blocks.6.mixer.mixer.filter.t', 'blocks.21.projections._extra_state', 'blocks.30.mixer.mixer.filter.t', 'blocks.5.projections._extra_state', 'blocks.2.mixer.mixer.filter.t', 'blocks.3.mixer.attn._extra_state', 'blocks.20.mixer.mixer.filter.t', 'blocks.27.projections._extra_state', 'blocks.10.mixer.attn._extra_state', 'blocks.17.mixer.attn._extra_state', 'blocks.20.projections._extra_state', 'blocks.27.mixer.mixer.filter.t', 'blocks.15.projections._extra_state', 'blocks.16.mixer.mixer.filter.t', 'blocks.31.mixer.attn._extra_state', 'blocks.23.projections._extra_state', 'blocks.0.projections._extra_state', 'blocks.7.projections._extra_state', 'blocks.28.projections._extra_state', 'blocks.10.mixer.dense._extra_state', 'blocks.24.mixer.dense._extra_state', 'blocks.18.projections._extra_state', 'blocks.8.projections._extra_state', 'blocks.30.projections._extra_state', 'blocks.6.projections._extra_state', 'blocks.22.projections._extra_state', 'blocks.11.projections._extra_state', 'blocks.26.projections._extra_state', 'blocks.25.projections._extra_state', 'blocks.1.projections._extra_state', 'blocks.17.mixer.dense._extra_state', 'blocks.12.projections._extra_state', 'blocks.4.projections._extra_state', 'blocks.29.projections._extra_state', 'blocks.9.projections._extra_state', 'blocks.14.projections._extra_state', 'unembed.weight', 'blocks.23.mixer.mixer.filter.t', 'blocks.16.projections._extra_state', 'blocks.3.mixer.dense._extra_state', 'blocks.2.projections._extra_state', 'blocks.31.mixer.dense._extra_state', 'blocks.13.mixer.mixer.filter.t', 'blocks.9.mixer.mixer.filter.t', 'blocks.19.projections._extra_state', 'blocks.13.projections._extra_state', 'blocks.24.mixer.attn._extra_state'}
[07/19/26 05:39:44] INFO     StripedHyena - INFO - Adjusting Wqkv  model.py:1008
                             for column split (permuting rows)                  
[PASS] evo2_load: loaded Evo2-7B in 3.7s
[PASS] resolve_sae_layer: candidates yielding hidden=4096: [('blocks.26.mlp.l3', (1, 128, 4096)), ('blocks.26', (1, 128, 4096)), ('blocks.26.pre_norm', (1, 128, 4096)), ('blocks.26.post_norm', (1, 128, 4096))]
[PASS] evo2_forward_512nt: residual shape (512, 4096), logits (1, 512, 512)
  site blocks.26.mlp.l3: explained_var=-0.103 cos=0.362 L0=63.2
  site blocks.26: explained_var=-1.356 cos=0.853 L0=64.0
  site blocks.26.pre_norm: explained_var=0.121 cos=0.743 L0=64.0
  site blocks.26.post_norm: explained_var=0.250 cos=0.636 L0=63.5
[PASS] sae_site_chosen: best site 'blocks.26.post_norm' explained_var=0.250
[PASS] sae_roundtrip: explained_var=0.250 (vs shuffled -0.232) cosine=0.636 L0=63.5 (expect~64) dict=32768
[PASS] sae_beats_shuffled: real explained_var=0.250 vs shuffled-input -0.232
[PASS] dssp_mkdssp: mkdssp /data/wanghaoxiong/miniconda3/envs/scientist/bin/mkdssp; 46 residues; SS='-EE-SSHHHHHHHHHHHTTT--HHHHHHHHS-EE-SSS--...'; helix_frac=0.48
Some weights of EsmForProteinFolding were not initialized from the model checkpoint at facebook/esmfold_v1 and are newly initialized: ['esm.contact_head.regression.bias', 'esm.contact_head.regression.weight']
You should probably TRAIN this model on a down-stream task to be able to use it for predictions and inference.
[PASS] esmfold: folded 46aa in 27.8s -> mean_plddt=50.4, n_resolved=45, helix_hgi=0.16, helix_hgi_w(pLDDT-weighted)=0.17, sheet=0.00
/data/wanghaoxiong/intergene_mechanist_v6/third_party/OmegaFold/omegafold/utils/protein_utils/residue_constants.py:482: UserWarning: Using torch.cross without specifying the dim arg is deprecated.
Please either pass the dim explicitly or simply use torch.linalg.cross.
The default value of dim will change to agree with that of linalg.cross in a future release. (Triggered internally at /pytorch/aten/src/ATen/native/Cross.cpp:62.)
  eznorm = torch.cross(ex_normalized, ey_normalized)
[PASS] omegafold: folded 46aa in 13.6s -> mean_plddt=38.4, n_resolved=46, helix_hgi=0.00, helix_hgi_w(pLDDT-weighted)=0.00, sheet=0.00
[PASS] frozen_S_loads: S=19 helix (+19 s_f), 5 beta, 19 matched-control; round-1 verdict=established; set-AUROC(prok|HGI|s200)=0.8915743209330207
wrote /data/wanghaoxiong/intergene_mechanist_v6/results/setup_report.json overall_pass= True
setup rc=124
--- sanity M1 (tiny): sigma_proj + dual-predictor baseline (GPU4) ---
Loading model from /data1/share_model/evo2/evo2_7b/evo2_7b.pt...
Loading config from configs/evo2-7b-1m.yml...
/data/wanghaoxiong/miniconda3/envs/scientist/lib/python3.11/site-packages/evo2/models.py:207: UserWarning: Transformer Engine not installed. Falling back to bf16 projections (use_fp8_input_projections=False). 
  warnings.warn(
[07/19/26 05:54:40] INFO     StripedHyena - INFO - Initializing     model.py:645
                             StripedHyena with config:                          
                             {'model_name': 'shc-evo2-7b-8k-2T-v2',             
                             'vocab_size': 512, 'hidden_size':                  
                             4096, 'num_filters': 4096,                         
                             'hcl_layer_idxs': [2, 6, 9, 13, 16,                
                             20, 23, 27, 30], 'hcm_layer_idxs': [1,             
                             5, 8, 12, 15, 19, 22, 26, 29],                     
                             'hcs_layer_idxs': [0, 4, 7, 11, 14,                
                             18, 21, 25, 28], 'attn_layer_idxs':                
                             [3, 10, 17, 24, 31],                               
                             'hcm_filter_length': 128,                          
                             'hcl_filter_groups': 4096,                         
                             'hcm_filter_groups': 256,                          
                             'hcs_filter_groups': 256,                          
                             'hcs_filter_length': 7, 'num_layers':              
                             32, 'short_filter_length': 3,                      
                             'num_attention_heads': 32,                         
                             'short_filter_bias': False,                        
                             'mlp_init_method':                                 
                             'torch.nn.init.zeros_',                            
                             'mlp_output_init_method':                          
                             'torch.nn.init.zeros_', 'eps': 1e-06,              
                             'state_size': 16, 'rotary_emb_base':               
                             10000, 'rotary_emb_scaling_factor':                
                             128,                                               
                             'use_interpolated_rotary_pos_emb':                 
                             True, 'make_vocab_size_divisible_by':              
                             8, 'inner_size_multiple_of': 16,                   
                             'inner_mlp_size': 11264,                           
                             'log_intermediate_values': False,                  
                             'proj_groups': 1,                                  
                             'hyena_filter_groups': 1,                          
                             'column_split_hyena': False,                       
                             'column_split': True, 'interleave':                
                             True, 'evo2_style_activations': True,              
                             'model_parallel_size': 1,                          
                             'pipe_parallel_size': 1,                           
                             'tie_embeddings': True,                            
                             'mha_out_proj_bias': True,                         
                             'hyena_out_proj_bias': True,                       
                             'hyena_flip_x1x2': False,                          
                             'qkv_proj_bias': False,                            
                             'use_fp8_input_projections': False,                
                             'max_seqlen': 1048576,                             
                             'max_batch_size': 1, 'final_norm':                 
                             True, 'use_flash_attn': True,                      
                             'use_flash_rmsnorm': False,                        
                             'use_flash_depthwise': False,                      
                             'use_flashfft': False,                             
                             'use_laughing_hyena': False,                       
                             'inference_mode': True,                            
                             'tokenizer_type':                                  
                             'CharLevelTokenizer', 'prefill_style':             
                             'fft', 'mlp_activation': 'gelu',                   
                             'print_activations': False}                        
                    INFO     StripedHyena - INFO - Initializing 32  model.py:678
                             blocks...                                          
                    INFO     StripedHyena - INFO - Distributing     model.py:685
                             across 1 GPUs, approximately 32 layers             
                             per GPU                                            
  0%|          | 0/32 [00:00<?, ?it/s][07/19/26 05:54:41] INFO     StripedHyena - INFO - Assigned         model.py:703
                             layer_idx=0 to device='cuda:0'                     
                    INFO     StripedHyena - INFO - Parameter count  model.py:704
                             for block 0: 205571840                             
                    INFO     StripedHyena - INFO - Assigned         model.py:703
                             layer_idx=1 to device='cuda:0'                     
                    INFO     StripedHyena - INFO - Parameter count  model.py:704
                             for block 1: 205606912                             
                    INFO     StripedHyena - INFO - Assigned         model.py:703
                             layer_idx=2 to device='cuda:0'                     
                    INFO     StripedHyena - INFO - Parameter count  model.py:704
                             for block 2: 205705216                             
                    INFO     StripedHyena - INFO - Assigned         model.py:703
                             layer_idx=3 to device='cuda:0'                     
                    INFO     StripedHyena - INFO - Parameter count  model.py:704
                             for block 3: 205533184                             
 12%|█▎        | 4/32 [00:00<00:00, 38.77it/s]                    INFO     StripedHyena - INFO - Assigned         model.py:703
                             layer_idx=4 to device='cuda:0'                     
                    INFO     StripedHyena - INFO - Parameter count  model.py:704
                             for block 4: 205571840                             
                    INFO     StripedHyena - INFO - Assigned         model.py:703
                             layer_idx=5 to device='cuda:0'                     
                    INFO     StripedHyena - INFO - Parameter count  model.py:704
                             for block 5: 205606912                             
                    INFO     StripedHyena - INFO - Assigned         model.py:703
                             layer_idx=6 to device='cuda:0'                     
                    INFO     StripedHyena - INFO - Parameter count  model.py:704
                             for block 6: 205705216                             
                    INFO     StripedHyena - INFO - Assigned         model.py:703
                             layer_idx=7 to device='cuda:0'                     
                    INFO     StripedHyena - INFO - Parameter count  model.py:704
                             for block 7: 205571840                             
                    INFO     StripedHyena - INFO - Assigned         model.py:703
                             layer_idx=8 to device='cuda:0'                     
                    INFO     StripedHyena - INFO - Parameter count  model.py:704
                             for block 8: 205606912                             
                    INFO     StripedHyena - INFO - Assigned         model.py:703
                             layer_idx=9 to device='cuda:0'                     
                    INFO     StripedHyena - INFO - Parameter count  model.py:704
                             for block 9: 205705216                             
                    INFO     StripedHyena - INFO - Assigned         model.py:703
                             layer_idx=10 to device='cuda:0'                    
                    INFO     StripedHyena - INFO - Parameter count  model.py:704
                             for block 10: 205533184                            
                    INFO     StripedHyena - INFO - Assigned         model.py:703
                             layer_idx=11 to device='cuda:0'                    
                    INFO     StripedHyena - INFO - Parameter count  model.py:704
                             for block 11: 205571840                            
                    INFO     StripedHyena - INFO - Assigned         model.py:703
                             layer_idx=12 to device='cuda:0'                    
                    INFO     StripedHyena - INFO - Parameter count  model.py:704
                             for block 12: 205606912                            
                    INFO     StripedHyena - INFO - Assigned         model.py:703
                             layer_idx=13 to device='cuda:0'                    
                    INFO     StripedHyena - INFO - Parameter count  model.py:704
                             for block 13: 205705216                            
                    INFO     StripedHyena - INFO - Assigned         model.py:703
                             layer_idx=14 to device='cuda:0'                    
                    INFO     StripedHyena - INFO - Parameter count  model.py:704
                             for block 14: 205571840                            
                    INFO     StripedHyena - INFO - Assigned         model.py:703
                             layer_idx=15 to device='cuda:0'                    
                    INFO     StripedHyena - INFO - Parameter count  model.py:704
                             for block 15: 205606912                            
                    INFO     StripedHyena - INFO - Assigned         model.py:703
                             layer_idx=16 to device='cuda:0'                    
                    INFO     StripedHyena - INFO - Parameter count  model.py:704
                             for block 16: 205705216                            
                    INFO     StripedHyena - INFO - Assigned         model.py:703
                             layer_idx=17 to device='cuda:0'                    
                    INFO     StripedHyena - INFO - Parameter count  model.py:704
                             for block 17: 205533184                            
                    INFO     StripedHyena - INFO - Assigned         model.py:703
                             layer_idx=18 to device='cuda:0'                    
                    INFO     StripedHyena - INFO - Parameter count  model.py:704
                             for block 18: 205571840                            
                    INFO     StripedHyena - INFO - Assigned         model.py:703
                             layer_idx=19 to device='cuda:0'                    
                    INFO     StripedHyena - INFO - Parameter count  model.py:704
                             for block 19: 205606912                            
                    INFO     StripedHyena - INFO - Assigned         model.py:703
                             layer_idx=20 to device='cuda:0'                    
                    INFO     StripedHyena - INFO - Parameter count  model.py:704
                             for block 20: 205705216                            
                    INFO     StripedHyena - INFO - Assigned         model.py:703
                             layer_idx=21 to device='cuda:0'                    
                    INFO     StripedHyena - INFO - Parameter count  model.py:704
                             for block 21: 205571840                            
                    INFO     StripedHyena - INFO - Assigned         model.py:703
                             layer_idx=22 to device='cuda:0'                    
                    INFO     StripedHyena - INFO - Parameter count  model.py:704
                             for block 22: 205606912                            
                    INFO     StripedHyena - INFO - Assigned         model.py:703
                             layer_idx=23 to device='cuda:0'                    
                    INFO     StripedHyena - INFO - Parameter count  model.py:704
                             for block 23: 205705216                            
                    INFO     StripedHyena - INFO - Assigned         model.py:703
                             layer_idx=24 to device='cuda:0'                    
                    INFO     StripedHyena - INFO - Parameter count  model.py:704
                             for block 24: 205533184                            
                    INFO     StripedHyena - INFO - Assigned         model.py:703
                             layer_idx=25 to device='cuda:0'                    
                    INFO     StripedHyena - INFO - Parameter count  model.py:704
                             for block 25: 205571840                            
                    INFO     StripedHyena - INFO - Assigned         model.py:703
                             layer_idx=26 to device='cuda:0'                    
                    INFO     StripedHyena - INFO - Parameter count  model.py:704
                             for block 26: 205606912                            
 84%|████████▍ | 27/32 [00:00<00:00, 149.40it/s]                    INFO     StripedHyena - INFO - Assigned         model.py:703
                             layer_idx=27 to device='cuda:0'                    
                    INFO     StripedHyena - INFO - Parameter count  model.py:704
                             for block 27: 205705216                            
                    INFO     StripedHyena - INFO - Assigned         model.py:703
                             layer_idx=28 to device='cuda:0'                    
                    INFO     StripedHyena - INFO - Parameter count  model.py:704
                             for block 28: 205571840                            
                    INFO     StripedHyena - INFO - Assigned         model.py:703
                             layer_idx=29 to device='cuda:0'                    
                    INFO     StripedHyena - INFO - Parameter count  model.py:704
                             for block 29: 205606912                            
                    INFO     StripedHyena - INFO - Assigned         model.py:703
                             layer_idx=30 to device='cuda:0'                    
                    INFO     StripedHyena - INFO - Parameter count  model.py:704
                             for block 30: 205705216                            
                    INFO     StripedHyena - INFO - Assigned         model.py:703
                             layer_idx=31 to device='cuda:0'                    
                    INFO     StripedHyena - INFO - Parameter count  model.py:704
                             for block 31: 205533184                            
100%|██████████| 32/32 [00:00<00:00, 141.71it/s]
                    INFO     StripedHyena - INFO - Initialized      model.py:723
                             model                                              
                    INFO     vortex.model.utils - INFO - Loading     utils.py:92
                             /data1/share_model/evo2/evo2_7b/evo2_7b            
                             .pt                                                
Extra keys in state_dict: {'blocks.2.projections._extra_state', 'blocks.3.mixer.attn._extra_state', 'blocks.1.projections._extra_state', 'blocks.9.mixer.mixer.filter.t', 'blocks.20.projections._extra_state', 'blocks.27.projections._extra_state', 'blocks.11.projections._extra_state', 'blocks.4.projections._extra_state', 'blocks.30.mixer.mixer.filter.t', 'blocks.21.projections._extra_state', 'blocks.31.mixer.dense._extra_state', 'blocks.25.projections._extra_state', 'blocks.12.projections._extra_state', 'blocks.20.mixer.mixer.filter.t', 'blocks.6.projections._extra_state', 'blocks.16.mixer.mixer.filter.t', 'blocks.3.mixer.dense._extra_state', 'blocks.16.projections._extra_state', 'blocks.2.mixer.mixer.filter.t', 'blocks.7.projections._extra_state', 'blocks.9.projections._extra_state', 'blocks.14.projections._extra_state', 'blocks.29.projections._extra_state', 'blocks.31.mixer.attn._extra_state', 'blocks.8.projections._extra_state', 'blocks.6.mixer.mixer.filter.t', 'blocks.13.projections._extra_state', 'blocks.15.projections._extra_state', 'blocks.23.mixer.mixer.filter.t', 'blocks.28.projections._extra_state', 'blocks.23.projections._extra_state', 'blocks.0.projections._extra_state', 'blocks.17.mixer.dense._extra_state', 'blocks.24.mixer.attn._extra_state', 'blocks.10.mixer.attn._extra_state', 'blocks.27.mixer.mixer.filter.t', 'blocks.5.projections._extra_state', 'blocks.10.mixer.dense._extra_state', 'blocks.13.mixer.mixer.filter.t', 'blocks.24.mixer.dense._extra_state', 'blocks.22.projections._extra_state', 'blocks.30.projections._extra_state', 'blocks.19.projections._extra_state', 'blocks.17.mixer.attn._extra_state', 'blocks.18.projections._extra_state', 'blocks.26.projections._extra_state', 'unembed.weight'}
[07/19/26 05:54:44] INFO     StripedHyena - INFO - Adjusting Wqkv  model.py:1008
                             for column split (permuting rows)                  
[m1] sigma_proj=0.3633 ||base_dir||=1.1019 c(raw a=8)=24.265 c(raw a=16)=48.530
Initializing inference params with max_seqlen=345
/data/wanghaoxiong/miniconda3/envs/scientist/lib/python3.11/site-packages/vortex/model/engine.py:616: UserWarning: Casting complex values to real discards the imaginary part (Triggered internally at /pytorch/aten/src/ATen/native/Copy.cpp:307.)
  inference_params.state_dict[layer_idx] = state[..., L - 1].to(dtype=state_dtype)
Initializing inference params with max_seqlen=345
Initializing inference params with max_seqlen=345
Initializing inference params with max_seqlen=345
Initializing inference params with max_seqlen=345
Initializing inference params with max_seqlen=345
Initializing inference params with max_seqlen=345
Initializing inference params with max_seqlen=345
Initializing inference params with max_seqlen=345
Initializing inference params with max_seqlen=345
Initializing inference params with max_seqlen=345
Initializing inference params with max_seqlen=345
Some weights of EsmForProteinFolding were not initialized from the model checkpoint at facebook/esmfold_v1 and are newly initialized: ['esm.contact_head.regression.bias', 'esm.contact_head.regression.weight']
You should probably TRAIN this model on a down-stream task to be able to use it for predictions and inference.
[m1] baseline[esmfold] helix_w=0.419655081037315 helix_gated60=None valid_orf=0.92 folded=11 plddt=66.07711450620131
/data/wanghaoxiong/intergene_mechanist_v6/third_party/OmegaFold/omegafold/utils/protein_utils/residue_constants.py:482: UserWarning: Using torch.cross without specifying the dim arg is deprecated.
Please either pass the dim explicitly or simply use torch.linalg.cross.
The default value of dim will change to agree with that of linalg.cross in a future release. (Triggered internally at /pytorch/aten/src/ATen/native/Cross.cpp:62.)
  eznorm = torch.cross(ex_normalized, ey_normalized)
[m1] baseline[omegafold] helix_w=0.43098384134458584 helix_gated60=0.49686614336548407 valid_orf=0.92 folded=11 plddt=68.22787821292877
[m1] pos_ctrl[esmfold] rich=0.7015974982651229 poor=0.131407744556083
[m1] pos_ctrl[omegafold] rich=0.7388439991014875 poor=0.1325195402247781
[m1] wrote results/_sanity_calib.json; sigma_proj=0.363 n_per_dose_target=300 (1527s)
sanity-M1 rc=0
--- sanity steering: frozen S, c=2, n=8, both predictors (GPU4) ---
Loading model from /data1/share_model/evo2/evo2_7b/evo2_7b.pt...
Loading config from configs/evo2-7b-1m.yml...
/data/wanghaoxiong/miniconda3/envs/scientist/lib/python3.11/site-packages/evo2/models.py:207: UserWarning: Transformer Engine not installed. Falling back to bf16 projections (use_fp8_input_projections=False). 
  warnings.warn(
[07/19/26 06:20:09] INFO     StripedHyena - INFO - Initializing     model.py:645
                             StripedHyena with config:                          
                             {'model_name': 'shc-evo2-7b-8k-2T-v2',             
                             'vocab_size': 512, 'hidden_size':                  
                             4096, 'num_filters': 4096,                         
                             'hcl_layer_idxs': [2, 6, 9, 13, 16,                
                             20, 23, 27, 30], 'hcm_layer_idxs': [1,             
                             5, 8, 12, 15, 19, 22, 26, 29],                     
                             'hcs_layer_idxs': [0, 4, 7, 11, 14,                
                             18, 21, 25, 28], 'attn_layer_idxs':                
                             [3, 10, 17, 24, 31],                               
                             'hcm_filter_length': 128,                          
                             'hcl_filter_groups': 4096,                         
                             'hcm_filter_groups': 256,                          
                             'hcs_filter_groups': 256,                          
                             'hcs_filter_length': 7, 'num_layers':              
                             32, 'short_filter_length': 3,                      
                             'num_attention_heads': 32,                         
                             'short_filter_bias': False,                        
                             'mlp_init_method':                                 
                             'torch.nn.init.zeros_',                            
                             'mlp_output_init_method':                          
                             'torch.nn.init.zeros_', 'eps': 1e-06,              
                             'state_size': 16, 'rotary_emb_base':               
                             10000, 'rotary_emb_scaling_factor':                
                             128,                                               
                             'use_interpolated_rotary_pos_emb':                 
                             True, 'make_vocab_size_divisible_by':              
                             8, 'inner_size_multiple_of': 16,                   
                             'inner_mlp_size': 11264,                           
                             'log_intermediate_values': False,                  
                             'proj_groups': 1,                                  
                             'hyena_filter_groups': 1,                          
                             'column_split_hyena': False,                       
                             'column_split': True, 'interleave':                
                             True, 'evo2_style_activations': True,              
                             'model_parallel_size': 1,                          
                             'pipe_parallel_size': 1,                           
                             'tie_embeddings': True,                            
                             'mha_out_proj_bias': True,                         
                             'hyena_out_proj_bias': True,                       
                             'hyena_flip_x1x2': False,                          
                             'qkv_proj_bias': False,                            
                             'use_fp8_input_projections': False,                
                             'max_seqlen': 1048576,                             
                             'max_batch_size': 1, 'final_norm':                 
                             True, 'use_flash_attn': True,                      
                             'use_flash_rmsnorm': False,                        
                             'use_flash_depthwise': False,                      
                             'use_flashfft': False,                             
                             'use_laughing_hyena': False,                       
                             'inference_mode': True,                            
                             'tokenizer_type':                                  
                             'CharLevelTokenizer', 'prefill_style':             
                             'fft', 'mlp_activation': 'gelu',                   
                             'print_activations': False}                        
[07/19/26 06:20:10] INFO     StripedHyena - INFO - Initializing 32  model.py:678
                             blocks...                                          
                    INFO     StripedHyena - INFO - Distributing     model.py:685
                             across 1 GPUs, approximately 32 layers             
                             per GPU                                            
  0%|          | 0/32 [00:00<?, ?it/s]                    INFO     StripedHyena - INFO - Assigned         model.py:703
                             layer_idx=0 to device='cuda:0'                     
                    INFO     StripedHyena - INFO - Parameter count  model.py:704
                             for block 0: 205571840                             
                    INFO     StripedHyena - INFO - Assigned         model.py:703
                             layer_idx=1 to device='cuda:0'                     
                    INFO     StripedHyena - INFO - Parameter count  model.py:704
                             for block 1: 205606912                             
                    INFO     StripedHyena - INFO - Assigned         model.py:703
                             layer_idx=2 to device='cuda:0'                     
                    INFO     StripedHyena - INFO - Parameter count  model.py:704
                             for block 2: 205705216                             
                    INFO     StripedHyena - INFO - Assigned         model.py:703
                             layer_idx=3 to device='cuda:0'                     
                    INFO     StripedHyena - INFO - Parameter count  model.py:704
                             for block 3: 205533184                             
                    INFO     StripedHyena - INFO - Assigned         model.py:703
                             layer_idx=4 to device='cuda:0'                     
                    INFO     StripedHyena - INFO - Parameter count  model.py:704
                             for block 4: 205571840                             
                    INFO     StripedHyena - INFO - Assigned         model.py:703
                             layer_idx=5 to device='cuda:0'                     
                    INFO     StripedHyena - INFO - Parameter count  model.py:704
                             for block 5: 205606912                             
 19%|█▉        | 6/32 [00:00<00:00, 58.58it/s]                    INFO     StripedHyena - INFO - Assigned         model.py:703
                             layer_idx=6 to device='cuda:0'                     
                    INFO     StripedHyena - INFO - Parameter count  model.py:704
                             for block 6: 205705216                             
                    INFO     StripedHyena - INFO - Assigned         model.py:703
                             layer_idx=7 to device='cuda:0'                     
                    INFO     StripedHyena - INFO - Parameter count  model.py:704
                             for block 7: 205571840                             
                    INFO     StripedHyena - INFO - Assigned         model.py:703
                             layer_idx=8 to device='cuda:0'                     
                    INFO     StripedHyena - INFO - Parameter count  model.py:704
                             for block 8: 205606912                             
                    INFO     StripedHyena - INFO - Assigned         model.py:703
                             layer_idx=9 to device='cuda:0'                     
                    INFO     StripedHyena - INFO - Parameter count  model.py:704
                             for block 9: 205705216                             
                    INFO     StripedHyena - INFO - Assigned         model.py:703
                             layer_idx=10 to device='cuda:0'                    
                    INFO     StripedHyena - INFO - Parameter count  model.py:704
                             for block 10: 205533184                            
                    INFO     StripedHyena - INFO - Assigned         model.py:703
                             layer_idx=11 to device='cuda:0'                    
                    INFO     StripedHyena - INFO - Parameter count  model.py:704
                             for block 11: 205571840                            
                    INFO     StripedHyena - INFO - Assigned         model.py:703
                             layer_idx=12 to device='cuda:0'                    
                    INFO     StripedHyena - INFO - Parameter count  model.py:704
                             for block 12: 205606912                            
                    INFO     StripedHyena - INFO - Assigned         model.py:703
                             layer_idx=13 to device='cuda:0'                    
                    INFO     StripedHyena - INFO - Parameter count  model.py:704
                             for block 13: 205705216                            
                    INFO     StripedHyena - INFO - Assigned         model.py:703
                             layer_idx=14 to device='cuda:0'                    
                    INFO     StripedHyena - INFO - Parameter count  model.py:704
                             for block 14: 205571840                            
                    INFO     StripedHyena - INFO - Assigned         model.py:703
                             layer_idx=15 to device='cuda:0'                    
                    INFO     StripedHyena - INFO - Parameter count  model.py:704
                             for block 15: 205606912                            
                    INFO     StripedHyena - INFO - Assigned         model.py:703
                             layer_idx=16 to device='cuda:0'                    
                    INFO     StripedHyena - INFO - Parameter count  model.py:704
                             for block 16: 205705216                            
                    INFO     StripedHyena - INFO - Assigned         model.py:703
                             layer_idx=17 to device='cuda:0'                    
                    INFO     StripedHyena - INFO - Parameter count  model.py:704
                             for block 17: 205533184                            
                    INFO     StripedHyena - INFO - Assigned         model.py:703
                             layer_idx=18 to device='cuda:0'                    
                    INFO     StripedHyena - INFO - Parameter count  model.py:704
                             for block 18: 205571840                            
                    INFO     StripedHyena - INFO - Assigned         model.py:703
                             layer_idx=19 to device='cuda:0'                    
                    INFO     StripedHyena - INFO - Parameter count  model.py:704
                             for block 19: 205606912                            
                    INFO     StripedHyena - INFO - Assigned         model.py:703
                             layer_idx=20 to device='cuda:0'                    
                    INFO     StripedHyena - INFO - Parameter count  model.py:704
                             for block 20: 205705216                            
                    INFO     StripedHyena - INFO - Assigned         model.py:703
                             layer_idx=21 to device='cuda:0'                    
                    INFO     StripedHyena - INFO - Parameter count  model.py:704
                             for block 21: 205571840                            
                    INFO     StripedHyena - INFO - Assigned         model.py:703
                             layer_idx=22 to device='cuda:0'                    
                    INFO     StripedHyena - INFO - Parameter count  model.py:704
                             for block 22: 205606912                            
                    INFO     StripedHyena - INFO - Assigned         model.py:703
                             layer_idx=23 to device='cuda:0'                    
                    INFO     StripedHyena - INFO - Parameter count  model.py:704
                             for block 23: 205705216                            
                    INFO     StripedHyena - INFO - Assigned         model.py:703
                             layer_idx=24 to device='cuda:0'                    
                    INFO     StripedHyena - INFO - Parameter count  model.py:704
                             for block 24: 205533184                            
                    INFO     StripedHyena - INFO - Assigned         model.py:703
                             layer_idx=25 to device='cuda:0'                    
                    INFO     StripedHyena - INFO - Parameter count  model.py:704
                             for block 25: 205571840                            
                    INFO     StripedHyena - INFO - Assigned         model.py:703
                             layer_idx=26 to device='cuda:0'                    
                    INFO     StripedHyena - INFO - Parameter count  model.py:704
                             for block 26: 205606912                            
                    INFO     StripedHyena - INFO - Assigned         model.py:703
                             layer_idx=27 to device='cuda:0'                    
                    INFO     StripedHyena - INFO - Parameter count  model.py:704
                             for block 27: 205705216                            
                    INFO     StripedHyena - INFO - Assigned         model.py:703
                             layer_idx=28 to device='cuda:0'                    
                    INFO     StripedHyena - INFO - Parameter count  model.py:704
                             for block 28: 205571840                            
 91%|█████████ | 29/32 [00:00<00:00, 157.70it/s]                    INFO     StripedHyena - INFO - Assigned         model.py:703
                             layer_idx=29 to device='cuda:0'                    
                    INFO     StripedHyena - INFO - Parameter count  model.py:704
                             for block 29: 205606912                            
                    INFO     StripedHyena - INFO - Assigned         model.py:703
                             layer_idx=30 to device='cuda:0'                    
                    INFO     StripedHyena - INFO - Parameter count  model.py:704
                             for block 30: 205705216                            
                    INFO     StripedHyena - INFO - Assigned         model.py:703
                             layer_idx=31 to device='cuda:0'                    
                    INFO     StripedHyena - INFO - Parameter count  model.py:704
                             for block 31: 205533184                            
100%|██████████| 32/32 [00:00<00:00, 147.49it/s]
                    INFO     StripedHyena - INFO - Initialized      model.py:723
                             model                                              
                    INFO     vortex.model.utils - INFO - Loading     utils.py:92
                             /data1/share_model/evo2/evo2_7b/evo2_7b            
                             .pt                                                
Extra keys in state_dict: {'blocks.31.mixer.dense._extra_state', 'blocks.17.mixer.attn._extra_state', 'blocks.18.projections._extra_state', 'blocks.2.mixer.mixer.filter.t', 'unembed.weight', 'blocks.12.projections._extra_state', 'blocks.20.mixer.mixer.filter.t', 'blocks.19.projections._extra_state', 'blocks.26.projections._extra_state', 'blocks.14.projections._extra_state', 'blocks.31.mixer.attn._extra_state', 'blocks.4.projections._extra_state', 'blocks.11.projections._extra_state', 'blocks.5.projections._extra_state', 'blocks.10.mixer.dense._extra_state', 'blocks.28.projections._extra_state', 'blocks.6.projections._extra_state', 'blocks.15.projections._extra_state', 'blocks.22.projections._extra_state', 'blocks.27.mixer.mixer.filter.t', 'blocks.23.mixer.mixer.filter.t', 'blocks.3.mixer.attn._extra_state', 'blocks.2.projections._extra_state', 'blocks.16.projections._extra_state', 'blocks.20.projections._extra_state', 'blocks.16.mixer.mixer.filter.t', 'blocks.24.mixer.dense._extra_state', 'blocks.30.mixer.mixer.filter.t', 'blocks.30.projections._extra_state', 'blocks.23.projections._extra_state', 'blocks.9.projections._extra_state', 'blocks.13.mixer.mixer.filter.t', 'blocks.0.projections._extra_state', 'blocks.17.mixer.dense._extra_state', 'blocks.7.projections._extra_state', 'blocks.1.projections._extra_state', 'blocks.13.projections._extra_state', 'blocks.27.projections._extra_state', 'blocks.21.projections._extra_state', 'blocks.29.projections._extra_state', 'blocks.9.mixer.mixer.filter.t', 'blocks.6.mixer.mixer.filter.t', 'blocks.8.projections._extra_state', 'blocks.10.mixer.attn._extra_state', 'blocks.25.projections._extra_state', 'blocks.3.mixer.dense._extra_state', 'blocks.24.mixer.attn._extra_state'}
[07/19/26 06:20:13] INFO     StripedHyena - INFO - Adjusting Wqkv  model.py:1008
                             for column split (permuting rows)                  
[m_steer] kind=alpha_helix_S c=2.0 seed=42 n=8 |feats|=19 sigma_proj=0.3633
Initializing inference params with max_seqlen=345
/data/wanghaoxiong/miniconda3/envs/scientist/lib/python3.11/site-packages/vortex/model/engine.py:616: UserWarning: Casting complex values to real discards the imaginary part (Triggered internally at /pytorch/aten/src/ATen/native/Copy.cpp:307.)
  inference_params.state_dict[layer_idx] = state[..., L - 1].to(dtype=state_dtype)
Initializing inference params with max_seqlen=345
Initializing inference params with max_seqlen=345
Initializing inference params with max_seqlen=345
Initializing inference params with max_seqlen=345
Initializing inference params with max_seqlen=345
Initializing inference params with max_seqlen=345
Initializing inference params with max_seqlen=345
[m_steer] generated valid_orf=5/8 impact=0.05421955743804574 (76s)
Some weights of EsmForProteinFolding were not initialized from the model checkpoint at facebook/esmfold_v1 and are newly initialized: ['esm.contact_head.regression.bias', 'esm.contact_head.regression.weight']
You should probably TRAIN this model on a down-stream task to be able to use it for predictions and inference.
[m_steer] esmfold helix_w=0.46245324161208556 sheet_w=0.1078253884251605 valid_orf=0.62 folded=5 plddt=61.578744649887085 (122s)
/data/wanghaoxiong/intergene_mechanist_v6/third_party/OmegaFold/omegafold/utils/protein_utils/residue_constants.py:482: UserWarning: Using torch.cross without specifying the dim arg is deprecated.
Please either pass the dim explicitly or simply use torch.linalg.cross.
The default value of dim will change to agree with that of linalg.cross in a future release. (Triggered internally at /pytorch/aten/src/ATen/native/Cross.cpp:62.)
  eznorm = torch.cross(ex_normalized, ey_normalized)
[m_steer] omegafold helix_w=0.48507969078277047 sheet_w=0.10007292007248732 valid_orf=0.62 folded=5 plddt=70.46613276004791 (165s)
[m_steer] WROTE results/_sanity_m2.json (165s)
sanity-steer rc=0
==================== SETUP+SANITY DONE 2026-07-18T22:22:55Z ====================
