[filter] shard 2/5 — 2400 input records
[filter] resume: 0 already processed.
[filter] 2400 to process
[filter] shard 2 100/2400 — kept=89 short=0 unsafe=11
[filter] shard 2 200/2400 — kept=179 short=0 unsafe=21
[filter] shard 2 300/2400 — kept=272 short=0 unsafe=28
[filter] shard 2 400/2400 — kept=362 short=0 unsafe=38
[filter] shard 2 500/2400 — kept=448 short=0 unsafe=52
[filter] shard 2 600/2400 — kept=541 short=0 unsafe=59
[filter] shard 2 700/2400 — kept=636 short=0 unsafe=64
[filter] shard 2 800/2400 — kept=727 short=0 unsafe=73
[filter] shard 2 900/2400 — kept=818 short=0 unsafe=82
[filter] shard 2 1000/2400 — kept=910 short=0 unsafe=90
[filter] shard 2 1100/2400 — kept=1001 short=0 unsafe=99
[filter] shard 2 1200/2400 — kept=1088 short=0 unsafe=112
[filter] shard 2 1300/2400 — kept=1180 short=0 unsafe=120
[filter] shard 2 1400/2400 — kept=1275 short=0 unsafe=125
[filter] shard 2 1500/2400 — kept=1369 short=0 unsafe=131
[filter] shard 2 1600/2400 — kept=1460 short=0 unsafe=140
[filter] shard 2 1700/2400 — kept=1550 short=0 unsafe=150
[filter] shard 2 1800/2400 — kept=1638 short=0 unsafe=162
[filter] shard 2 1900/2400 — kept=1732 short=0 unsafe=168
[filter] shard 2 2000/2400 — kept=1825 short=0 unsafe=175
[filter] shard 2 2100/2400 — kept=1916 short=0 unsafe=184
[filter] shard 2 2200/2400 — kept=2006 short=0 unsafe=194
[filter] shard 2 2300/2400 — kept=2096 short=0 unsafe=204
[filter] shard 2 2400/2400 — kept=2187 short=0 unsafe=213
[filter] shard 2 done — kept=2187 short=0 unsafe=213 → data_generated/teacher_gen_filtered_shard2.jsonl
