[filter] shard 4/5 — 2400 input records
[filter] resume: 0 already processed.
[filter] 2400 to process
[filter] shard 4 100/2400 — kept=90 short=0 unsafe=10
[filter] shard 4 200/2400 — kept=181 short=0 unsafe=19
[filter] shard 4 300/2400 — kept=273 short=0 unsafe=27
[filter] shard 4 400/2400 — kept=363 short=0 unsafe=37
[filter] shard 4 500/2400 — kept=456 short=0 unsafe=44
[filter] shard 4 600/2400 — kept=550 short=0 unsafe=50
[filter] shard 4 700/2400 — kept=643 short=0 unsafe=57
[filter] shard 4 800/2400 — kept=739 short=0 unsafe=61
[filter] shard 4 900/2400 — kept=830 short=0 unsafe=70
[filter] shard 4 1000/2400 — kept=918 short=0 unsafe=82
[filter] shard 4 1100/2400 — kept=1009 short=0 unsafe=91
[filter] shard 4 1200/2400 — kept=1100 short=0 unsafe=100
[filter] shard 4 1300/2400 — kept=1187 short=0 unsafe=113
[filter] shard 4 1400/2400 — kept=1279 short=0 unsafe=121
[filter] shard 4 1500/2400 — kept=1371 short=0 unsafe=129
[filter] shard 4 1600/2400 — kept=1465 short=0 unsafe=135
[filter] shard 4 1700/2400 — kept=1556 short=0 unsafe=144
[filter] shard 4 1800/2400 — kept=1651 short=0 unsafe=149
[filter] shard 4 1900/2400 — kept=1738 short=0 unsafe=162
[filter] shard 4 2000/2400 — kept=1827 short=0 unsafe=173
[filter] shard 4 2100/2400 — kept=1918 short=0 unsafe=182
[filter] shard 4 2200/2400 — kept=2013 short=0 unsafe=187
[filter] shard 4 2300/2400 — kept=2108 short=0 unsafe=192
[filter] shard 4 2400/2400 — kept=2202 short=0 unsafe=198
[filter] shard 4 done — kept=2202 short=0 unsafe=198 → data_generated/teacher_gen_filtered_shard4.jsonl
