[filter] shard 1/5 — 2400 input records
[filter] resume: 0 already processed.
[filter] 2400 to process
[filter] shard 1 100/2400 — kept=87 short=0 unsafe=13
[filter] shard 1 200/2400 — kept=179 short=0 unsafe=21
[filter] shard 1 300/2400 — kept=270 short=0 unsafe=30
[filter] shard 1 400/2400 — kept=358 short=0 unsafe=42
[filter] shard 1 500/2400 — kept=452 short=0 unsafe=48
[filter] shard 1 600/2400 — kept=541 short=0 unsafe=59
[filter] shard 1 700/2400 — kept=636 short=0 unsafe=64
[filter] shard 1 800/2400 — kept=730 short=0 unsafe=70
[filter] shard 1 900/2400 — kept=824 short=0 unsafe=76
[filter] shard 1 1000/2400 — kept=916 short=0 unsafe=84
[filter] shard 1 1100/2400 — kept=1010 short=0 unsafe=90
[filter] shard 1 1200/2400 — kept=1098 short=0 unsafe=102
[filter] shard 1 1300/2400 — kept=1182 short=0 unsafe=118
[filter] shard 1 1400/2400 — kept=1270 short=0 unsafe=130
[filter] shard 1 1500/2400 — kept=1362 short=0 unsafe=138
[filter] shard 1 1600/2400 — kept=1451 short=0 unsafe=149
[filter] shard 1 1700/2400 — kept=1547 short=0 unsafe=153
[filter] shard 1 1800/2400 — kept=1637 short=0 unsafe=163
[filter] shard 1 1900/2400 — kept=1732 short=0 unsafe=168
[filter] shard 1 2000/2400 — kept=1821 short=0 unsafe=179
[filter] shard 1 2100/2400 — kept=1917 short=0 unsafe=183
[filter] shard 1 2200/2400 — kept=2005 short=0 unsafe=195
[filter] shard 1 2300/2400 — kept=2098 short=0 unsafe=202
[filter] shard 1 2400/2400 — kept=2189 short=0 unsafe=211
[filter] shard 1 done — kept=2189 short=0 unsafe=211 → data_generated/teacher_gen_filtered_shard1.jsonl
