[filter] shard 0/5 — 2400 input records
[filter] resume: 0 already processed.
[filter] 2400 to process
[filter] shard 0 100/2400 — kept=95 short=0 unsafe=5
[filter] shard 0 200/2400 — kept=186 short=0 unsafe=14
[filter] shard 0 300/2400 — kept=276 short=0 unsafe=24
[filter] shard 0 400/2400 — kept=368 short=0 unsafe=32
[filter] shard 0 500/2400 — kept=460 short=0 unsafe=40
[filter] shard 0 600/2400 — kept=557 short=0 unsafe=43
[filter] shard 0 700/2400 — kept=647 short=0 unsafe=53
[filter] shard 0 800/2400 — kept=733 short=0 unsafe=67
[filter] shard 0 900/2400 — kept=824 short=0 unsafe=76
[filter] shard 0 1000/2400 — kept=914 short=0 unsafe=86
[filter] shard 0 1100/2400 — kept=1008 short=0 unsafe=92
[filter] shard 0 1200/2400 — kept=1098 short=0 unsafe=102
[filter] shard 0 1300/2400 — kept=1185 short=0 unsafe=115
[filter] shard 0 1400/2400 — kept=1276 short=0 unsafe=124
[filter] shard 0 1500/2400 — kept=1367 short=0 unsafe=133
[filter] shard 0 1600/2400 — kept=1456 short=0 unsafe=144
[filter] shard 0 1700/2400 — kept=1548 short=0 unsafe=152
[filter] shard 0 1800/2400 — kept=1637 short=0 unsafe=163
[filter] shard 0 1900/2400 — kept=1732 short=0 unsafe=168
[filter] shard 0 2000/2400 — kept=1825 short=0 unsafe=175
[filter] shard 0 2100/2400 — kept=1920 short=0 unsafe=180
[filter] shard 0 2200/2400 — kept=2013 short=0 unsafe=187
[filter] shard 0 2300/2400 — kept=2103 short=0 unsafe=197
[filter] shard 0 2400/2400 — kept=2195 short=0 unsafe=205
[filter] shard 0 done — kept=2195 short=0 unsafe=205 → data_generated/teacher_gen_filtered_shard0.jsonl
