[filter] shard 3/5 — 2400 input records
[filter] resume: 0 already processed.
[filter] 2400 to process
[filter] shard 3 100/2400 — kept=88 short=0 unsafe=12
[filter] shard 3 200/2400 — kept=177 short=0 unsafe=23
[filter] shard 3 300/2400 — kept=268 short=0 unsafe=32
[filter] shard 3 400/2400 — kept=352 short=0 unsafe=48
[filter] shard 3 500/2400 — kept=447 short=0 unsafe=53
[filter] shard 3 600/2400 — kept=538 short=0 unsafe=62
[filter] shard 3 700/2400 — kept=632 short=0 unsafe=68
[filter] shard 3 800/2400 — kept=722 short=0 unsafe=78
[filter] shard 3 900/2400 — kept=815 short=0 unsafe=85
[filter] shard 3 1000/2400 — kept=905 short=0 unsafe=95
[filter] shard 3 1100/2400 — kept=994 short=0 unsafe=106
[filter] shard 3 1200/2400 — kept=1083 short=0 unsafe=117
[filter] shard 3 1300/2400 — kept=1177 short=0 unsafe=123
[filter] shard 3 1400/2400 — kept=1271 short=0 unsafe=129
[filter] shard 3 1500/2400 — kept=1366 short=0 unsafe=134
[filter] shard 3 1600/2400 — kept=1455 short=0 unsafe=145
[filter] shard 3 1700/2400 — kept=1547 short=0 unsafe=153
[filter] shard 3 1800/2400 — kept=1640 short=0 unsafe=160
[filter] shard 3 1900/2400 — kept=1730 short=0 unsafe=170
[filter] shard 3 2000/2400 — kept=1815 short=0 unsafe=185
[filter] shard 3 2100/2400 — kept=1909 short=0 unsafe=191
[filter] shard 3 2200/2400 — kept=2001 short=0 unsafe=199
[filter] shard 3 2300/2400 — kept=2092 short=0 unsafe=208
[filter] shard 3 2400/2400 — kept=2183 short=0 unsafe=217
[filter] shard 3 done — kept=2183 short=0 unsafe=217 → data_generated/teacher_gen_filtered_shard3.jsonl
