[2026-07-13 21:58:23] ==== pipeline started (pid=3732233, poll=60s, idle_threshold=5) ====
  top-10 order:
     1. belief/closing_gap_belief
     2. belief/verbal_confidence
     3. belief/llm_social_decision
     4. emotion/emotion_circuit
     5. emotion/emotion_prompts
     6. feature_description/multi_modal_feature_description
     7. feature_description/sae_agentic_explainer
     8. multi-agent_safety/multi_agent
     9. multilingual/lasa_safety
    10. multilingual/multi_lingual_reasoning
[2026-07-13 22:00:25] HEARTBEAT: live_sessions=6 top10_launched=6/10
[2026-07-13 22:03:26] SESSION_COMPLETE: mechanist_llm_social_decision (pane stable for 5 polls ~ 300s)
[2026-07-13 22:15:30] HEARTBEAT: live_sessions=6 top10_launched=6/10
[2026-07-13 22:30:36] HEARTBEAT: live_sessions=6 top10_launched=6/10
[2026-07-13 22:45:38] HEARTBEAT: live_sessions=6 top10_launched=6/10
[2026-07-13 23:00:39] HEARTBEAT: live_sessions=6 top10_launched=6/10
[2026-07-13 23:15:42] HEARTBEAT: live_sessions=6 top10_launched=6/10
[2026-07-13 23:30:46] HEARTBEAT: live_sessions=6 top10_launched=6/10
[2026-07-13 23:45:51] HEARTBEAT: live_sessions=6 top10_launched=6/10
[2026-07-14 00:00:56] HEARTBEAT: live_sessions=6 top10_launched=6/10
[2026-07-14 00:15:59] HEARTBEAT: live_sessions=6 top10_launched=6/10
[2026-07-14 00:17:59] SESSION_COMPLETE: mechanist_verbal_confidence (pane stable for 5 polls ~ 300s)
[2026-07-14 00:17:59] LAUNCH_NEXT: feature_description/sae_agentic_explainer -> mechanist_sae_agentic_explainer
[2026-07-14 00:18:18]   launched mechanist_sae_agentic_explainer
[2026-07-14 00:30:23] HEARTBEAT: live_sessions=7 top10_launched=7/10
[2026-07-14 00:37:24] SESSION_COMPLETE: mechanist_emotion_circuit (pane stable for 5 polls ~ 300s)
[2026-07-14 00:37:24] LAUNCH_NEXT: multi-agent_safety/multi_agent -> mechanist_multi_agent
[2026-07-14 00:37:43]   launched mechanist_multi_agent
[2026-07-14 00:45:44] HEARTBEAT: live_sessions=8 top10_launched=8/10
[2026-07-14 01:00:46] HEARTBEAT: live_sessions=8 top10_launched=8/10
[2026-07-14 01:15:48] HEARTBEAT: live_sessions=8 top10_launched=8/10
[2026-07-14 01:30:49] HEARTBEAT: live_sessions=8 top10_launched=8/10
[2026-07-14 01:38:50] SESSION_COMPLETE: mechanist_closing_gap_belief (pane stable for 5 polls ~ 300s)
[2026-07-14 01:38:50] LAUNCH_NEXT: multilingual/lasa_safety -> mechanist_lasa_safety
[2026-07-14 01:39:09]   launched mechanist_lasa_safety
[2026-07-14 01:45:09] HEARTBEAT: live_sessions=9 top10_launched=9/10
[2026-07-14 02:00:10] HEARTBEAT: live_sessions=9 top10_launched=9/10
[2026-07-14 02:15:12] HEARTBEAT: live_sessions=9 top10_launched=9/10
[2026-07-14 02:30:13] HEARTBEAT: live_sessions=9 top10_launched=9/10
[2026-07-14 02:45:25] HEARTBEAT: live_sessions=9 top10_launched=9/10
[2026-07-14 03:00:26] HEARTBEAT: live_sessions=9 top10_launched=9/10
[2026-07-14 03:13:27] SESSION_COMPLETE: mechanist_emotion_prompts (pane stable for 5 polls ~ 300s)
[2026-07-14 03:13:27] LAUNCH_NEXT: multilingual/multi_lingual_reasoning -> mechanist_multi_lingual_reasoning
[2026-07-14 03:13:46]   launched mechanist_multi_lingual_reasoning
[2026-07-14 03:15:46] HEARTBEAT: live_sessions=10 top10_launched=10/10
[2026-07-14 03:30:48] HEARTBEAT: live_sessions=10 top10_launched=10/10
[2026-07-14 03:45:49] HEARTBEAT: live_sessions=10 top10_launched=10/10
[2026-07-14 03:47:49] SESSION_COMPLETE: mechanist_sae_agentic_explainer (pane stable for 5 polls ~ 300s)
[2026-07-14 04:00:50] HEARTBEAT: live_sessions=10 top10_launched=10/10
[2026-07-14 04:04:50] SESSION_COMPLETE: mechanist_multi_modal_feature_description (pane stable for 5 polls ~ 300s)
[2026-07-14 04:15:51] HEARTBEAT: live_sessions=10 top10_launched=10/10
[2026-07-14 04:30:55] HEARTBEAT: live_sessions=10 top10_launched=10/10
[2026-07-14 04:45:15] HEARTBEAT: live_sessions=10 top10_launched=10/10
[2026-07-14 05:00:36] HEARTBEAT: live_sessions=10 top10_launched=10/10
[2026-07-14 05:15:48] HEARTBEAT: live_sessions=10 top10_launched=10/10
[2026-07-14 05:30:49] HEARTBEAT: live_sessions=10 top10_launched=10/10
[2026-07-14 05:35:50] SESSION_COMPLETE: mechanist_multi_agent (pane stable for 5 polls ~ 300s)
[2026-07-14 05:45:51] HEARTBEAT: live_sessions=10 top10_launched=10/10
[2026-07-14 06:00:52] HEARTBEAT: live_sessions=10 top10_launched=10/10
[2026-07-14 06:15:53] HEARTBEAT: live_sessions=10 top10_launched=10/10
[2026-07-14 06:30:54] HEARTBEAT: live_sessions=10 top10_launched=10/10
[2026-07-14 06:45:56] HEARTBEAT: live_sessions=10 top10_launched=10/10
[2026-07-14 07:00:57] HEARTBEAT: live_sessions=10 top10_launched=10/10
[2026-07-14 07:15:58] HEARTBEAT: live_sessions=10 top10_launched=10/10
[2026-07-14 07:30:59] HEARTBEAT: live_sessions=10 top10_launched=10/10
[2026-07-14 07:45:01] HEARTBEAT: live_sessions=10 top10_launched=10/10
[2026-07-14 08:00:02] HEARTBEAT: live_sessions=10 top10_launched=10/10
[2026-07-14 08:15:03] HEARTBEAT: live_sessions=10 top10_launched=10/10
[2026-07-14 08:30:04] HEARTBEAT: live_sessions=10 top10_launched=10/10
[2026-07-14 08:45:05] HEARTBEAT: live_sessions=10 top10_launched=10/10
[2026-07-14 09:00:07] HEARTBEAT: live_sessions=10 top10_launched=10/10
[2026-07-14 09:15:08] HEARTBEAT: live_sessions=10 top10_launched=10/10
[2026-07-14 09:30:09] HEARTBEAT: live_sessions=10 top10_launched=10/10
[2026-07-14 09:45:10] HEARTBEAT: live_sessions=10 top10_launched=10/10
[2026-07-14 09:49:11] SESSION_COMPLETE: mechanist_lasa_safety (pane stable for 5 polls ~ 300s)
[2026-07-14 10:00:12] HEARTBEAT: live_sessions=10 top10_launched=10/10
[2026-07-14 10:15:13] HEARTBEAT: live_sessions=10 top10_launched=10/10
[2026-07-14 10:30:14] HEARTBEAT: live_sessions=10 top10_launched=10/10
[2026-07-14 10:45:15] HEARTBEAT: live_sessions=10 top10_launched=10/10
[2026-07-14 11:00:17] HEARTBEAT: live_sessions=10 top10_launched=10/10
[2026-07-14 11:15:18] HEARTBEAT: live_sessions=10 top10_launched=10/10
[2026-07-14 11:30:19] HEARTBEAT: live_sessions=10 top10_launched=10/10
[2026-07-14 11:45:20] HEARTBEAT: live_sessions=10 top10_launched=10/10
[2026-07-14 12:00:21] HEARTBEAT: live_sessions=10 top10_launched=10/10
[2026-07-14 12:15:23] HEARTBEAT: live_sessions=10 top10_launched=10/10
[2026-07-14 12:30:24] HEARTBEAT: live_sessions=10 top10_launched=10/10
[2026-07-14 12:45:25] HEARTBEAT: live_sessions=10 top10_launched=10/10
[2026-07-14 13:00:26] HEARTBEAT: live_sessions=10 top10_launched=10/10
[2026-07-14 13:15:27] HEARTBEAT: live_sessions=10 top10_launched=10/10
[2026-07-14 13:30:29] HEARTBEAT: live_sessions=10 top10_launched=10/10
[2026-07-14 13:45:30] HEARTBEAT: live_sessions=10 top10_launched=10/10
[2026-07-14 14:00:31] HEARTBEAT: live_sessions=10 top10_launched=10/10
[2026-07-14 14:15:32] HEARTBEAT: live_sessions=10 top10_launched=10/10
[2026-07-14 14:30:34] HEARTBEAT: live_sessions=10 top10_launched=10/10
[2026-07-14 14:34:34] SESSION_COMPLETE: mechanist_multi_lingual_reasoning (pane stable for 5 polls ~ 300s)
[2026-07-14 14:45:35] HEARTBEAT: live_sessions=10 top10_launched=10/10
[2026-07-14 15:00:36] HEARTBEAT: live_sessions=10 top10_launched=10/10
