==== Secondary Structure Definition by the program DSSP, NKI version 4.5.8                         ==== DATE=2026-08-23        .
REFERENCE M.L. HEKKELMAN ET AL, PROTEIN SCIENCE 34.8 (2025) e70208; W. KABSCH AND C.SANDER, BIOPOLYMERS 22 (1983) 2577-2637    .
HEADER    xxxxxxxxxxxxxxxxxxxxxxxxxxxxxxxxxxxxxxxx            nohd                                                             .
COMPND    MOL_ID: 1; MOLECULE: ; CHAIN: A                                                                                      .
SOURCE    MOL_ID: 1                                                                                                            .
AUTHOR                                                                                                                         .
   49  1  0  0  0 TOTAL NUMBER OF RESIDUES, NUMBER OF CHAINS, NUMBER OF SS-BRIDGES(TOTAL,INTRACHAIN,INTERCHAIN)                .
  4757.0   ACCESSIBLE SURFACE OF PROTEIN (ANGSTROM**2)                                                                         .
   38 77.6   TOTAL NUMBER OF HYDROGEN BONDS OF TYPE O(I)-->H-N(J)  , SAME NUMBER PER 100 RESIDUES                              .
    0  0.0   TOTAL NUMBER OF HYDROGEN BONDS IN     PARALLEL BRIDGES, SAME NUMBER PER 100 RESIDUES                              .
    0  0.0   TOTAL NUMBER OF HYDROGEN BONDS IN ANTIPARALLEL BRIDGES, SAME NUMBER PER 100 RESIDUES                              .
    0  0.0   TOTAL NUMBER OF HYDROGEN BONDS OF TYPE O(I)-->H-N(I-5), SAME NUMBER PER 100 RESIDUES                              .
    0  0.0   TOTAL NUMBER OF HYDROGEN BONDS OF TYPE O(I)-->H-N(I-4), SAME NUMBER PER 100 RESIDUES                              .
    0  0.0   TOTAL NUMBER OF HYDROGEN BONDS OF TYPE O(I)-->H-N(I-3), SAME NUMBER PER 100 RESIDUES                              .
    0  0.0   TOTAL NUMBER OF HYDROGEN BONDS OF TYPE O(I)-->H-N(I-2), SAME NUMBER PER 100 RESIDUES                              .
    0  0.0   TOTAL NUMBER OF HYDROGEN BONDS OF TYPE O(I)-->H-N(I-1), SAME NUMBER PER 100 RESIDUES                              .
    0  0.0   TOTAL NUMBER OF HYDROGEN BONDS OF TYPE O(I)-->H-N(I+0), SAME NUMBER PER 100 RESIDUES                              .
    0  0.0   TOTAL NUMBER OF HYDROGEN BONDS OF TYPE O(I)-->H-N(I+1), SAME NUMBER PER 100 RESIDUES                              .
    0  0.0   TOTAL NUMBER OF HYDROGEN BONDS OF TYPE O(I)-->H-N(I+2), SAME NUMBER PER 100 RESIDUES                              .
    2  4.1   TOTAL NUMBER OF HYDROGEN BONDS OF TYPE O(I)-->H-N(I+3), SAME NUMBER PER 100 RESIDUES                              .
   34 69.4   TOTAL NUMBER OF HYDROGEN BONDS OF TYPE O(I)-->H-N(I+4), SAME NUMBER PER 100 RESIDUES                              .
    2  4.1   TOTAL NUMBER OF HYDROGEN BONDS OF TYPE O(I)-->H-N(I+5), SAME NUMBER PER 100 RESIDUES                              .
  1  2  3  4  5  6  7  8  9 10 11 12 13 14 15 16 17 18 19 20 21 22 23 24 25 26 27 28 29 30     *** HISTOGRAMS OF ***           .
  0  0  0  0  0  0  0  0  0  0  0  1  0  2  0  0  0  0  0  0  0  0  0  0  0  0  0  0  0  0    RESIDUES PER ALPHA HELIX         .
  0  0  0  0  0  0  0  0  0  0  0  0  0  0  0  0  0  0  0  0  0  0  0  0  0  0  0  0  0  0    PARALLEL BRIDGES PER LADDER      .
  0  0  0  0  0  0  0  0  0  0  0  0  0  0  0  0  0  0  0  0  0  0  0  0  0  0  0  0  0  0    ANTIPARALLEL BRIDGES PER LADDER  .
  0  0  0  0  0  0  0  0  0  0  0  0  0  0  0  0  0  0  0  0  0  0  0  0  0  0  0  0  0  0    LADDERS PER SHEET                .
  #  RESIDUE AA STRUCTURE BP1 BP2  ACC     N-H-->O    O-->H-N    N-H-->O    O-->H-N    TCO  KAPPA ALPHA  PHI   PSI    X-CA   Y-CA   Z-CA
    1    2 A E     >        0   0  174      0, 0.0     4,-2.7     0, 0.0     5,-0.2   0.000 360.0 360.0 360.0 -46.6    8.4    0.6  -10.2
    2    3 A E  H  >  +     0   0  149      2,-0.2     4,-2.2     1,-0.2     5,-0.1   0.887 360.0  50.7 -59.9 -38.8    8.8    4.3  -10.3
    3    4 A E  H  > S+     0   0  170      1,-0.2     4,-2.1     2,-0.2    -1,-0.2   0.889 111.2  48.1 -67.4 -38.1    5.0    4.6   -9.6
    4    5 A L  H  > S+     0   0  105      2,-0.2     4,-2.5     1,-0.2    -2,-0.2   0.899 110.1  52.7 -63.7 -42.4    5.3    2.3   -6.6
    5    6 A K  H  X S+     0   0  113     -4,-2.7     4,-2.4     1,-0.2    -2,-0.2   0.917 110.3  48.3 -60.8 -40.1    8.4    4.4   -5.4
    6    7 A K  H  X S+     0   0  133     -4,-2.2     4,-2.6     1,-0.2    -1,-0.2   0.903 110.1  51.4 -65.0 -41.6    6.4    7.5   -5.6
    7    8 A L  H  X S+     0   0   45     -4,-2.1     4,-2.5     1,-0.2    -2,-0.2   0.903 109.9  48.9 -63.2 -43.5    3.5    5.9   -3.7
    8    9 A L  H  X S+     0   0   71     -4,-2.5     4,-2.7     2,-0.2    -2,-0.2   0.894 111.3  50.5 -61.2 -42.0    5.9    4.7   -0.9
    9   10 A E  H  X S+     0   0  117     -4,-2.4     4,-2.0     2,-0.2    -1,-0.2   0.909 111.2  48.4 -61.0 -43.7    7.3    8.3   -0.7
   10   11 A E  H  X S+     0   0   94     -4,-2.6     4,-1.9     1,-0.2    -2,-0.2   0.893 110.9  50.8 -61.9 -39.6    3.8    9.7   -0.4
   11   12 A L  H  <>S+     0   0   25     -4,-2.5     5,-0.6     2,-0.2     4,-0.4   0.884 107.3  52.0 -63.2 -44.5    3.0    7.1    2.2
   12   13 A K  H ><5S+     0   0  188     -4,-2.7     3,-0.8     1,-0.2    -1,-0.2   0.874 112.8  48.7 -54.8 -37.7    6.2    8.1    4.2
   13   14 A K  H 3<5S+     0   0  151     -4,-2.0    -2,-0.2     1,-0.2    -1,-0.2   0.786  98.8  69.0 -68.9 -33.5    4.8   11.7    3.9
   14   15 A L  T 3<5S-     0   0   67     -4,-1.9    -1,-0.2    -5,-0.1     3,-0.2   0.620  79.7-150.9 -75.3  12.0    1.4   10.8    5.0
   15   16 A G  T < 5 -     0   0   72     -3,-0.8    -3,-0.1    -4,-0.4     2,-0.1   0.918  45.7-138.2  26.2  39.6    2.3   10.0    8.5
   16   17 A S      < -     0   0   28     -5,-0.6     2,-0.1     4,-0.1    -1,-0.1  -0.364  19.3-145.2 -65.8  96.3   -0.7    7.8    7.5
   17   18 A S     >  -     0   0   61     -3,-0.2     4,-1.8    -2,-0.1     3,-0.5  -0.419  44.2 -97.8 -24.8 128.9   -3.7    7.3   10.0
   18   19 A E  H  > S+     0   0  129      1,-0.2     4,-2.4     2,-0.2     5,-0.2   0.812 127.4  63.4 -27.0 -34.3   -5.1    3.8    9.5
   19   20 A E  H  > S+     0   0  159      1,-0.2     4,-1.9     2,-0.2    -1,-0.2   0.911 101.9  43.7 -71.1 -42.8   -7.7    5.7    7.3
   20   21 A E  H  > S+     0   0   80     -3,-0.5     4,-1.9     2,-0.2    -1,-0.2   0.895 113.6  52.1 -69.3 -34.9   -5.2    6.9    4.7
   21   22 A L  H  X S+     0   0   45     -4,-1.8     4,-2.5     2,-0.2    -2,-0.2   0.908 108.6  51.3 -66.6 -40.4   -3.5    3.4    4.6
   22   23 A K  H  X S+     0   0  124     -4,-2.4     4,-2.4     2,-0.2    -1,-0.2   0.909 109.0  51.3 -61.7 -42.7   -6.9    1.7    4.0
   23   24 A K  H  X S+     0   0  144     -4,-1.9     4,-2.1     1,-0.2    -1,-0.2   0.917 111.6  47.2 -61.4 -41.5   -7.7    4.1    1.1
   24   25 A L  H  X S+     0   0   27     -4,-1.9     4,-2.6     1,-0.2    -2,-0.2   0.907 109.7  52.4 -66.8 -44.5   -4.3    3.4   -0.4
   25   26 A L  H  X S+     0   0   32     -4,-2.5     4,-2.9     1,-0.2    -1,-0.2   0.910 108.2  51.7 -56.3 -45.4   -4.8   -0.4   -0.0
   26   27 A E  H  X S+     0   0  109     -4,-2.4     4,-1.8     2,-0.2    -1,-0.2   0.904 110.0  48.9 -58.4 -44.1   -8.1   -0.1   -1.8
   27   28 A E  H  X S+     0   0   86     -4,-2.1     4,-1.2     2,-0.2    -1,-0.2   0.899 112.2  48.9 -62.5 -39.4   -6.5    1.7   -4.7
   28   29 A L  H  X>S+     0   0   24     -4,-2.6     5,-1.5     1,-0.2     4,-0.5   0.875 107.2  54.8 -69.2 -36.7   -3.8   -0.9   -4.9
   29   30 A K  H ><5S+     0   0   66     -4,-2.9     3,-1.1     1,-0.2    -1,-0.2   0.884 106.0  52.6 -60.0 -39.3   -6.3   -3.7   -4.8
   30   31 A K  H 3<5S+     0   0  141     -4,-1.8    -1,-0.2     1,-0.2    -2,-0.2   0.826  99.6  64.2 -63.3 -30.7   -8.0   -2.0   -7.8
   31   32 A L  H 3<5S-     0   0  137     -4,-1.2    -1,-0.2    -5,-0.1    -2,-0.2   0.649 127.5 -96.8 -77.9   2.3   -4.6   -2.0   -9.6
   32   33 A G  T <<5S+     0   0   66     -3,-1.1     2,-0.2    -4,-0.5    -3,-0.2   0.637  74.8 142.6  99.0  16.4   -4.7   -5.7   -9.5
   33   34 A S      < -     0   0   51     -5,-1.5    -1,-0.3     1,-0.0     2,-0.2  -0.625  59.4-107.1 -85.5 134.4   -2.6   -6.7   -6.4
   34   35 A S     >  -     0   0   54     -2,-0.2     4,-2.3     1,-0.2     3,-0.2  -0.610  23.4-132.7 -57.8 120.1   -3.9   -9.8   -4.4
   35   36 A E  H  > S+     0   0   87     -2,-0.2     4,-2.8     1,-0.2     5,-0.2   0.854 107.3  58.1 -34.4 -42.9   -5.4   -8.4   -1.1
   36   37 A E  H  > S+     0   0  133      2,-0.2     4,-2.1     1,-0.2    -1,-0.2   0.906 107.0  44.4 -62.1 -45.4   -3.3  -11.2    0.6
   37   38 A E  H  > S+     0   0  130      1,-0.2     4,-2.1     2,-0.2    -1,-0.2   0.884 114.8  49.6 -66.8 -38.6   -0.0  -10.0   -0.8
   38   39 A L  H  X S+     0   0   13     -4,-2.3     4,-2.7     2,-0.2    -2,-0.2   0.904 110.0  49.0 -67.2 -49.3   -0.9   -6.4   -0.0
   39   40 A K  H  X S+     0   0  100     -4,-2.8     4,-2.6     2,-0.2    -2,-0.2   0.916 111.7  52.1 -53.3 -41.6   -2.0   -7.1    3.7
   40   41 A K  H  X S+     0   0  118     -4,-2.1     4,-2.4     1,-0.2    -2,-0.2   0.914 110.5  47.4 -60.9 -44.5    1.4   -9.0    4.0
   41   42 A L  H  X S+     0   0   85     -4,-2.1     4,-2.7     1,-0.2    -2,-0.2   0.910 111.6  50.4 -60.0 -48.0    3.3   -6.0    2.7
   42   43 A L  H  X S+     0   0   39     -4,-2.7     4,-2.8     1,-0.2    -2,-0.2   0.901 110.4  49.1 -56.6 -47.7    1.4   -3.7    5.1
   43   44 A E  H  X S+     0   0  112     -4,-2.6     4,-1.8     2,-0.2    -1,-0.2   0.910 111.6  49.3 -56.4 -46.3    2.2   -5.9    8.0
   44   45 A E  H  X S+     0   0  105     -4,-2.4     4,-1.2     1,-0.2    -2,-0.2   0.893 112.7  48.9 -59.5 -38.5    5.9   -5.9    7.0
   45   46 A L  H  X S+     0   0   60     -4,-2.7     4,-1.5     1,-0.2    -2,-0.2   0.882 107.7  52.9 -65.9 -45.2    5.8   -2.1    6.7
   46   47 A K  H  < S+     0   0  138     -4,-2.8    -1,-0.2     1,-0.2    -2,-0.2   0.868 108.7  52.2 -55.4 -37.7    4.1   -1.7   10.1
   47   48 A K  H  < S+     0   0  155     -4,-1.8    -1,-0.2     1,-0.2    -2,-0.2   0.781 108.0  51.0 -65.4 -36.4    7.0   -3.9   11.5
   48   49 A L  H  <        0   0  141     -4,-1.2    -1,-0.2    -3,-0.2    -2,-0.2   0.714 360.0 360.0 -71.3 -31.3    9.6   -1.5    9.8
   49   50 A G     <        0   0  103     -4,-1.5    -2,-0.2    -5,-0.1    -1,-0.2   0.854 360.0 360.0 -76.1 360.0    8.0    1.5   11.4
