[M2c] 582 candidate heads (nonzero mass); max_heads_search=50
`torch_dtype` is deprecated! Use `dtype` instead!
[M2c] clean baseline accuracies …
[M2c] clean acc: tgt=0.9053 other=0.9934 wk=0.9604
[M2c] clean Pile PPL …
  pile 1/5000  running_ppl=6.084
  pile 51/5000  running_ppl=6.885
  pile 101/5000  running_ppl=7.016
  pile 151/5000  running_ppl=7.113
  pile 201/5000  running_ppl=6.955
  pile 251/5000  running_ppl=7.033
  pile 301/5000  running_ppl=6.982
  pile 351/5000  running_ppl=6.928
  pile 401/5000  running_ppl=6.970
  pile 451/5000  running_ppl=6.908
  pile 501/5000  running_ppl=6.882
  pile 551/5000  running_ppl=6.975
  pile 601/5000  running_ppl=6.990
  pile 651/5000  running_ppl=7.018
  pile 701/5000  running_ppl=6.990
  pile 751/5000  running_ppl=7.004
  pile 801/5000  running_ppl=6.971
  pile 851/5000  running_ppl=6.956
  pile 901/5000  running_ppl=7.045
  pile 951/5000  running_ppl=7.050
  pile 1001/5000  running_ppl=7.056
  pile 1051/5000  running_ppl=7.074
  pile 1101/5000  running_ppl=7.105
  pile 1151/5000  running_ppl=7.096
  pile 1201/5000  running_ppl=7.132
  pile 1251/5000  running_ppl=7.127
  pile 1301/5000  running_ppl=7.100
  pile 1351/5000  running_ppl=7.131
  pile 1401/5000  running_ppl=7.118
  pile 1451/5000  running_ppl=7.122
  pile 1501/5000  running_ppl=7.120
  pile 1551/5000  running_ppl=7.120
  pile 1601/5000  running_ppl=7.115
  pile 1651/5000  running_ppl=7.128
  pile 1701/5000  running_ppl=7.143
  pile 1751/5000  running_ppl=7.138
  pile 1801/5000  running_ppl=7.126
  pile 1851/5000  running_ppl=7.112
  pile 1901/5000  running_ppl=7.101
  pile 1951/5000  running_ppl=7.106
  pile 2001/5000  running_ppl=7.122
  pile 2051/5000  running_ppl=7.107
  pile 2101/5000  running_ppl=7.114
  pile 2151/5000  running_ppl=7.110
  pile 2201/5000  running_ppl=7.095
  pile 2251/5000  running_ppl=7.097
  pile 2301/5000  running_ppl=7.081
  pile 2351/5000  running_ppl=7.079
  pile 2401/5000  running_ppl=7.088
  pile 2451/5000  running_ppl=7.109
  pile 2501/5000  running_ppl=7.127
  pile 2551/5000  running_ppl=7.115
  pile 2601/5000  running_ppl=7.113
  pile 2651/5000  running_ppl=7.103
  pile 2701/5000  running_ppl=7.095
  pile 2751/5000  running_ppl=7.108
  pile 2801/5000  running_ppl=7.103
  pile 2851/5000  running_ppl=7.106
  pile 2901/5000  running_ppl=7.108
  pile 2951/5000  running_ppl=7.113
  pile 3001/5000  running_ppl=7.115
  pile 3051/5000  running_ppl=7.125
  pile 3101/5000  running_ppl=7.112
  pile 3151/5000  running_ppl=7.111
  pile 3201/5000  running_ppl=7.110
  pile 3251/5000  running_ppl=7.113
  pile 3301/5000  running_ppl=7.106
  pile 3351/5000  running_ppl=7.120
  pile 3401/5000  running_ppl=7.118
  pile 3451/5000  running_ppl=7.126
  pile 3501/5000  running_ppl=7.123
  pile 3551/5000  running_ppl=7.135
  pile 3601/5000  running_ppl=7.160
  pile 3651/5000  running_ppl=7.161
  pile 3701/5000  running_ppl=7.161
  pile 3751/5000  running_ppl=7.148
  pile 3801/5000  running_ppl=7.151
  pile 3851/5000  running_ppl=7.149
  pile 3901/5000  running_ppl=7.152
  pile 3951/5000  running_ppl=7.139
  pile 4001/5000  running_ppl=7.128
  pile 4051/5000  running_ppl=7.124
  pile 4101/5000  running_ppl=7.118
  pile 4151/5000  running_ppl=7.107
  pile 4201/5000  running_ppl=7.090
  pile 4251/5000  running_ppl=7.083
  pile 4301/5000  running_ppl=7.087
  pile 4351/5000  running_ppl=7.091
  pile 4401/5000  running_ppl=7.094
  pile 4451/5000  running_ppl=7.082
  pile 4501/5000  running_ppl=7.087
  pile 4551/5000  running_ppl=7.079
  pile 4601/5000  running_ppl=7.087
  pile 4651/5000  running_ppl=7.087
  pile 4701/5000  running_ppl=7.089
  pile 4751/5000  running_ppl=7.089
  pile 4801/5000  running_ppl=7.093
  pile 4851/5000  running_ppl=7.100
  pile 4901/5000  running_ppl=7.093
  pile 4951/5000  running_ppl=7.094
[M2c] clean pile_ppl=7.1039
[M2c] k= 1  accuracy criteria all pass → running Pile PPL …
  pile 1/5000  running_ppl=6.092
  pile 51/5000  running_ppl=6.908
  pile 101/5000  running_ppl=7.040
  pile 151/5000  running_ppl=7.135
  pile 201/5000  running_ppl=6.975
  pile 251/5000  running_ppl=7.055
  pile 301/5000  running_ppl=7.008
  pile 351/5000  running_ppl=6.952
  pile 401/5000  running_ppl=6.993
  pile 451/5000  running_ppl=6.931
  pile 501/5000  running_ppl=6.904
  pile 551/5000  running_ppl=6.998
  pile 601/5000  running_ppl=7.013
  pile 651/5000  running_ppl=7.041
  pile 701/5000  running_ppl=7.013
  pile 751/5000  running_ppl=7.028
  pile 801/5000  running_ppl=6.994
  pile 851/5000  running_ppl=6.979
  pile 901/5000  running_ppl=7.068
  pile 951/5000  running_ppl=7.073
  pile 1001/5000  running_ppl=7.081
  pile 1051/5000  running_ppl=7.098
  pile 1101/5000  running_ppl=7.128
  pile 1151/5000  running_ppl=7.120
  pile 1201/5000  running_ppl=7.156
  pile 1251/5000  running_ppl=7.151
  pile 1301/5000  running_ppl=7.124
  pile 1351/5000  running_ppl=7.154
  pile 1401/5000  running_ppl=7.141
  pile 1451/5000  running_ppl=7.145
  pile 1501/5000  running_ppl=7.144
  pile 1551/5000  running_ppl=7.143
  pile 1601/5000  running_ppl=7.138
  pile 1651/5000  running_ppl=7.151
  pile 1701/5000  running_ppl=7.165
  pile 1751/5000  running_ppl=7.160
  pile 1801/5000  running_ppl=7.150
  pile 1851/5000  running_ppl=7.137
  pile 1901/5000  running_ppl=7.125
  pile 1951/5000  running_ppl=7.130
  pile 2001/5000  running_ppl=7.147
  pile 2051/5000  running_ppl=7.132
  pile 2101/5000  running_ppl=7.140
  pile 2151/5000  running_ppl=7.136
  pile 2201/5000  running_ppl=7.122
  pile 2251/5000  running_ppl=7.124
  pile 2301/5000  running_ppl=7.107
  pile 2351/5000  running_ppl=7.105
  pile 2401/5000  running_ppl=7.114
  pile 2451/5000  running_ppl=7.135
  pile 2501/5000  running_ppl=7.152
  pile 2551/5000  running_ppl=7.141
  pile 2601/5000  running_ppl=7.138
  pile 2651/5000  running_ppl=7.129
  pile 2701/5000  running_ppl=7.121
  pile 2751/5000  running_ppl=7.134
  pile 2801/5000  running_ppl=7.129
  pile 2851/5000  running_ppl=7.131
  pile 2901/5000  running_ppl=7.133
  pile 2951/5000  running_ppl=7.138
  pile 3001/5000  running_ppl=7.140
  pile 3051/5000  running_ppl=7.150
  pile 3101/5000  running_ppl=7.137
  pile 3151/5000  running_ppl=7.136
  pile 3201/5000  running_ppl=7.135
  pile 3251/5000  running_ppl=7.137
  pile 3301/5000  running_ppl=7.130
  pile 3351/5000  running_ppl=7.144
  pile 3401/5000  running_ppl=7.143
  pile 3451/5000  running_ppl=7.150
  pile 3501/5000  running_ppl=7.147
  pile 3551/5000  running_ppl=7.159
  pile 3601/5000  running_ppl=7.185
  pile 3651/5000  running_ppl=7.185
  pile 3701/5000  running_ppl=7.185
  pile 3751/5000  running_ppl=7.172
  pile 3801/5000  running_ppl=7.175
  pile 3851/5000  running_ppl=7.173
  pile 3901/5000  running_ppl=7.176
  pile 3951/5000  running_ppl=7.163
  pile 4001/5000  running_ppl=7.152
  pile 4051/5000  running_ppl=7.149
  pile 4101/5000  running_ppl=7.144
  pile 4151/5000  running_ppl=7.132
  pile 4201/5000  running_ppl=7.115
  pile 4251/5000  running_ppl=7.107
  pile 4301/5000  running_ppl=7.111
  pile 4351/5000  running_ppl=7.115
  pile 4401/5000  running_ppl=7.118
  pile 4451/5000  running_ppl=7.107
  pile 4501/5000  running_ppl=7.111
  pile 4551/5000  running_ppl=7.103
  pile 4601/5000  running_ppl=7.111
  pile 4651/5000  running_ppl=7.111
  pile 4701/5000  running_ppl=7.113
  pile 4751/5000  running_ppl=7.113
  pile 4801/5000  running_ppl=7.117
  pile 4851/5000  running_ppl=7.124
  pile 4901/5000  running_ppl=7.117
  pile 4951/5000  running_ppl=7.118
[M2c] k= 1  tgt_drop=0.500  other_drop=0.000  wk_drop=0.004  ppl_ratio=1.003
[M2c] SMALLEST PASSING SET at k=1
[M2c] DONE  verdict=localized  head_set_size=1
