[M2c] 114 candidate heads (nonzero mass); max_heads_search=50
`torch_dtype` is deprecated! Use `dtype` instead!
[M2c] clean baseline accuracies …
[M2c] clean acc: tgt=0.8590 other=0.7819 wk=0.9251
[M2c] clean Pile PPL …
  pile 1/5000  running_ppl=7.008
  pile 51/5000  running_ppl=8.183
  pile 101/5000  running_ppl=8.340
  pile 151/5000  running_ppl=8.511
  pile 201/5000  running_ppl=8.289
  pile 251/5000  running_ppl=8.402
  pile 301/5000  running_ppl=8.334
  pile 351/5000  running_ppl=8.269
  pile 401/5000  running_ppl=8.317
  pile 451/5000  running_ppl=8.232
  pile 501/5000  running_ppl=8.197
  pile 551/5000  running_ppl=8.304
  pile 601/5000  running_ppl=8.316
  pile 651/5000  running_ppl=8.350
  pile 701/5000  running_ppl=8.310
  pile 751/5000  running_ppl=8.326
  pile 801/5000  running_ppl=8.276
  pile 851/5000  running_ppl=8.259
  pile 901/5000  running_ppl=8.367
  pile 951/5000  running_ppl=8.376
  pile 1001/5000  running_ppl=8.386
  pile 1051/5000  running_ppl=8.408
  pile 1101/5000  running_ppl=8.448
  pile 1151/5000  running_ppl=8.432
  pile 1201/5000  running_ppl=8.480
  pile 1251/5000  running_ppl=8.467
  pile 1301/5000  running_ppl=8.434
  pile 1351/5000  running_ppl=8.475
  pile 1401/5000  running_ppl=8.460
  pile 1451/5000  running_ppl=8.465
  pile 1501/5000  running_ppl=8.469
  pile 1551/5000  running_ppl=8.468
  pile 1601/5000  running_ppl=8.464
  pile 1651/5000  running_ppl=8.481
  pile 1701/5000  running_ppl=8.499
  pile 1751/5000  running_ppl=8.500
  pile 1801/5000  running_ppl=8.486
  pile 1851/5000  running_ppl=8.470
  pile 1901/5000  running_ppl=8.456
  pile 1951/5000  running_ppl=8.465
  pile 2001/5000  running_ppl=8.485
  pile 2051/5000  running_ppl=8.464
  pile 2101/5000  running_ppl=8.473
  pile 2151/5000  running_ppl=8.469
  pile 2201/5000  running_ppl=8.448
  pile 2251/5000  running_ppl=8.450
  pile 2301/5000  running_ppl=8.428
  pile 2351/5000  running_ppl=8.423
  pile 2401/5000  running_ppl=8.434
  pile 2451/5000  running_ppl=8.461
  pile 2501/5000  running_ppl=8.483
  pile 2551/5000  running_ppl=8.470
  pile 2601/5000  running_ppl=8.467
  pile 2651/5000  running_ppl=8.454
  pile 2701/5000  running_ppl=8.442
  pile 2751/5000  running_ppl=8.458
  pile 2801/5000  running_ppl=8.457
  pile 2851/5000  running_ppl=8.466
  pile 2901/5000  running_ppl=8.468
  pile 2951/5000  running_ppl=8.480
  pile 3001/5000  running_ppl=8.482
  pile 3051/5000  running_ppl=8.495
  pile 3101/5000  running_ppl=8.482
  pile 3151/5000  running_ppl=8.481
  pile 3201/5000  running_ppl=8.477
  pile 3251/5000  running_ppl=8.481
  pile 3301/5000  running_ppl=8.471
  pile 3351/5000  running_ppl=8.488
  pile 3401/5000  running_ppl=8.484
  pile 3451/5000  running_ppl=8.496
  pile 3501/5000  running_ppl=8.492
  pile 3551/5000  running_ppl=8.507
  pile 3601/5000  running_ppl=8.539
  pile 3651/5000  running_ppl=8.541
  pile 3701/5000  running_ppl=8.541
  pile 3751/5000  running_ppl=8.523
  pile 3801/5000  running_ppl=8.528
  pile 3851/5000  running_ppl=8.523
  pile 3901/5000  running_ppl=8.525
  pile 3951/5000  running_ppl=8.510
  pile 4001/5000  running_ppl=8.496
  pile 4051/5000  running_ppl=8.493
  pile 4101/5000  running_ppl=8.486
  pile 4151/5000  running_ppl=8.472
  pile 4201/5000  running_ppl=8.452
  pile 4251/5000  running_ppl=8.442
  pile 4301/5000  running_ppl=8.448
  pile 4351/5000  running_ppl=8.452
  pile 4401/5000  running_ppl=8.455
  pile 4451/5000  running_ppl=8.443
  pile 4501/5000  running_ppl=8.448
  pile 4551/5000  running_ppl=8.438
  pile 4601/5000  running_ppl=8.447
  pile 4651/5000  running_ppl=8.449
  pile 4701/5000  running_ppl=8.453
  pile 4751/5000  running_ppl=8.454
  pile 4801/5000  running_ppl=8.459
  pile 4851/5000  running_ppl=8.468
  pile 4901/5000  running_ppl=8.460
  pile 4951/5000  running_ppl=8.461
[M2c] clean pile_ppl=8.4721
[M2c] k= 1  accuracy criteria all pass → running Pile PPL …
  pile 1/5000  running_ppl=7.091
  pile 51/5000  running_ppl=8.286
  pile 101/5000  running_ppl=8.436
  pile 151/5000  running_ppl=8.607
  pile 201/5000  running_ppl=8.380
  pile 251/5000  running_ppl=8.494
  pile 301/5000  running_ppl=8.435
  pile 351/5000  running_ppl=8.367
  pile 401/5000  running_ppl=8.415
  pile 451/5000  running_ppl=8.329
  pile 501/5000  running_ppl=8.292
  pile 551/5000  running_ppl=8.401
  pile 601/5000  running_ppl=8.413
  pile 651/5000  running_ppl=8.448
  pile 701/5000  running_ppl=8.409
  pile 751/5000  running_ppl=8.427
  pile 801/5000  running_ppl=8.377
  pile 851/5000  running_ppl=8.359
  pile 901/5000  running_ppl=8.468
  pile 951/5000  running_ppl=8.477
  pile 1001/5000  running_ppl=8.488
  pile 1051/5000  running_ppl=8.509
  pile 1101/5000  running_ppl=8.549
  pile 1151/5000  running_ppl=8.533
  pile 1201/5000  running_ppl=8.582
  pile 1251/5000  running_ppl=8.568
  pile 1301/5000  running_ppl=8.535
  pile 1351/5000  running_ppl=8.576
  pile 1401/5000  running_ppl=8.561
  pile 1451/5000  running_ppl=8.565
  pile 1501/5000  running_ppl=8.570
  pile 1551/5000  running_ppl=8.570
  pile 1601/5000  running_ppl=8.565
  pile 1651/5000  running_ppl=8.582
  pile 1701/5000  running_ppl=8.600
  pile 1751/5000  running_ppl=8.600
  pile 1801/5000  running_ppl=8.587
  pile 1851/5000  running_ppl=8.570
  pile 1901/5000  running_ppl=8.556
  pile 1951/5000  running_ppl=8.564
  pile 2001/5000  running_ppl=8.585
  pile 2051/5000  running_ppl=8.565
  pile 2101/5000  running_ppl=8.574
  pile 2151/5000  running_ppl=8.570
  pile 2201/5000  running_ppl=8.550
  pile 2251/5000  running_ppl=8.552
  pile 2301/5000  running_ppl=8.529
  pile 2351/5000  running_ppl=8.523
  pile 2401/5000  running_ppl=8.534
  pile 2451/5000  running_ppl=8.562
  pile 2501/5000  running_ppl=8.583
  pile 2551/5000  running_ppl=8.569
  pile 2601/5000  running_ppl=8.566
  pile 2651/5000  running_ppl=8.553
  pile 2701/5000  running_ppl=8.541
  pile 2751/5000  running_ppl=8.557
  pile 2801/5000  running_ppl=8.555
  pile 2851/5000  running_ppl=8.565
  pile 2901/5000  running_ppl=8.567
  pile 2951/5000  running_ppl=8.578
  pile 3001/5000  running_ppl=8.581
  pile 3051/5000  running_ppl=8.594
  pile 3101/5000  running_ppl=8.581
  pile 3151/5000  running_ppl=8.579
  pile 3201/5000  running_ppl=8.575
  pile 3251/5000  running_ppl=8.580
  pile 3301/5000  running_ppl=8.569
  pile 3351/5000  running_ppl=8.587
  pile 3401/5000  running_ppl=8.583
  pile 3451/5000  running_ppl=8.595
  pile 3501/5000  running_ppl=8.591
  pile 3551/5000  running_ppl=8.606
  pile 3601/5000  running_ppl=8.638
  pile 3651/5000  running_ppl=8.640
  pile 3701/5000  running_ppl=8.641
  pile 3751/5000  running_ppl=8.623
  pile 3801/5000  running_ppl=8.628
  pile 3851/5000  running_ppl=8.623
  pile 3901/5000  running_ppl=8.625
  pile 3951/5000  running_ppl=8.610
  pile 4001/5000  running_ppl=8.596
  pile 4051/5000  running_ppl=8.594
  pile 4101/5000  running_ppl=8.587
  pile 4151/5000  running_ppl=8.572
  pile 4201/5000  running_ppl=8.551
  pile 4251/5000  running_ppl=8.541
  pile 4301/5000  running_ppl=8.548
  pile 4351/5000  running_ppl=8.552
  pile 4401/5000  running_ppl=8.555
  pile 4451/5000  running_ppl=8.542
  pile 4501/5000  running_ppl=8.547
  pile 4551/5000  running_ppl=8.537
  pile 4601/5000  running_ppl=8.547
  pile 4651/5000  running_ppl=8.549
  pile 4701/5000  running_ppl=8.552
  pile 4751/5000  running_ppl=8.554
  pile 4801/5000  running_ppl=8.559
  pile 4851/5000  running_ppl=8.568
  pile 4901/5000  running_ppl=8.560
  pile 4951/5000  running_ppl=8.561
[M2c] k= 1  tgt_drop=0.513  other_drop=0.070  wk_drop=0.004  ppl_ratio=1.012
[M2c] SMALLEST PASSING SET at k=1
[M2c] DONE  verdict=localized  head_set_size=1
