[M2c] 702 candidate heads (nonzero mass); max_heads_search=50
`torch_dtype` is deprecated! Use `dtype` instead!
[M2c] clean baseline accuracies …
[M2c] clean acc: tgt=0.9934 other=0.9053 wk=0.9604
[M2c] clean Pile PPL …
  pile 1/5000  running_ppl=6.084
  pile 51/5000  running_ppl=6.885
  pile 101/5000  running_ppl=7.016
  pile 151/5000  running_ppl=7.113
  pile 201/5000  running_ppl=6.955
  pile 251/5000  running_ppl=7.033
  pile 301/5000  running_ppl=6.982
  pile 351/5000  running_ppl=6.928
  pile 401/5000  running_ppl=6.970
  pile 451/5000  running_ppl=6.908
  pile 501/5000  running_ppl=6.882
  pile 551/5000  running_ppl=6.975
  pile 601/5000  running_ppl=6.990
  pile 651/5000  running_ppl=7.018
  pile 701/5000  running_ppl=6.990
  pile 751/5000  running_ppl=7.004
  pile 801/5000  running_ppl=6.971
  pile 851/5000  running_ppl=6.956
  pile 901/5000  running_ppl=7.045
  pile 951/5000  running_ppl=7.050
  pile 1001/5000  running_ppl=7.056
  pile 1051/5000  running_ppl=7.074
  pile 1101/5000  running_ppl=7.105
  pile 1151/5000  running_ppl=7.096
  pile 1201/5000  running_ppl=7.132
  pile 1251/5000  running_ppl=7.127
  pile 1301/5000  running_ppl=7.100
  pile 1351/5000  running_ppl=7.131
  pile 1401/5000  running_ppl=7.118
  pile 1451/5000  running_ppl=7.122
  pile 1501/5000  running_ppl=7.120
  pile 1551/5000  running_ppl=7.120
  pile 1601/5000  running_ppl=7.115
  pile 1651/5000  running_ppl=7.128
  pile 1701/5000  running_ppl=7.143
  pile 1751/5000  running_ppl=7.138
  pile 1801/5000  running_ppl=7.126
  pile 1851/5000  running_ppl=7.112
  pile 1901/5000  running_ppl=7.101
  pile 1951/5000  running_ppl=7.106
  pile 2001/5000  running_ppl=7.122
  pile 2051/5000  running_ppl=7.107
  pile 2101/5000  running_ppl=7.114
  pile 2151/5000  running_ppl=7.110
  pile 2201/5000  running_ppl=7.095
  pile 2251/5000  running_ppl=7.097
  pile 2301/5000  running_ppl=7.081
  pile 2351/5000  running_ppl=7.079
  pile 2401/5000  running_ppl=7.088
  pile 2451/5000  running_ppl=7.109
  pile 2501/5000  running_ppl=7.127
  pile 2551/5000  running_ppl=7.115
  pile 2601/5000  running_ppl=7.113
  pile 2651/5000  running_ppl=7.103
  pile 2701/5000  running_ppl=7.095
  pile 2751/5000  running_ppl=7.108
  pile 2801/5000  running_ppl=7.103
  pile 2851/5000  running_ppl=7.106
  pile 2901/5000  running_ppl=7.108
  pile 2951/5000  running_ppl=7.113
  pile 3001/5000  running_ppl=7.115
  pile 3051/5000  running_ppl=7.125
  pile 3101/5000  running_ppl=7.112
  pile 3151/5000  running_ppl=7.111
  pile 3201/5000  running_ppl=7.110
  pile 3251/5000  running_ppl=7.113
  pile 3301/5000  running_ppl=7.106
  pile 3351/5000  running_ppl=7.120
  pile 3401/5000  running_ppl=7.118
  pile 3451/5000  running_ppl=7.126
  pile 3501/5000  running_ppl=7.123
  pile 3551/5000  running_ppl=7.135
  pile 3601/5000  running_ppl=7.160
  pile 3651/5000  running_ppl=7.161
  pile 3701/5000  running_ppl=7.161
  pile 3751/5000  running_ppl=7.148
  pile 3801/5000  running_ppl=7.151
  pile 3851/5000  running_ppl=7.149
  pile 3901/5000  running_ppl=7.152
  pile 3951/5000  running_ppl=7.139
  pile 4001/5000  running_ppl=7.128
  pile 4051/5000  running_ppl=7.124
  pile 4101/5000  running_ppl=7.118
  pile 4151/5000  running_ppl=7.107
  pile 4201/5000  running_ppl=7.090
  pile 4251/5000  running_ppl=7.083
  pile 4301/5000  running_ppl=7.087
  pile 4351/5000  running_ppl=7.091
  pile 4401/5000  running_ppl=7.094
  pile 4451/5000  running_ppl=7.082
  pile 4501/5000  running_ppl=7.087
  pile 4551/5000  running_ppl=7.079
  pile 4601/5000  running_ppl=7.087
  pile 4651/5000  running_ppl=7.087
  pile 4701/5000  running_ppl=7.089
  pile 4751/5000  running_ppl=7.089
  pile 4801/5000  running_ppl=7.093
  pile 4851/5000  running_ppl=7.100
  pile 4901/5000  running_ppl=7.093
  pile 4951/5000  running_ppl=7.094
[M2c] clean pile_ppl=7.1039
[M2c] k= 1  tgt_drop=0.000  other_drop=-0.024  wk_drop=0.004
[M2c] k= 2  tgt_drop=0.081  other_drop=-0.077  wk_drop=0.000
[M2c] k= 3  tgt_drop=0.081  other_drop=-0.077  wk_drop=0.000
[M2c] k= 4  tgt_drop=0.101  other_drop=-0.081  wk_drop=0.004
[M2c] k= 5  tgt_drop=0.097  other_drop=-0.079  wk_drop=0.009
[M2c] k= 6  tgt_drop=0.099  other_drop=-0.079  wk_drop=0.013
[M2c] k= 7  tgt_drop=0.099  other_drop=-0.079  wk_drop=0.018
[M2c] k= 8  tgt_drop=0.099  other_drop=-0.081  wk_drop=0.018
[M2c] k= 9  tgt_drop=0.097  other_drop=-0.084  wk_drop=0.018
[M2c] k=10  tgt_drop=0.099  other_drop=-0.088  wk_drop=0.018
[M2c] k=11  tgt_drop=0.119  other_drop=-0.077  wk_drop=0.013
[M2c] k=12  tgt_drop=0.192  other_drop=-0.079  wk_drop=0.013
[M2c] k=13  accuracy criteria all pass → running Pile PPL …
  pile 1/5000  running_ppl=6.269
  pile 51/5000  running_ppl=7.064
  pile 101/5000  running_ppl=7.184
  pile 151/5000  running_ppl=7.285
  pile 201/5000  running_ppl=7.120
  pile 251/5000  running_ppl=7.200
  pile 301/5000  running_ppl=7.148
  pile 351/5000  running_ppl=7.094
  pile 401/5000  running_ppl=7.135
  pile 451/5000  running_ppl=7.071
  pile 501/5000  running_ppl=7.045
  pile 551/5000  running_ppl=7.139
  pile 601/5000  running_ppl=7.153
  pile 651/5000  running_ppl=7.181
  pile 701/5000  running_ppl=7.152
  pile 751/5000  running_ppl=7.168
  pile 801/5000  running_ppl=7.134
  pile 851/5000  running_ppl=7.117
  pile 901/5000  running_ppl=7.207
  pile 951/5000  running_ppl=7.212
  pile 1001/5000  running_ppl=7.219
  pile 1051/5000  running_ppl=7.236
  pile 1101/5000  running_ppl=7.267
  pile 1151/5000  running_ppl=7.258
  pile 1201/5000  running_ppl=7.297
  pile 1251/5000  running_ppl=7.292
  pile 1301/5000  running_ppl=7.264
  pile 1351/5000  running_ppl=7.295
  pile 1401/5000  running_ppl=7.282
  pile 1451/5000  running_ppl=7.286
  pile 1501/5000  running_ppl=7.284
  pile 1551/5000  running_ppl=7.285
  pile 1601/5000  running_ppl=7.280
  pile 1651/5000  running_ppl=7.292
  pile 1701/5000  running_ppl=7.307
  pile 1751/5000  running_ppl=7.303
  pile 1801/5000  running_ppl=7.292
  pile 1851/5000  running_ppl=7.277
  pile 1901/5000  running_ppl=7.265
  pile 1951/5000  running_ppl=7.270
  pile 2001/5000  running_ppl=7.287
  pile 2051/5000  running_ppl=7.271
  pile 2101/5000  running_ppl=7.279
  pile 2151/5000  running_ppl=7.275
  pile 2201/5000  running_ppl=7.260
  pile 2251/5000  running_ppl=7.262
  pile 2301/5000  running_ppl=7.245
  pile 2351/5000  running_ppl=7.243
  pile 2401/5000  running_ppl=7.252
  pile 2451/5000  running_ppl=7.274
  pile 2501/5000  running_ppl=7.292
  pile 2551/5000  running_ppl=7.280
  pile 2601/5000  running_ppl=7.277
  pile 2651/5000  running_ppl=7.268
  pile 2701/5000  running_ppl=7.259
  pile 2751/5000  running_ppl=7.273
  pile 2801/5000  running_ppl=7.268
  pile 2851/5000  running_ppl=7.271
  pile 2901/5000  running_ppl=7.273
  pile 2951/5000  running_ppl=7.278
  pile 3001/5000  running_ppl=7.280
  pile 3051/5000  running_ppl=7.290
  pile 3101/5000  running_ppl=7.277
  pile 3151/5000  running_ppl=7.276
  pile 3201/5000  running_ppl=7.275
  pile 3251/5000  running_ppl=7.278
  pile 3301/5000  running_ppl=7.270
  pile 3351/5000  running_ppl=7.285
  pile 3401/5000  running_ppl=7.283
  pile 3451/5000  running_ppl=7.291
  pile 3501/5000  running_ppl=7.288
  pile 3551/5000  running_ppl=7.300
  pile 3601/5000  running_ppl=7.326
  pile 3651/5000  running_ppl=7.327
  pile 3701/5000  running_ppl=7.327
  pile 3751/5000  running_ppl=7.314
  pile 3801/5000  running_ppl=7.317
  pile 3851/5000  running_ppl=7.314
  pile 3901/5000  running_ppl=7.317
  pile 3951/5000  running_ppl=7.304
  pile 4001/5000  running_ppl=7.293
  pile 4051/5000  running_ppl=7.290
  pile 4101/5000  running_ppl=7.284
  pile 4151/5000  running_ppl=7.272
  pile 4201/5000  running_ppl=7.255
  pile 4251/5000  running_ppl=7.247
  pile 4301/5000  running_ppl=7.251
  pile 4351/5000  running_ppl=7.256
  pile 4401/5000  running_ppl=7.259
  pile 4451/5000  running_ppl=7.247
  pile 4501/5000  running_ppl=7.251
  pile 4551/5000  running_ppl=7.243
  pile 4601/5000  running_ppl=7.251
  pile 4651/5000  running_ppl=7.252
  pile 4701/5000  running_ppl=7.254
  pile 4751/5000  running_ppl=7.254
  pile 4801/5000  running_ppl=7.258
  pile 4851/5000  running_ppl=7.265
  pile 4901/5000  running_ppl=7.258
  pile 4951/5000  running_ppl=7.259
[M2c] k=13  tgt_drop=0.452  other_drop=-0.093  wk_drop=0.018  ppl_ratio=1.023
[M2c] SMALLEST PASSING SET at k=13
[M2c] DONE  verdict=localized  head_set_size=13
