[M2c] 122 candidate heads (nonzero mass); max_heads_search=50
`torch_dtype` is deprecated! Use `dtype` instead!
[M2c] clean baseline accuracies …
[M2c] clean acc: tgt=0.7819 other=0.8590 wk=0.9251
[M2c] clean Pile PPL …
  pile 1/5000  running_ppl=7.008
  pile 51/5000  running_ppl=8.183
  pile 101/5000  running_ppl=8.340
  pile 151/5000  running_ppl=8.511
  pile 201/5000  running_ppl=8.289
  pile 251/5000  running_ppl=8.402
  pile 301/5000  running_ppl=8.334
  pile 351/5000  running_ppl=8.269
  pile 401/5000  running_ppl=8.317
  pile 451/5000  running_ppl=8.232
  pile 501/5000  running_ppl=8.197
  pile 551/5000  running_ppl=8.304
  pile 601/5000  running_ppl=8.316
  pile 651/5000  running_ppl=8.350
  pile 701/5000  running_ppl=8.310
  pile 751/5000  running_ppl=8.326
  pile 801/5000  running_ppl=8.276
  pile 851/5000  running_ppl=8.259
  pile 901/5000  running_ppl=8.367
  pile 951/5000  running_ppl=8.376
  pile 1001/5000  running_ppl=8.386
  pile 1051/5000  running_ppl=8.408
  pile 1101/5000  running_ppl=8.448
  pile 1151/5000  running_ppl=8.432
  pile 1201/5000  running_ppl=8.480
  pile 1251/5000  running_ppl=8.467
  pile 1301/5000  running_ppl=8.434
  pile 1351/5000  running_ppl=8.475
  pile 1401/5000  running_ppl=8.460
  pile 1451/5000  running_ppl=8.465
  pile 1501/5000  running_ppl=8.469
  pile 1551/5000  running_ppl=8.468
  pile 1601/5000  running_ppl=8.464
  pile 1651/5000  running_ppl=8.481
  pile 1701/5000  running_ppl=8.499
  pile 1751/5000  running_ppl=8.500
  pile 1801/5000  running_ppl=8.486
  pile 1851/5000  running_ppl=8.470
  pile 1901/5000  running_ppl=8.456
  pile 1951/5000  running_ppl=8.465
  pile 2001/5000  running_ppl=8.485
  pile 2051/5000  running_ppl=8.464
  pile 2101/5000  running_ppl=8.473
  pile 2151/5000  running_ppl=8.469
  pile 2201/5000  running_ppl=8.448
  pile 2251/5000  running_ppl=8.450
  pile 2301/5000  running_ppl=8.428
  pile 2351/5000  running_ppl=8.423
  pile 2401/5000  running_ppl=8.434
  pile 2451/5000  running_ppl=8.461
  pile 2501/5000  running_ppl=8.483
  pile 2551/5000  running_ppl=8.470
  pile 2601/5000  running_ppl=8.467
  pile 2651/5000  running_ppl=8.454
  pile 2701/5000  running_ppl=8.442
  pile 2751/5000  running_ppl=8.458
  pile 2801/5000  running_ppl=8.457
  pile 2851/5000  running_ppl=8.466
  pile 2901/5000  running_ppl=8.468
  pile 2951/5000  running_ppl=8.480
  pile 3001/5000  running_ppl=8.482
  pile 3051/5000  running_ppl=8.495
  pile 3101/5000  running_ppl=8.482
  pile 3151/5000  running_ppl=8.481
  pile 3201/5000  running_ppl=8.477
  pile 3251/5000  running_ppl=8.481
  pile 3301/5000  running_ppl=8.471
  pile 3351/5000  running_ppl=8.488
  pile 3401/5000  running_ppl=8.484
  pile 3451/5000  running_ppl=8.496
  pile 3501/5000  running_ppl=8.492
  pile 3551/5000  running_ppl=8.507
  pile 3601/5000  running_ppl=8.539
  pile 3651/5000  running_ppl=8.541
  pile 3701/5000  running_ppl=8.541
  pile 3751/5000  running_ppl=8.523
  pile 3801/5000  running_ppl=8.528
  pile 3851/5000  running_ppl=8.523
  pile 3901/5000  running_ppl=8.525
  pile 3951/5000  running_ppl=8.510
  pile 4001/5000  running_ppl=8.496
  pile 4051/5000  running_ppl=8.493
  pile 4101/5000  running_ppl=8.486
  pile 4151/5000  running_ppl=8.472
  pile 4201/5000  running_ppl=8.452
  pile 4251/5000  running_ppl=8.442
  pile 4301/5000  running_ppl=8.448
  pile 4351/5000  running_ppl=8.452
  pile 4401/5000  running_ppl=8.455
  pile 4451/5000  running_ppl=8.443
  pile 4501/5000  running_ppl=8.448
  pile 4551/5000  running_ppl=8.438
  pile 4601/5000  running_ppl=8.447
  pile 4651/5000  running_ppl=8.449
  pile 4701/5000  running_ppl=8.453
  pile 4751/5000  running_ppl=8.454
  pile 4801/5000  running_ppl=8.459
  pile 4851/5000  running_ppl=8.468
  pile 4901/5000  running_ppl=8.460
  pile 4951/5000  running_ppl=8.461
[M2c] clean pile_ppl=8.4721
[M2c] k= 1  tgt_drop=0.205  other_drop=-0.070  wk_drop=-0.004
[M2c] k= 2  tgt_drop=0.134  other_drop=-0.048  wk_drop=-0.004
[M2c] k= 3  accuracy criteria all pass → running Pile PPL …
  pile 1/5000  running_ppl=7.223
  pile 51/5000  running_ppl=8.383
  pile 101/5000  running_ppl=8.544
  pile 151/5000  running_ppl=8.719
  pile 201/5000  running_ppl=8.489
  pile 251/5000  running_ppl=8.599
  pile 301/5000  running_ppl=8.528
  pile 351/5000  running_ppl=8.464
  pile 401/5000  running_ppl=8.513
  pile 451/5000  running_ppl=8.426
  pile 501/5000  running_ppl=8.388
  pile 551/5000  running_ppl=8.498
  pile 601/5000  running_ppl=8.509
  pile 651/5000  running_ppl=8.545
  pile 701/5000  running_ppl=8.504
  pile 751/5000  running_ppl=8.519
  pile 801/5000  running_ppl=8.468
  pile 851/5000  running_ppl=8.449
  pile 901/5000  running_ppl=8.559
  pile 951/5000  running_ppl=8.568
  pile 1001/5000  running_ppl=8.579
  pile 1051/5000  running_ppl=8.600
  pile 1101/5000  running_ppl=8.642
  pile 1151/5000  running_ppl=8.625
  pile 1201/5000  running_ppl=8.674
  pile 1251/5000  running_ppl=8.661
  pile 1301/5000  running_ppl=8.627
  pile 1351/5000  running_ppl=8.670
  pile 1401/5000  running_ppl=8.654
  pile 1451/5000  running_ppl=8.658
  pile 1501/5000  running_ppl=8.663
  pile 1551/5000  running_ppl=8.662
  pile 1601/5000  running_ppl=8.659
  pile 1651/5000  running_ppl=8.675
  pile 1701/5000  running_ppl=8.694
  pile 1751/5000  running_ppl=8.695
  pile 1801/5000  running_ppl=8.681
  pile 1851/5000  running_ppl=8.663
  pile 1901/5000  running_ppl=8.650
  pile 1951/5000  running_ppl=8.658
  pile 2001/5000  running_ppl=8.678
  pile 2051/5000  running_ppl=8.657
  pile 2101/5000  running_ppl=8.667
  pile 2151/5000  running_ppl=8.663
  pile 2201/5000  running_ppl=8.641
  pile 2251/5000  running_ppl=8.644
  pile 2301/5000  running_ppl=8.621
  pile 2351/5000  running_ppl=8.615
  pile 2401/5000  running_ppl=8.626
  pile 2451/5000  running_ppl=8.654
  pile 2501/5000  running_ppl=8.676
  pile 2551/5000  running_ppl=8.663
  pile 2601/5000  running_ppl=8.659
  pile 2651/5000  running_ppl=8.646
  pile 2701/5000  running_ppl=8.634
  pile 2751/5000  running_ppl=8.650
  pile 2801/5000  running_ppl=8.648
  pile 2851/5000  running_ppl=8.658
  pile 2901/5000  running_ppl=8.660
  pile 2951/5000  running_ppl=8.672
  pile 3001/5000  running_ppl=8.675
  pile 3051/5000  running_ppl=8.688
  pile 3101/5000  running_ppl=8.675
  pile 3151/5000  running_ppl=8.673
  pile 3201/5000  running_ppl=8.669
  pile 3251/5000  running_ppl=8.674
  pile 3301/5000  running_ppl=8.663
  pile 3351/5000  running_ppl=8.680
  pile 3401/5000  running_ppl=8.677
  pile 3451/5000  running_ppl=8.689
  pile 3501/5000  running_ppl=8.684
  pile 3551/5000  running_ppl=8.699
  pile 3601/5000  running_ppl=8.732
  pile 3651/5000  running_ppl=8.735
  pile 3701/5000  running_ppl=8.734
  pile 3751/5000  running_ppl=8.716
  pile 3801/5000  running_ppl=8.721
  pile 3851/5000  running_ppl=8.716
  pile 3901/5000  running_ppl=8.718
  pile 3951/5000  running_ppl=8.702
  pile 4001/5000  running_ppl=8.688
  pile 4051/5000  running_ppl=8.685
  pile 4101/5000  running_ppl=8.679
  pile 4151/5000  running_ppl=8.664
  pile 4201/5000  running_ppl=8.643
  pile 4251/5000  running_ppl=8.633
  pile 4301/5000  running_ppl=8.639
  pile 4351/5000  running_ppl=8.644
  pile 4401/5000  running_ppl=8.647
  pile 4451/5000  running_ppl=8.634
  pile 4501/5000  running_ppl=8.639
  pile 4551/5000  running_ppl=8.629
  pile 4601/5000  running_ppl=8.639
  pile 4651/5000  running_ppl=8.641
  pile 4701/5000  running_ppl=8.645
  pile 4751/5000  running_ppl=8.647
  pile 4801/5000  running_ppl=8.652
  pile 4851/5000  running_ppl=8.661
  pile 4901/5000  running_ppl=8.653
  pile 4951/5000  running_ppl=8.654
[M2c] k= 3  tgt_drop=0.403  other_drop=-0.115  wk_drop=0.000  ppl_ratio=1.023
[M2c] SMALLEST PASSING SET at k=3
[M2c] DONE  verdict=localized  head_set_size=3
