[seqonly] windowed feats din=357 train_res=821826 val_res=181568 test_res=173912 (1s)
[seqonly] epoch 0 val_acc=0.491
[seqonly] epoch 1 val_acc=0.583
[seqonly] epoch 2 val_acc=0.608
[seqonly] epoch 3 val_acc=0.639
[seqonly] epoch 4 val_acc=0.648
[seqonly] epoch 5 val_acc=0.652
[seqonly] epoch 6 val_acc=0.652
[seqonly] epoch 7 val_acc=0.652
[seqonly] epoch 8 val_acc=0.652
[seqonly] epoch 9 val_acc=0.652
[seqonly] epoch 10 val_acc=0.652
[seqonly] epoch 11 val_acc=0.653
[seqonly] HELD-OUT test acc=0.652 helixF1=0.722 sheetF1=0.426 coilF1=0.646
[seqonly] scoring 2168 baseline + 2205 steered proteins ...
[seqonly] DONE (8s)
  predictor held-out(TEST) acc=0.652 helixF1=0.722 (val-early-stopped)
  NEW readout (seq-only GOR): baseline 0.444 -> steered 0.456  delta +0.0123 CI[0.0017,0.0228] perm_p=0.0179  (n 2168 vs 2205)
  ESM-2 probe (reference, same seqs): 0.239 -> 0.255 delta +0.0155 perm_p=0.0336
  Chou-Fasman Pa (secondary): 1.003 -> 1.003 delta +0.0004 perm_p=0.7721
  helix-fav residue freq (composition): 0.373 -> 0.372 delta -0.0012 perm_p=0.5493
  corr(new, ESM-2 probe) pooled = 0.516
