=== WAVE 1: QA_I real m1_top_k widening (4 runs) ===
[m2-iter1-qa] gpu=3 α=-3 source=m1_top_k
[m2-iter1-qa] gpu=4 α=-0.5 source=m1_top_k
[m2-iter1-qa] gpu=5 α=0.5 source=m1_top_k
[m2-iter1-qa] gpu=6 α=3 source=m1_top_k
=== WAVE 2: QA_I random_matched widening (4 runs) ===
[m2-iter1-qa] gpu=3 α=-3 source=random_matched
[m2-iter1-qa] gpu=4 α=-0.5 source=random_matched
[m2-iter1-qa] gpu=5 α=0.5 source=random_matched
[m2-iter1-qa] gpu=6 α=3 source=random_matched
=== WAVE 3: MMLU real m1_top_k (5 runs) ===
[m2-iter1-mmlu] gpu=3 α=-3 source=m1_top_k
[m2-iter1-mmlu] gpu=4 α=-2 source=m1_top_k
[m2-iter1-mmlu] gpu=5 α=-1 source=m1_top_k
[m2-iter1-mmlu] gpu=6 α=-0.5 source=m1_top_k
[m2-iter1-mmlu] gpu=7 α=0 source=m1_top_k
=== WAVE 4: MMLU real m1_top_k (4 runs) ===
[m2-iter1-mmlu] gpu=3 α=0.5 source=m1_top_k
[m2-iter1-mmlu] gpu=4 α=1 source=m1_top_k
[m2-iter1-mmlu] gpu=5 α=2 source=m1_top_k
[m2-iter1-mmlu] gpu=6 α=3 source=m1_top_k
=== WAVE 5: MMLU random_matched (5 runs) ===
[m2-iter1-mmlu] gpu=3 α=-3 source=random_matched
[m2-iter1-mmlu] gpu=4 α=-2 source=random_matched
[m2-iter1-mmlu] gpu=5 α=-1 source=random_matched
[m2-iter1-mmlu] gpu=6 α=-0.5 source=random_matched
[m2-iter1-mmlu] gpu=7 α=0.5 source=random_matched
=== WAVE 6: MMLU random_matched (3 runs) ===
[m2-iter1-mmlu] gpu=3 α=1 source=random_matched
[m2-iter1-mmlu] gpu=4 α=2 source=random_matched
[m2-iter1-mmlu] gpu=5 α=3 source=random_matched
=== M2 iteration-1 dispatch done ===
