[transformers] The fast path is not available because one of the required library is not installed. Falling back to torch implementation. To install follow https://github.com/fla-org/flash-linear-attention#installation and https://github.com/Dao-AILab/causal-conv1d
[m2] shape=steering source=m1_top_k layer=4 α=-2.0 n_todo=27
[m2] loading multimodal base on cuda:0 (bf16)
Loading weights:   0%|          | 0/760 [00:00<?, ?it/s]Loading weights:  18%|█▊        | 134/760 [00:00<00:00, 1317.36it/s]Loading weights:  35%|███▌      | 268/760 [00:00<00:00, 1323.33it/s]Loading weights:  53%|█████▎    | 401/760 [00:00<00:00, 1295.50it/s]Loading weights:  78%|███████▊  | 591/760 [00:00<00:00, 1527.68it/s]Loading weights: 100%|██████████| 760/760 [00:00<00:00, 1565.84it/s]
Traceback (most recent call last):
  File "/data/zhenqian/exp/subliminal/multi_modal/multi_modal5/scripts/mechanism_m2_intervene.py", line 358, in <module>
    sys.exit(main() or 0)
             ^^^^^^
  File "/data/zhenqian/exp/subliminal/multi_modal/multi_modal5/scripts/mechanism_m2_intervene.py", line 244, in main
    ).to("cuda:0")
      ^^^^^^^^^^^^
  File "/data/zhenqian/miniconda3/envs/subliminal_mm/lib/python3.11/site-packages/transformers/modeling_utils.py", line 3761, in to
    return super().to(*args, **kwargs)
           ^^^^^^^^^^^^^^^^^^^^^^^^^^^
  File "/data/zhenqian/miniconda3/envs/subliminal_mm/lib/python3.11/site-packages/torch/nn/modules/module.py", line 1383, in to
    return self._apply(convert)
           ^^^^^^^^^^^^^^^^^^^^
  File "/data/zhenqian/miniconda3/envs/subliminal_mm/lib/python3.11/site-packages/torch/nn/modules/module.py", line 933, in _apply
    module._apply(fn)
  File "/data/zhenqian/miniconda3/envs/subliminal_mm/lib/python3.11/site-packages/torch/nn/modules/module.py", line 964, in _apply
    param_applied = fn(param)
                    ^^^^^^^^^
  File "/data/zhenqian/miniconda3/envs/subliminal_mm/lib/python3.11/site-packages/torch/nn/modules/module.py", line 1369, in convert
    return t.to(
           ^^^^^
torch.OutOfMemoryError: CUDA out of memory. Tried to allocate 1.89 GiB. GPU 0 has a total capacity of 79.25 GiB of which 1.47 GiB is free. Process 2453454 has 21.57 GiB memory in use. Process 64193 has 20.54 GiB memory in use. Including non-PyTorch memory, this process has 16.10 GiB memory in use. Process 2879947 has 3.25 GiB memory in use. Process 2879945 has 3.25 GiB memory in use. Process 2879944 has 3.25 GiB memory in use. Process 2879948 has 3.25 GiB memory in use. Process 2879943 has 3.25 GiB memory in use. Process 2879946 has 3.25 GiB memory in use. Of the allocated memory 15.64 GiB is allocated by PyTorch, and 51.26 MiB is reserved by PyTorch but unallocated. If reserved but unallocated memory is large try setting PYTORCH_CUDA_ALLOC_CONF=expandable_segments:True to avoid fragmentation.  See documentation for Memory Management  (https://docs.pytorch.org/docs/stable/notes/cuda.html#optimizing-memory-usage-with-pytorch-cuda-alloc-conf)
